 quadtestmodel_sfun

 Timestamp is 519381a3 (Wed May 15 13:37:55 2013)

 Preferred load address is 0000000180000000

 Start         Length     Name                   Class
 0001:00000000 00041404H .text                   CODE
 0001:00041410 00000092H .text$x                 CODE
 0002:00000000 000004b0H .idata$5                DATA
 0002:000004b0 00000008H .CRT$XCA                DATA
 0002:000004b8 00000008H .CRT$XCZ                DATA
 0002:000004c0 00000008H .CRT$XIA                DATA
 0002:000004c8 00000008H .CRT$XIAA               DATA
 0002:000004d0 00000008H .CRT$XIZ                DATA
 0002:000004e0 00004b2cH .rdata                  DATA
 0002:00005010 00000008H .rtc$IAA                DATA
 0002:00005018 00000008H .rtc$IZZ                DATA
 0002:00005020 00000008H .rtc$TAA                DATA
 0002:00005028 00000008H .rtc$TZZ                DATA
 0002:00005030 00004414H .xdata                  DATA
 0002:00009444 000000b4H .idata$2                DATA
 0002:000094f8 00000014H .idata$3                DATA
 0002:00009510 000004b0H .idata$4                DATA
 0002:000099c0 00000af0H .idata$6                DATA
 0002:0000a4b0 00000058H .edata                  DATA
 0003:00000000 00003fa8H .data                   DATA
 0003:00003fc0 00002438H .bss                    DATA
 0004:00000000 0000336cH .pdata                  DATA

  Address         Publics by Value              Rva+Base               Lib:Object

 0000:00000000       ___safe_se_handler_table   0000000000000000     <absolute>
 0000:00000000       ___safe_se_handler_count   0000000000000000     <absolute>
 0000:00000000       __ImageBase                0000000180000000     <linker-defined>
 0001:00000000       sf_c2_quadtestmodel_get_eml_resolved_functions_info 0000000180001000 f   c2_quadtestmodel.obj
 0001:000020b0       sf_c2_quadtestmodel_get_check_sum 00000001800030b0 f   c2_quadtestmodel.obj
 0001:00002130       sf_c2_quadtestmodel_get_autoinheritance_info 0000000180003130 f   c2_quadtestmodel.obj
 0001:00002a70       sf_c2_quadtestmodel_third_party_uses_info 0000000180003a70 f   c2_quadtestmodel.obj
 0001:00002aa0       sf_internal_get_sim_state_c2_quadtestmodel 0000000180003aa0 f   c2_quadtestmodel.obj
 0001:000033d0       sf_internal_set_sim_state_c2_quadtestmodel 00000001800043d0 f   c2_quadtestmodel.obj
 0001:00004200       c2_quadtestmodel_method_dispatcher 0000000180005200 f   c2_quadtestmodel.obj
 0001:0000f290       sf_process_check_sum_call  0000000180010290 f   quadtestmodel_sfun_registry.obj
 0001:0000f2e0       sf_process_autoinheritance_call 00000001800102e0 f   quadtestmodel_sfun_registry.obj
 0001:0000f480       sf_process_get_third_party_uses_info_call 0000000180010480 f   quadtestmodel_sfun_registry.obj
 0001:0000f620       sf_process_get_eml_resolved_functions_info_call 0000000180010620 f   quadtestmodel_sfun_registry.obj
 0001:0000f7a0       sf_mex_unlock_call         00000001800107a0 f   quadtestmodel_sfun_registry.obj
 0001:0000f850       sf_machine_global_initializer_called 0000000180010850 f   quadtestmodel_sfun_registry.obj
 0001:0000f880       sf_machine_global_method_dispatcher 0000000180010880 f   quadtestmodel_sfun_registry.obj
 0001:0000f8e0       sf_machine_global_terminator 00000001800108e0 f   quadtestmodel_sfun_registry.obj
 0001:0000f930       sf_register_machine_exported_symbols 0000000180010930 f   quadtestmodel_sfun_registry.obj
 0001:0000f950       callCustomFcn              0000000180010950 f   quadtestmodel_sfun_registry.obj
 0001:0000f960       sf_machine_global_initializer 0000000180010960 f   quadtestmodel_sfun_registry.obj
 0001:0000f9e0       _ssSetStateAbsTol          00000001800109e0 f   quadtestmodel_sfun_registry.obj
 0001:0000fac0       _ssGetAbsTol               0000000180010ac0 f   quadtestmodel_sfun_registry.obj
 0001:0000fb30       _ssSetInputPortMatrixDimensions 0000000180010b30 f   quadtestmodel_sfun_registry.obj
 0001:0000fc40       _ssSetOutputPortMatrixDimensions 0000000180010c40 f   quadtestmodel_sfun_registry.obj
 0001:0000fd50       _ssSetInputPortVectorDimension 0000000180010d50 f   quadtestmodel_sfun_registry.obj
 0001:0000fe20       _ssSetOutputPortVectorDimension 0000000180010e20 f   quadtestmodel_sfun_registry.obj
 0001:0000fef0       ssIsRunTimeParamTunable    0000000180010ef0 f   quadtestmodel_sfun_registry.obj
 0001:0000ff60       ssGetSFuncBlockHandle      0000000180010f60 f   quadtestmodel_sfun_registry.obj
 0001:0000ffd0       _ssGetCurrentInputPortWidth 0000000180010fd0 f   quadtestmodel_sfun_registry.obj
 0001:000100f0       _ssGetCurrentOutputPortWidth 00000001800110f0 f   quadtestmodel_sfun_registry.obj
 0001:00010210       _ssGetCallSystemNumFcnCallDestinations 0000000180011210 f   quadtestmodel_sfun_registry.obj
 0001:00010280       ssWarning                  0000000180011280 f   quadtestmodel_sfun_registry.obj
 0001:00010390       ssGetIsZeroCrossControlDisabled 0000000180011390 f   quadtestmodel_sfun_registry.obj
 0001:00010400       ssSetIsInputPortUsedForContZcSignal 0000000180011400 f   quadtestmodel_sfun_registry.obj
 0001:00010470       ssSetZcSignalIsZcElementDisc 0000000180011470 f   quadtestmodel_sfun_registry.obj
 0001:00010520       ssSetZcSignalName          0000000180011520 f   quadtestmodel_sfun_registry.obj
 0001:00010590       ssSetZcSignalWidth         0000000180011590 f   quadtestmodel_sfun_registry.obj
 0001:00010600       ssSetZcSignalZcEventType   0000000180011600 f   quadtestmodel_sfun_registry.obj
 0001:00010670       ssSetZcSignalType          0000000180011670 f   quadtestmodel_sfun_registry.obj
 0001:000106e0       ssSetZcSignalZcTol         00000001800116e0 f   quadtestmodel_sfun_registry.obj
 0001:00010750       ssSetZcSignalNeedsEventNotification 0000000180011750 f   quadtestmodel_sfun_registry.obj
 0001:000107c0       ssCreateAndAddZcSignalInfo 00000001800117c0 f   quadtestmodel_sfun_registry.obj
 0001:00010830       ssCloneAndAddZcSignalInfo  0000000180011830 f   quadtestmodel_sfun_registry.obj
 0001:000108a0       ssGetNumZcSignals          00000001800118a0 f   quadtestmodel_sfun_registry.obj
 0001:00010910       ssGetZcSignalVector        0000000180011910 f   quadtestmodel_sfun_registry.obj
 0001:00010980       ssGetZcSignalZcEvents      0000000180011980 f   quadtestmodel_sfun_registry.obj
 0001:000109f0       ssGetZcSignalName          00000001800119f0 f   quadtestmodel_sfun_registry.obj
 0001:00010a60       ssGetZcSignalWidth         0000000180011a60 f   quadtestmodel_sfun_registry.obj
 0001:00010ad0       ssGetZcSignalZcEventType   0000000180011ad0 f   quadtestmodel_sfun_registry.obj
 0001:00010b40       ssGetZcSignalType          0000000180011b40 f   quadtestmodel_sfun_registry.obj
 0001:00010bb0       ssGetZcSignalZcTol         0000000180011bb0 f   quadtestmodel_sfun_registry.obj
 0001:00010c30       ssGetZcSignalNeedsEventNotification 0000000180011c30 f   quadtestmodel_sfun_registry.obj
 0001:00010ca0       ssGetZcSignalIsZcElementDisc 0000000180011ca0 f   quadtestmodel_sfun_registry.obj
 0001:00010d40       ssGetIsInputPortElementContinuous 0000000180011d40 f   quadtestmodel_sfun_registry.obj
 0001:00010de0       _ssGetInputPortSignalPtrsFcn 0000000180011de0 f   quadtestmodel_sfun_registry.obj
 0001:000110a0       _ssGetInputPortSignalFcn   00000001800120a0 f   quadtestmodel_sfun_registry.obj
 0001:000112c0       _ssSetInputPortDirectFeedThroughFcn 00000001800122c0 f   quadtestmodel_sfun_registry.obj
 0001:00011420       _ssSetInputPortReusableFcn 0000000180012420 f   quadtestmodel_sfun_registry.obj
 0001:00011510       _ssSetOutputPortReusableFcn 0000000180012510 f   quadtestmodel_sfun_registry.obj
 0001:000115f0       ssGetDTypeIdFromMxArray    00000001800125f0 f   quadtestmodel_sfun_registry.obj
 0001:00011710       ssWriteRTWStr              0000000180012710 f   quadtestmodel_sfun_registry.obj
 0001:00011770       ssWriteRTWMxVectParam      0000000180012770 f   quadtestmodel_sfun_registry.obj
 0001:000117d0       ssWriteRTWMx2dMatParam     00000001800127d0 f   quadtestmodel_sfun_registry.obj
 0001:00011850       ssWriteRTWNameValuePair    0000000180012850 f   quadtestmodel_sfun_registry.obj
 0001:00011d40       ssWriteRTWParameters       0000000180012d40 f   quadtestmodel_sfun_registry.obj
 0001:00012340       ssWriteRTWParamSettings    0000000180013340 f   quadtestmodel_sfun_registry.obj
 0001:00012a10       ssWriteRTWWorkVect         0000000180013a10 f   quadtestmodel_sfun_registry.obj
 0001:00012f10       mexFunction                0000000180013f10 f   quadtestmodel_sfun_registry.obj
 0001:00014c40       ProcessMexSfunctionEveryCall 0000000180015c40 f   quadtestmodel_sfun_registry.obj
 0001:00014db0       quadtestmodel_initializer  0000000180015db0 f   quadtestmodel_sfun.obj
 0001:00014dc0       quadtestmodel_terminator   0000000180015dc0 f   quadtestmodel_sfun.obj
 0001:00014dd0       sf_quadtestmodel_method_dispatcher 0000000180015dd0 f   quadtestmodel_sfun.obj
 0001:00014e20       sf_quadtestmodel_process_check_sum_call 0000000180015e20 f   quadtestmodel_sfun.obj
 0001:00015230       sf_quadtestmodel_autoinheritance_info 0000000180016230 f   quadtestmodel_sfun.obj
 0001:000153a0       sf_quadtestmodel_get_eml_resolved_functions_info 00000001800163a0 f   quadtestmodel_sfun.obj
 0001:000154d0       sf_quadtestmodel_third_party_uses_info 00000001800164d0 f   quadtestmodel_sfun.obj
 0001:00015620       quadtestmodel_debug_initialize 0000000180016620 f   quadtestmodel_sfun.obj
 0001:000156a0       quadtestmodel_register_exported_symbols 00000001800166a0 f   quadtestmodel_sfun.obj
 0001:000156b0       load_quadtestmodel_optimization_info 00000001800166b0 f   quadtestmodel_sfun.obj
 0001:00015700       unload_quadtestmodel_optimization_info 0000000180016700 f   quadtestmodel_sfun.obj
 0001:00015820       sf_mex_mx_is_numeric       0000000180016820 f   sfc_mex:sfc_mex.obj
 0001:00015860       strcmp_ignore_ws           0000000180016860 f   sfc_mex:sfc_mex.obj
 0001:000159a0       sf_mex_duplicatearraysafe  00000001800169a0 f   sfc_mex:sfc_mex.obj
 0001:00015b00       sf_set_error_debugger_context_message_fcn 0000000180016b00 f   sfc_mex:sfc_mex.obj
 0001:00015b10       sf_set_debugger_matlab_error_fcn 0000000180016b10 f   sfc_mex:sfc_mex.obj
 0001:00015b50       sf_set_error_prefix_string 0000000180016b50 f   sfc_mex:sfc_mex.obj
 0001:00015b80       sf_get_error_prefix_string 0000000180016b80 f   sfc_mex:sfc_mex.obj
 0001:00015b90       sf_mex_enter_parallel_region 0000000180016b90 f   sfc_mex:sfc_mex.obj
 0001:00015ba0       sf_mex_exit_parallel_region 0000000180016ba0 f   sfc_mex:sfc_mex.obj
 0001:00015bb0       sf_get_current_jmp_buf_ptr 0000000180016bb0 f   sfc_mex:sfc_mex.obj
 0001:00015bc0       sf_set_current_jmp_buf_ptr 0000000180016bc0 f   sfc_mex:sfc_mex.obj
 0001:00015bd0       sf_mex_set_halt_simulation 0000000180016bd0 f   sfc_mex:sfc_mex.obj
 0001:00015be0       sf_mex_get_halt_simulation 0000000180016be0 f   sfc_mex:sfc_mex.obj
 0001:00015bf0       sf_mex_clear_error_message 0000000180016bf0 f   sfc_mex:sfc_mex.obj
 0001:00015c10       sf_mex_get_error_message_for_read 0000000180016c10 f   sfc_mex:sfc_mex.obj
 0001:00015c20       sf_mex_get_error_message_buffer_length 0000000180016c20 f   sfc_mex:sfc_mex.obj
 0001:00015d00       sf_mex_warning_message     0000000180016d00 f   sfc_mex:sfc_mex.obj
 0001:00015d70       sf_mex_v_errbuf_createf    0000000180016d70 f   sfc_mex:sfc_mex.obj
 0001:00015d80       sf_mex_errbuf_createf      0000000180016d80 f   sfc_mex:sfc_mex.obj
 0001:00015db0       sf_mex_v_errbuf_catf       0000000180016db0 f   sfc_mex:sfc_mex.obj
 0001:00015df0       sf_mex_errbuf_catf         0000000180016df0 f   sfc_mex:sfc_mex.obj
 0001:00015e40       sf_mex_errbuf_copy         0000000180016e40 f   sfc_mex:sfc_mex.obj
 0001:00015e50       sf_mex_errbuf_clear        0000000180016e50 f   sfc_mex:sfc_mex.obj
 0001:00015e60       sf_mex_errbuf_isempty      0000000180016e60 f   sfc_mex:sfc_mex.obj
 0001:00015f60       sf_mex_set_error_status    0000000180016f60 f   sfc_mex:sfc_mex.obj
 0001:00015fb0       sf_mex_error_direct_call   0000000180016fb0 f   sfc_mex:sfc_mex.obj
 0001:00015fd0       sf_mex_error_message_no_long_jump 0000000180016fd0 f   sfc_mex:sfc_mex.obj
 0001:00015ff0       sf_mex_long_jump_on_error  0000000180016ff0 f   sfc_mex:sfc_mex.obj
 0001:00016020       sf_mex_call_matlab         0000000180017020 f   sfc_mex:sfc_mex.obj
 0001:00016140       sf_mex_check_builtin       0000000180017140 f   sfc_mex:sfc_mex.obj
 0001:000161e0       sf_mex_check_builtin_vs    00000001800171e0 f   sfc_mex:sfc_mex.obj
 0001:000162a0       sf_mex_check_enum          00000001800172a0 f   sfc_mex:sfc_mex.obj
 0001:00016320       sf_mex_create_enum         0000000180017320 f   sfc_mex:sfc_mex.obj
 0001:00016390       sf_mex_get_enum_element    0000000180017390 f   sfc_mex:sfc_mex.obj
 0001:000163a0       sf_mex_createcellarray     00000001800173a0 f   sfc_mex:sfc_mex.obj
 0001:000163b0       sf_mex_setcell             00000001800173b0 f   sfc_mex:sfc_mex.obj
 0001:000163c0       sf_mex_getcell             00000001800173c0 f   sfc_mex:sfc_mex.obj
 0001:000163d0       sf_mex_dup                 00000001800173d0 f   sfc_mex:sfc_mex.obj
 0001:000163f0       sf_mex_assign              00000001800173f0 f   sfc_mex:sfc_mex.obj
 0001:00016470       sf_mex_destroy             0000000180017470 f   sfc_mex:sfc_mex.obj
 0001:000164a0       mx_array_has_fi_type       00000001800174a0 f   sfc_mex:sfc_mex.obj
 0001:000164d0       sf_mex_convert_from_fi     00000001800174d0 f   sfc_mex:sfc_mex.obj
 0001:00016600       sf_mex_convert_to_double   0000000180017600 f   sfc_mex:sfc_mex.obj
 0001:00016720       sf_mex_import_fi_vs        0000000180017720 f   sfc_mex:sfc_mex.obj
 0001:00016950       sf_matrix_matrix_index_ok  0000000180017950 f   sfc_mex:sfc_mex.obj
 0001:000169e0       sf_vector_vector_index_ok  00000001800179e0 f   sfc_mex:sfc_mex.obj
 0001:00016a10       ssGetCurrentInputPortDimensions_wrapper 0000000180017a10 f   sfc_mex:sfc_mex.obj
 0001:00016a30       ssGetCurrentOutputPortDimensions_wrapper 0000000180017a30 f   sfc_mex:sfc_mex.obj
 0001:00016a50       sf_mex_emlrt_context_is_debug_mode 0000000180017a50 f   sfc_mex:sfc_mex.obj
 0001:00016a60       sf_mex_emlrt_context_set_debug_mode 0000000180017a60 f   sfc_mex:sfc_mex.obj
 0001:00016a70       sf_mex_emlrtNameCapturePostProcessR2012a 0000000180017a70 f   sfc_mex:sfc_mex.obj
 0001:00016ae0       sf_clear_error_manager_info 0000000180017ae0 f   sfc_mex:sfc_mex.obj
 0001:00016b40       sf_mex_stop_simulation_abruptly_wo_error 0000000180017b40 f   sfc_mex:sfc_mex.obj
 0001:00016b80       sf_mex_error_message       0000000180017b80 f   sfc_mex:sfc_mex.obj
 0001:00016bf0       sf_react_to_error_in_matlab_call 0000000180017bf0 f   sfc_mex:sfc_mex.obj
 0001:00016c20       sf_mex_addfield            0000000180017c20 f   sfc_mex:sfc_mex.obj
 0001:00016cc0       sf_mex_getfield            0000000180017cc0 f   sfc_mex:sfc_mex.obj
 0001:00016fc0       sf_mex_check_class         0000000180017fc0 f   sfc_mex:sfc_mex.obj
 0001:00017060       sf_mex_is_real             0000000180018060 f   sfc_mex:sfc_mex.obj
 0001:000174d0       sf_mex_decode_encoded_mx_struct_array 00000001800184d0 f   sfc_mex:sfc_mex.obj
 0001:000177c0       sf_mex_lw_bounds_check     00000001800187c0 f   sfc_mex:sfc_mex.obj
 0001:000177f0       sf_mex_lw_size_eq_check_1d 00000001800187f0 f   sfc_mex:sfc_mex.obj
 0001:00017810       sf_mex_lw_size_eq_check_nd 0000000180018810 f   sfc_mex:sfc_mex.obj
 0001:000179f0       sf_mex_lw_dim_size_eq_check 00000001800189f0 f   sfc_mex:sfc_mex.obj
 0001:00017a20       sf_mex_lw_dim_size_geq_check 0000000180018a20 f   sfc_mex:sfc_mex.obj
 0001:00017a50       sf_mex_lw_sub_assign_size_check_nd 0000000180018a50 f   sfc_mex:sfc_mex.obj
 0001:00017c20       sf_mex_lw_runtime_error_msgid 0000000180018c20 f   sfc_mex:sfc_mex.obj
 0001:00017d10       sf_mex_lw_matrix_matrix_index_check 0000000180018d10 f   sfc_mex:sfc_mex.obj
 0001:00017d30       sf_mex_lw_vector_vector_index_check 0000000180018d30 f   sfc_mex:sfc_mex.obj
 0001:00017d70       sf_mex_lw_for_loop_vector_check 0000000180018d70 f   sfc_mex:sfc_mex.obj
 0001:00017e00       sf_mex_lw_non_negative_check 0000000180018e00 f   sfc_mex:sfc_mex.obj
 0001:00017e40       sf_mex_overflow_error      0000000180018e40 f   sfc_mex:sfc_mex.obj
 0001:00017e50       sf_mex_dividebyzero_error  0000000180018e50 f   sfc_mex:sfc_mex.obj
 0001:00017e60       sf_mex_unsafe_enum_error   0000000180018e60 f   sfc_mex:sfc_mex.obj
 0001:00017e70       sf_emlrtErrHandler         0000000180018e70 f   sfc_mex:sfc_mex.obj
 0001:00017f50       sf_mex_size_one_check      0000000180018f50 f   sfc_mex:sfc_mex.obj
 0001:00017f70       sf_mex_printf              0000000180018f70 f   sfc_mex:sfc_mex.obj
 0001:00018140       sf_mex_check_size          0000000180019140 f   sfc_mex:sfc_mex.obj
 0001:000183e0       sf_mex_check_struct        00000001800193e0 f   sfc_mex:sfc_mex.obj
 0001:00018640       sf_mex_check_struct_vs     0000000180019640 f   sfc_mex:sfc_mex.obj
 0001:000186d0       sf_mex_check_fi            00000001800196d0 f   sfc_mex:sfc_mex.obj
 0001:000187d0       sf_mex_check_fi_vs         00000001800197d0 f   sfc_mex:sfc_mex.obj
 0001:00018870       sf_echo_expression         0000000180019870 f   sfc_mex:sfc_mex.obj
 0001:000188d0       sf_assertion_failed        00000001800198d0 f   sfc_mex:sfc_mex.obj
 0001:00018bb0       sf_mex_evalin              0000000180019bb0 f   sfc_mex:sfc_mex.obj
 0001:00018e20       sf_mex_export              0000000180019e20 f   sfc_mex:sfc_mex.obj
 0001:00018ee0       sf_mex_get_ml_var_no_error 0000000180019ee0 f   sfc_mex:sfc_mex.obj
 0001:00019080       sf_mex_get_ml_var          000000018001a080 f   sfc_mex:sfc_mex.obj
 0001:00019510       ml_set_element_value_in_array 000000018001a510 f   sfc_mex:sfc_mex.obj
 0001:0001a5d0       sf_mex_call_impl           000000018001b5d0 f   sfc_mex:sfc_mex.obj
 0001:0001a9f0       sf_mex_call_debug          000000018001b9f0 f   sfc_mex:sfc_mex.obj
 0001:0001aa20       sf_mex_call                000000018001ba20 f   sfc_mex:sfc_mex.obj
 0001:0001b070       sf_mex_createstruct        000000018001c070 f   sfc_mex:sfc_mex.obj
 0001:0001b180       sf_mex_createstructarray   000000018001c180 f   sfc_mex:sfc_mex.obj
 0001:0001b200       sf_mex_get_mx_datatype_from_sf_datatype 000000018001c200 f   sfc_mex:sfc_mex.obj
 0001:0001b510       sf_mex_ml_var_sub          000000018001c510 f   sfc_mex:sfc_mex.obj
 0001:0001b6f0       sf_mex_ml_var_subsasgn     000000018001c6f0 f   sfc_mex:sfc_mex.obj
 0001:0001baf0       sf_mex_sub                 000000018001caf0 f   sfc_mex:sfc_mex.obj
 0001:0001bd00       sf_mex_subsasgn            000000018001cd00 f   sfc_mex:sfc_mex.obj
 0001:0001c210       sf_mex_create              000000018001d210 f   sfc_mex:sfc_mex.obj
 0001:0001cbb0       sf_mex_import_named        000000018001dbb0 f   sfc_mex:sfc_mex.obj
 0001:0001cc10       sf_mex_import              000000018001dc10 f   sfc_mex:sfc_mex.obj
 0001:0001cc60       sf_mex_import_vs           000000018001dc60 f   sfc_mex:sfc_mex.obj
 0001:0001cd70       sf_mex_lower_fixpt_mx_array 000000018001dd70 f   sfc_mex:sfc_mex.obj
 0001:0001d070       sf_send_message_wrapper    000000018001e070 f   sfc_mex:sfc_sf.obj
 0001:0001d0a0       sf_receive_message_wrapper 000000018001e0a0 f   sfc_mex:sfc_sf.obj
 0001:0001d0e0       sf_check_out_message_wrapper 000000018001e0e0 f   sfc_mex:sfc_sf.obj
 0001:0001d120       sf_check_in_message_wrapper 000000018001e120 f   sfc_mex:sfc_sf.obj
 0001:0001d160       sf_no_message_wrapper      000000018001e160 f   sfc_mex:sfc_sf.obj
 0001:0001d4f0       sim_mode_is_rtw_gen        000000018001e4f0 f   sfc_mex:sfc_sf.obj
 0001:0001d520       sim_mode_is_external       000000018001e520 f   sfc_mex:sfc_sf.obj
 0001:0001d530       sim_mode_is_modelref_sim   000000018001e530 f   sfc_mex:sfc_sf.obj
 0001:0001d550       mdlInitializeSizes         000000018001e550 f   sfc_mex:sfc_sf.obj
 0001:0001d570       mdlInitializeSampleTimes   000000018001e570 f   sfc_mex:sfc_sf.obj
 0001:0001d5b0       mdlZeroCrossings           000000018001e5b0 f   sfc_mex:sfc_sf.obj
 0001:0001d6a0       mdlDerivatives             000000018001e6a0 f   sfc_mex:sfc_sf.obj
 0001:0001d760       mdl_initialize_conditions_processing 000000018001e760 f   sfc_mex:sfc_sf.obj
 0001:0001d790       mdlInitializeConditions    000000018001e790 f   sfc_mex:sfc_sf.obj
 0001:0001d850       mdlGetSimState             000000018001e850 f   sfc_mex:sfc_sf.obj
 0001:0001d860       mdlSetSimState             000000018001e860 f   sfc_mex:sfc_sf.obj
 0001:0001d870       mdl_ext_mode_exec_processing 000000018001e870 f   sfc_mex:sfc_sf.obj
 0001:0001d890       mdlExtModeExec             000000018001e890 f   sfc_mex:sfc_sf.obj
 0001:0001da30       mdlTerminate               000000018001ea30 f   sfc_mex:sfc_sf.obj
 0001:0001daa0       mdlRTW                     000000018001eaa0 f   sfc_mex:sfc_sf.obj
 0001:0001dad0       mdlSetWorkWidths           000000018001ead0 f   sfc_mex:sfc_sf.obj
 0001:0001dae0       mdlProcessParameters       000000018001eae0 f   sfc_mex:sfc_sf.obj
 0001:0001daf0       mdl_start_processing       000000018001eaf0 f   sfc_mex:sfc_sf.obj
 0001:0001db50       mdlStart                   000000018001eb50 f   sfc_mex:sfc_sf.obj
 0001:0001dc60       mdlEnable                  000000018001ec60 f   sfc_mex:sfc_sf.obj
 0001:0001dd40       mdlDisable                 000000018001ed40 f   sfc_mex:sfc_sf.obj
 0001:0001de00       sf_get_chart_instance_ptr  000000018001ee00 f   sfc_mex:sfc_sf.obj
 0001:0001de20       sf_load_rtw_optimization_info 000000018001ee20 f   sfc_mex:sfc_sf.obj
 0001:0001def0       sf_update_buildInfo        000000018001eef0 f   sfc_mex:sfc_sf.obj
 0001:0001dff0       sf_rtw_info_uint_prop      000000018001eff0 f   sfc_mex:sfc_sf.obj
 0001:0001e130       sf_is_chart_inlinable      000000018001f130 f   sfc_mex:sfc_sf.obj
 0001:0001e150       sf_mark_output_events_with_multiple_callers 000000018001f150 f   sfc_mex:sfc_sf.obj
 0001:0001e2e0       sf_mark_chart_reusable_outputs 000000018001f2e0 f   sfc_mex:sfc_sf.obj
 0001:0001e540       sf_mark_chart_expressionable_inputs 000000018001f540 f   sfc_mex:sfc_sf.obj
 0001:0001e7a0       sf_get_subchart_simstruct  000000018001f7a0 f   sfc_mex:sfc_sf.obj
 0001:0001e7f0       sf_get_fixpt_data_type_id  000000018001f7f0 f   sfc_mex:sfc_sf.obj
 0001:0001e830       sf_get_enum_data_type_id   000000018001f830 f   sfc_mex:sfc_sf.obj
 0001:0001e870       sf_get_param_data_type_id  000000018001f870 f   sfc_mex:sfc_sf.obj
 0001:0001e8a0       sf_mex_listen_for_ctrl_c_force 000000018001f8a0 f   sfc_mex:sfc_sf.obj
 0001:0001e9b0       sf_mex_draw_now            000000018001f9b0 f   sfc_mex:sfc_sf.obj
 0001:0001e9f0       sf_mex_set_debugger_sim_status_listener_fcn 000000018001f9f0 f   sfc_mex:sfc_sf.obj
 0001:0001ea00       sf_mex_listen_for_ctrl_c   000000018001fa00 f   sfc_mex:sfc_sf.obj
 0001:0001eaa0       sf_mex_get_sfun_param      000000018001faa0 f   sfc_mex:sfc_sf.obj
 0001:0001eaf0       sf_get_runtime_param_data  000000018001faf0 f   sfc_mex:sfc_sf.obj
 0001:0001eb30       sf_call_output_fcn_call    000000018001fb30 f   sfc_mex:sfc_sf.obj
 0001:0001ec70       sf_call_output_fcn_enable  000000018001fc70 f   sfc_mex:sfc_sf.obj
 0001:0001ed00       sf_call_output_fcn_disable 000000018001fd00 f   sfc_mex:sfc_sf.obj
 0001:0001ed90       sf_clear_rtw_identifier    000000018001fd90 f   sfc_mex:sfc_sf.obj
 0001:0001f5b0       sf_set_encoded_dwork_info  00000001800205b0 f   sfc_mex:sfc_sf.obj
 0001:0001f600       sf_get_dwork_info_from_mat_file 0000000180020600 f   sfc_mex:sfc_sf.obj
 0001:0001f7c0       sf_set_rtw_dwork_info      00000001800207c0 f   sfc_mex:sfc_sf.obj
 0001:0001f930       mdlOutputs                 0000000180020930 f   sfc_mex:sfc_sf.obj
 0001:0001fa50       sf_debug_chart_instance_initialized_quick 0000000180020a50 f   sfc_debug:sfcdebug.obj
 0001:0001fad0       sf_debug_disp              0000000180020ad0 f   sfc_debug:sfcdebug.obj
 0001:0001fda0       sf_debug_data_runtime_size_mismatch_error_check 0000000180020da0 f   sfc_debug:sfcdebug.obj
 0001:0001fe50       sf_debug_try_loading_machine 0000000180020e50 f   sfc_debug:sfcdebug.obj
 0001:0001ff50       sf_debug_reset_current_state_configuration 0000000180020f50 f   sfc_debug:sfcdebug.obj
 0001:0001ffd0       sf_debug_store_current_state_configuration 0000000180020fd0 f   sfc_debug:sfcdebug.obj
 0001:00020050       sf_debug_restore_previous_state_configuration 0000000180021050 f   sfc_debug:sfcdebug.obj
 0001:000200d0       sf_debug_restore_previous_state_configuration2 00000001800210d0 f   sfc_debug:sfcdebug.obj
 0001:00020150       sf_debug_get_event_scope   0000000180021150 f   sfc_debug:sfcdebug.obj
 0001:000202c0       use_debugger_step_animation 00000001800212c0 f   sfc_debug:sfcdebug.obj
 0001:000202e0       sf_debug_get_script_id     00000001800212e0 f   sfc_debug:sfcdebug.obj
 0001:00020370       sf_debug_set_script_translation 0000000180021370 f   sfc_debug:sfcdebug.obj
 0001:000204f0       sf_debug_extract_message_post_receive_info 00000001800214f0 f   sfc_debug:sfcdebug.obj
 0001:000206b0       sf_debug_get_current_machine_id 00000001800216b0 f   sfc_debug:sfcdebug.obj
 0001:000206d0       sf_debug_get_current_optional_integer 00000001800216d0 f   sfc_debug:sfcdebug.obj
 0001:000206e0       sf_debug_get_current_machine_number 00000001800216e0 f   sfc_debug:sfcdebug.obj
 0001:00020700       sf_debug_get_current_machine_name 0000000180021700 f   sfc_debug:sfcdebug.obj
 0001:00020720       sf_debug_get_current_chart_id 0000000180021720 f   sfc_debug:sfcdebug.obj
 0001:00020760       sf_debug_get_current_chart_number 0000000180021760 f   sfc_debug:sfcdebug.obj
 0001:00020770       sf_debug_get_current_instance_number 0000000180021770 f   sfc_debug:sfcdebug.obj
 0001:00020780       sf_debug_get_current_is_minor_time_step 0000000180021780 f   sfc_debug:sfcdebug.obj
 0001:00020800       sf_debug_get_current_object_type 0000000180021800 f   sfc_debug:sfcdebug.obj
 0001:00020810       sf_debug_get_current_instance_handle 0000000180021810 f   sfc_debug:sfcdebug.obj
 0001:00020870       sf_debug_get_current_event_type 0000000180021870 f   sfc_debug:sfcdebug.obj
 0001:00020880       sf_debug_get_current_object_id 0000000180021880 f   sfc_debug:sfcdebug.obj
 0001:000208c0       sf_debug_get_current_active_event_type 00000001800218c0 f   sfc_debug:sfcdebug.obj
 0001:000208d0       sf_debug_get_current_active_event_id 00000001800218d0 f   sfc_debug:sfcdebug.obj
 0001:00020910       sf_debug_get_current_tag_type 0000000180021910 f   sfc_debug:sfcdebug.obj
 0001:00020920       sf_debug_get_current_simulation_time 0000000180021920 f   sfc_debug:sfcdebug.obj
 0001:00020930       sf_debug_get_current_coverage_percentage 0000000180021930 f   sfc_debug:sfcdebug.obj
 0001:00020940       sf_debug_current_statement_context 0000000180021940 f   sfc_debug:sfcdebug.obj
 0001:000209c0       sf_debug_get_current_statement_info 00000001800219c0 f   sfc_debug:sfcdebug.obj
 0001:00020b60       sf_debug_terminate_instance 0000000180021b60 f   sfc_debug:sfcdebug.obj
 0001:00020e80       sf_debug_assertion_failed  0000000180021e80 f   sfc_debug:sfcdebug.obj
 0001:00021050       sf_debug_create_debug_instance_struct 0000000180022050 f   sfc_debug:sfcdebug.obj
 0001:000210a0       sf_debug_set_number_of_data_with_change_event_for_machine 00000001800220a0 f   sfc_debug:sfcdebug.obj
 0001:000210f0       sf_debug_set_machine_event_thresholds 00000001800220f0 f   sfc_debug:sfcdebug.obj
 0001:00021110       sf_debug_set_machine_event_scope 0000000180022110 f   sfc_debug:sfcdebug.obj
 0001:00021160       sf_debug_set_machine_data_thresholds 0000000180022160 f   sfc_debug:sfcdebug.obj
 0001:000211b0       sf_debug_set_machine_data_scope 00000001800221b0 f   sfc_debug:sfcdebug.obj
 0001:00021250       sf_debug_set_machine_data_name 0000000180022250 f   sfc_debug:sfcdebug.obj
 0001:00021300       sf_debug_set_machine_data_size 0000000180022300 f   sfc_debug:sfcdebug.obj
 0001:00021450       sf_debug_set_machine_data_type 0000000180022450 f   sfc_debug:sfcdebug.obj
 0001:000215c0       sf_debug_get_chart_data_number 00000001800225c0 f   sfc_debug:sfcdebug.obj
 0001:000215e0       sf_debug_get_chart_event_number 00000001800225e0 f   sfc_debug:sfcdebug.obj
 0001:00021600       sf_debug_set_chart_state_info 0000000180022600 f   sfc_debug:sfcdebug.obj
 0001:00021690       sf_debug_set_chart_decomposition 0000000180022690 f   sfc_debug:sfcdebug.obj
 0001:00021700       sf_debug_set_chart_substate_count 0000000180022700 f   sfc_debug:sfcdebug.obj
 0001:000217e0       sf_debug_set_chart_substate_index 00000001800227e0 f   sfc_debug:sfcdebug.obj
 0001:00021860       sf_debug_set_chart_state_substate_count 0000000180022860 f   sfc_debug:sfcdebug.obj
 0001:00021980       sf_debug_set_chart_state_substate_index 0000000180022980 f   sfc_debug:sfcdebug.obj
 0001:00021a10       sf_debug_set_number_of_data_with_change_event_for_chart 0000000180022a10 f   sfc_debug:sfcdebug.obj
 0001:00021aa0       sf_debug_set_number_of_states_with_entry_event_for_chart 0000000180022aa0 f   sfc_debug:sfcdebug.obj
 0001:00021b20       sf_debug_set_number_of_states_with_exit_event_for_chart 0000000180022b20 f   sfc_debug:sfcdebug.obj
 0001:00021ba0       sf_debug_set_chart_disable_implicit_casting 0000000180022ba0 f   sfc_debug:sfcdebug.obj
 0001:00021c10       sf_debug_set_chart_event_thresholds 0000000180022c10 f   sfc_debug:sfcdebug.obj
 0001:00021c90       sf_debug_set_chart_data_compiled_props 0000000180022c90 f   sfc_debug:sfcdebug.obj
 0001:00021fd0       sf_debug_set_chart_data_props 0000000180022fd0 f   sfc_debug:sfcdebug.obj
 0001:000222f0       sf_debug_check_fi_license  00000001800232f0 f   sfc_debug:sfcdebug.obj
 0001:000224b0       sf_debug_symbol_scope_push 00000001800234b0 f   sfc_debug:sfcdebug.obj
 0001:000224f0       sf_debug_symbol_scope_push_eml 00000001800234f0 f   sfc_debug:sfcdebug.obj
 0001:00022540       sf_debug_symbol_scope_pop  0000000180023540 f   sfc_debug:sfcdebug.obj
 0001:00022580       sf_debug_symbol_scope_add_importable 0000000180023580 f   sfc_debug:sfcdebug.obj
 0001:00022600       sf_debug_symbol_scope_add  0000000180023600 f   sfc_debug:sfcdebug.obj
 0001:00022680       sf_debug_symbol_scope_add_dyn_importable 0000000180023680 f   sfc_debug:sfcdebug.obj
 0001:00022740       sf_debug_symbol_scope_add_dyn 0000000180023740 f   sfc_debug:sfcdebug.obj
 0001:00022780       sf_debug_symbol_scope_add_eml_importable 0000000180023780 f   sfc_debug:sfcdebug.obj
 0001:000227c0       sf_debug_symbol_scope_add_eml 00000001800237c0 f   sfc_debug:sfcdebug.obj
 0001:00022800       sf_debug_symbol_scope_add_eml_dyn_importable 0000000180023800 f   sfc_debug:sfcdebug.obj
 0001:00022860       sf_debug_symbol_scope_add_eml_dyn 0000000180023860 f   sfc_debug:sfcdebug.obj
 0001:000228c0       sf_debug_symbol_switch     00000001800238c0 f   sfc_debug:sfcdebug.obj
 0001:000228e0       sf_debug_symbol_scope_add_verbose 00000001800238e0 f   sfc_debug:sfcdebug.obj
 0001:000229b0       sf_debug_set_machine_data_value_ptr 00000001800239b0 f   sfc_debug:sfcdebug.obj
 0001:000229f0       sf_debug_set_instance_data_value_ptr 00000001800239f0 f   sfc_debug:sfcdebug.obj
 0001:00022ac0       sf_debug_unset_instance_data_value_ptr 0000000180023ac0 f   sfc_debug:sfcdebug.obj
 0001:00022b70       sf_debug_set_chart_event_scope 0000000180023b70 f   sfc_debug:sfcdebug.obj
 0001:00022bf0       sf_debug_set_chart_transition_coverage_maps 0000000180023bf0 f   sfc_debug:sfcdebug.obj
 0001:00022cf0       sf_debug_set_chart_state_coverage_maps 0000000180023cf0 f   sfc_debug:sfcdebug.obj
 0001:00022dc0       sf_debug_set_instance_transition_coverage_weights 0000000180023dc0 f   sfc_debug:sfcdebug.obj
 0001:00022e50       sf_debug_set_instance_state_coverage_weights 0000000180023e50 f   sfc_debug:sfcdebug.obj
 0001:000230a0       sf_debug_unload_machine    00000001800240a0 f   sfc_debug:sfcdebug.obj
 0001:000230f0       sf_debug_load_machine      00000001800240f0 f   sfc_debug:sfcdebug.obj
 0001:00023200       sf_debug_set_active_instance_in_data_dictionary 0000000180024200 f   sfc_debug:sfcdebug.obj
 0001:000233e0       sf_debug_set_active_instance 00000001800243e0 f   sfc_debug:sfcdebug.obj
 0001:00023540       sf_debug_chart_visiblity_change 0000000180024540 f   sfc_debug:sfcdebug.obj
 0001:00023630       sf_debug_select_chart      0000000180024630 f   sfc_debug:sfcdebug.obj
 0001:00023790       sf_debug_set_instance_cv_ids 0000000180024790 f   sfc_debug:sfcdebug.obj
 0001:00023ac0       sf_debug_select_charts     0000000180024ac0 f   sfc_debug:sfcdebug.obj
 0001:00023c70       sf_debug_initialized       0000000180024c70 f   sfc_debug:sfcdebug.obj
 0001:00023c90       sf_debug_is_uninterruptible 0000000180024c90 f   sfc_debug:sfcdebug.obj
 0001:00023cc0       sf_debug_initialize_debugger_gui 0000000180024cc0 f   sfc_debug:sfcdebug.obj
 0001:000240a0       sf_debug_resume            00000001800250a0 f   sfc_debug:sfcdebug.obj
 0001:000240c0       sf_debug_go                00000001800250c0 f   sfc_debug:sfcdebug.obj
 0001:000240d0       sf_debug_break             00000001800250d0 f   sfc_debug:sfcdebug.obj
 0001:000240e0       sf_debug_step_over         00000001800250e0 f   sfc_debug:sfcdebug.obj
 0001:000240f0       sf_debug_step_out          00000001800250f0 f   sfc_debug:sfcdebug.obj
 0001:00024100       sf_debug_set_disable_all_breakpoints 0000000180025100 f   sfc_debug:sfcdebug.obj
 0001:00024110       sf_debug_disable_all_breakpoints_and_go 0000000180025110 f   sfc_debug:sfcdebug.obj
 0001:00024120       sf_debug_break_on_chart_entry 0000000180025120 f   sfc_debug:sfcdebug.obj
 0001:00024130       sf_debug_break_on_event_broadcast 0000000180025130 f   sfc_debug:sfcdebug.obj
 0001:00024140       sf_debug_break_on_state_entry 0000000180025140 f   sfc_debug:sfcdebug.obj
 0001:00024150       sf_debug_break_between_times 0000000180025150 f   sfc_debug:sfcdebug.obj
 0001:00024170       sf_debug_browse_data       0000000180025170 f   sfc_debug:sfcdebug.obj
 0001:00024180       sf_debug_watch_data        0000000180025180 f   sfc_debug:sfcdebug.obj
 0001:000241b0       sf_debug_assign_data       00000001800251b0 f   sfc_debug:sfcdebug.obj
 0001:000241c0       sf_debug_whos              00000001800251c0 f   sfc_debug:sfcdebug.obj
 0001:000241e0       sf_debug_get_consistency_info 00000001800251e0 f   sfc_debug:sfcdebug.obj
 0001:000241f0       sf_debug_browse_trace      00000001800251f0 f   sfc_debug:sfcdebug.obj
 0001:00024200       sf_debug_set_breakpoints   0000000180025200 f   sfc_debug:sfcdebug.obj
 0001:00024370       sf_debug_set_eml_breakpoints 0000000180025370 f   sfc_debug:sfcdebug.obj
 0001:000244d0       sf_debug_set_script_breakpoints 00000001800254d0 f   sfc_debug:sfcdebug.obj
 0001:00024550       sf_debug_add_script_breakpoints 0000000180025550 f   sfc_debug:sfcdebug.obj
 0001:000245c0       sf_debug_clear_script_breakpoints 00000001800255c0 f   sfc_debug:sfcdebug.obj
 0001:00024630       sf_debug_query_script_breakpoints 0000000180025630 f   sfc_debug:sfcdebug.obj
 0001:000246e0       sf_debug_get_eml_script_id 00000001800256e0 f   sfc_debug:sfcdebug.obj
 0001:00024730       sf_debug_set_watch         0000000180025730 f   sfc_debug:sfcdebug.obj
 0001:00024950       sf_debug_get_instance_handle 0000000180025950 f   sfc_debug:sfcdebug.obj
 0001:000249e0       sf_debug_get_active_states 00000001800259e0 f   sfc_debug:sfcdebug.obj
 0001:000249f0       sf_debug_set_honor_breakpoints 00000001800259f0 f   sfc_debug:sfcdebug.obj
 0001:00024a00       sf_debug_get_animation     0000000180025a00 f   sfc_debug:sfcdebug.obj
 0001:00024a10       sf_debug_set_animation     0000000180025a10 f   sfc_debug:sfcdebug.obj
 0001:00024a20       sf_debug_animate           0000000180025a20 f   sfc_debug:sfcdebug.obj
 0001:00024a40       sf_debug_cycle_detection_check 0000000180025a40 f   sfc_debug:sfcdebug.obj
 0001:00024a50       sf_debug_data_range_check  0000000180025a50 f   sfc_debug:sfcdebug.obj
 0001:00024a60       sf_debug_transition_conflict_check 0000000180025a60 f   sfc_debug:sfcdebug.obj
 0001:00024a70       sf_debug_state_consistency_check 0000000180025a70 f   sfc_debug:sfcdebug.obj
 0001:00024a80       sf_debug_data_range_check_enabled 0000000180025a80 f   sfc_debug:sfcdebug.obj
 0001:00024aa0       sf_debug_transition_conflict_check_enabled 0000000180025aa0 f   sfc_debug:sfcdebug.obj
 0001:00024ac0       sf_debug_transition_conflict_check_begin 0000000180025ac0 f   sfc_debug:sfcdebug.obj
 0001:00024ae0       sf_debug_transition_conflict_check_end 0000000180025ae0 f   sfc_debug:sfcdebug.obj
 0001:00024b00       sf_debug_stop_debugging    0000000180025b00 f   sfc_debug:sfcdebug.obj
 0001:00024b30       sf_debug_is_cycle_detected 0000000180025b30 f   sfc_debug:sfcdebug.obj
 0001:00024b40       sf_debug_is_array_bounds_detected 0000000180025b40 f   sfc_debug:sfcdebug.obj
 0001:00024b50       sf_debug_get_state_vectors_data_size 0000000180025b50 f   sfc_debug:sfcdebug.obj
 0001:00024b90       sf_debug_get_state_vectors_data 0000000180025b90 f   sfc_debug:sfcdebug.obj
 0001:00024ca0       sf_debug_set_state_vectors_data 0000000180025ca0 f   sfc_debug:sfcdebug.obj
 0001:00024f30       sf_debug_get_script_index  0000000180025f30 f   sfc_debug:sfcdebug.obj
 0001:000250c0       sf_debug_add_script        00000001800260c0 f   sfc_debug:sfcdebug.obj
 0001:00025250       cv_eval_point              0000000180026250 f   sfc_debug:sfcdebug.obj
 0001:000253c0       cv_eval_testobjective      00000001800263c0 f   sfc_debug:sfcdebug.obj
 0001:000254d0       sf_debug_cv_init_state     00000001800264d0 f   sfc_debug:sfcdebug.obj
 0001:00025600       sf_debug_cv_init_chart     0000000180026600 f   sfc_debug:sfcdebug.obj
 0001:000256f0       sf_debug_cv_init_trans     00000001800266f0 f   sfc_debug:sfcdebug.obj
 0001:00025800       sf_debug_cv_init_saturation 0000000180026800 f   sfc_debug:sfcdebug.obj
 0001:00025900       sf_debug_cv_init_testobjectives 0000000180026900 f   sfc_debug:sfcdebug.obj
 0001:00025ae0       cv_eml_init_script         0000000180026ae0 f   sfc_debug:sfcdebug.obj
 0001:00025c00       cv_eml_init_fcn            0000000180026c00 f   sfc_debug:sfcdebug.obj
 0001:00025d10       cv_eml_init_testobjective  0000000180026d10 f   sfc_debug:sfcdebug.obj
 0001:00025df0       cv_eml_init_saturation     0000000180026df0 f   sfc_debug:sfcdebug.obj
 0001:00025ec0       cv_eml_init_if             0000000180026ec0 f   sfc_debug:sfcdebug.obj
 0001:00025fa0       cv_eml_init_for            0000000180026fa0 f   sfc_debug:sfcdebug.obj
 0001:00026070       cv_eml_init_while          0000000180027070 f   sfc_debug:sfcdebug.obj
 0001:00026140       cv_eml_init_mcdc           0000000180027140 f   sfc_debug:sfcdebug.obj
 0001:00026260       cv_eml_init_switch         0000000180027260 f   sfc_debug:sfcdebug.obj
 0001:00026360       cv_eml_eval                0000000180027360 f   sfc_debug:sfcdebug.obj
 0001:00026450       sf_debug_bm_is_a_eml_breakpoint 0000000180027450 f   sfc_debug:sfcdebug.obj
 0001:000265a0       sf_debug_temporal_threshold 00000001800275a0 f   sfc_debug:sfcdebug.obj
 0001:00026910       sf_debug_transition_conflict_error 0000000180027910 f   sfc_debug:sfcdebug.obj
 0001:00026c70       sf_debug_state_inconsistency_error 0000000180027c70 f   sfc_debug:sfcdebug.obj
 0001:00026d90       sf_debug_check_for_state_inconsistency 0000000180027d90 f   sfc_debug:sfcdebug.obj
 0001:00026dd0       sf_debug_cycle_detecton_error 0000000180027dd0 f   sfc_debug:sfcdebug.obj
 0001:00027520       sf_debug_size_eq_check_1d  0000000180028520 f   sfc_debug:sfcdebug.obj
 0001:00027540       sf_debug_size_eq_check_nd  0000000180028540 f   sfc_debug:sfcdebug.obj
 0001:00027740       sf_debug_dim_size_eq_check 0000000180028740 f   sfc_debug:sfcdebug.obj
 0001:00027770       sf_debug_dim_size_geq_check 0000000180028770 f   sfc_debug:sfcdebug.obj
 0001:000277a0       sf_debug_sub_assign_size_check_nd 00000001800287a0 f   sfc_debug:sfcdebug.obj
 0001:00027980       sf_debug_matrix_matrix_index_check 0000000180028980 f   sfc_debug:sfcdebug.obj
 0001:000279d0       sf_debug_vector_vector_index_check 00000001800289d0 f   sfc_debug:sfcdebug.obj
 0001:00027a20       sf_debug_for_loop_vector_check 0000000180028a20 f   sfc_debug:sfcdebug.obj
 0001:00027ac0       sf_debug_runtime_error_msgid 0000000180028ac0 f   sfc_debug:sfcdebug.obj
 0001:00027b60       sf_debug_data_array_bounds_error_check 0000000180028b60 f   sfc_debug:sfcdebug.obj
 0001:00027c70       sf_debug_eml_data_array_bounds_error_check 0000000180028c70 f   sfc_debug:sfcdebug.obj
 0001:00028130       sf_debug_integer_check     0000000180029130 f   sfc_debug:sfcdebug.obj
 0001:00028220       sf_debug_not_nan_check     0000000180029220 f   sfc_debug:sfcdebug.obj
 0001:000282f0       sf_debug_non_negative_check 00000001800292f0 f   sfc_debug:sfcdebug.obj
 0001:000283c0       sf_debug_overflow_detection 00000001800293c0 f   sfc_debug:sfcdebug.obj
 0001:00028a20       sf_debug_cast_to_real32_T  0000000180029a20 f   sfc_debug:sfcdebug.obj
 0001:00028af0       sf_debug_cast_to_int8_T    0000000180029af0 f   sfc_debug:sfcdebug.obj
 0001:00028bc0       sf_debug_cast_to_uint8_T   0000000180029bc0 f   sfc_debug:sfcdebug.obj
 0001:00028c90       sf_debug_cast_to_int16_T   0000000180029c90 f   sfc_debug:sfcdebug.obj
 0001:00028d60       sf_debug_cast_to_uint16_T  0000000180029d60 f   sfc_debug:sfcdebug.obj
 0001:00028e30       sf_debug_cast_to_int32_T   0000000180029e30 f   sfc_debug:sfcdebug.obj
 0001:00028f00       sf_debug_cast_to_uint32_T  0000000180029f00 f   sfc_debug:sfcdebug.obj
 0001:00028fd0       sf_debug_data_range_error  0000000180029fd0 f   sfc_debug:sfcdebug.obj
 0001:000292e0       sf_debug_read_before_write_check 000000018002a2e0 f   sfc_debug:sfcdebug.obj
 0001:00029710       sf_debug_data_range_error_wrapper_min_max 000000018002a710 f   sfc_debug:sfcdebug.obj
 0001:00029830       sf_debug_data_range_error_wrapper_min 000000018002a830 f   sfc_debug:sfcdebug.obj
 0001:00029940       sf_debug_data_range_error_wrapper_max 000000018002a940 f   sfc_debug:sfcdebug.obj
 0001:00029a50       sf_debug_data_range_wrapper 000000018002aa50 f   sfc_debug:sfcdebug.obj
 0001:00029b10       sf_debug_set_current_status_info 000000018002ab10 f   sfc_debug:sfcdebug.obj
 0001:00029eb0       sf_debug_register_message_post_receive_info 000000018002aeb0 f   sfc_debug:sfcdebug.obj
 0001:0002a100       sf_debug_call              000000018002b100 f   sfc_debug:sfcdebug.obj
 0001:0002aa60       sf_debug_initialize_machine 000000018002ba60 f   sfc_debug:sfcdebug.obj
 0001:0002ad10       sf_debug_initialize_chart  000000018002bd10 f   sfc_debug:sfcdebug.obj
 0001:0002b160       sf_debug_ensure_script     000000018002c160 f   sfc_debug:sfcdebug.obj
 0001:0002b210       cv_eval_saturation         000000018002c210 f   sfc_debug:sfcdebug.obj
 0001:0002b390       cv_saturation_accum        000000018002c390 f   sfc_debug:sfcdebug.obj
 0001:0002b4d0       cv_script_init_script      000000018002c4d0 f   sfc_debug:sfcdebug.obj
 0001:0002b5c0       cv_script_init_fcn         000000018002c5c0 f   sfc_debug:sfcdebug.obj
 0001:0002b680       cv_script_init_testobjective 000000018002c680 f   sfc_debug:sfcdebug.obj
 0001:0002b740       cv_script_init_saturation  000000018002c740 f   sfc_debug:sfcdebug.obj
 0001:0002b7f0       cv_script_init_if          000000018002c7f0 f   sfc_debug:sfcdebug.obj
 0001:0002b8b0       cv_script_init_for         000000018002c8b0 f   sfc_debug:sfcdebug.obj
 0001:0002b960       cv_script_init_while       000000018002c960 f   sfc_debug:sfcdebug.obj
 0001:0002ba10       cv_script_init_mcdc        000000018002ca10 f   sfc_debug:sfcdebug.obj
 0001:0002bb10       cv_script_init_switch      000000018002cb10 f   sfc_debug:sfcdebug.obj
 0001:0002bbf0       cv_script_eval             000000018002cbf0 f   sfc_debug:sfcdebug.obj
 0001:0002bcc0       eml_debug_line_call        000000018002ccc0 f   sfc_debug:sfcdebug.obj
 0001:0002be90       sf_debug_terminate         000000018002ce90 f   sfc_debug:sfcdebug.obj
 0001:0002c0a0       sf_debug_set_script_cv_ids 000000018002d0a0 f   sfc_debug:sfcdebug.obj
 0001:0002c1d0       sf_debug_api               000000018002d1d0 f   sfc_debug:sfc_api.obj
 0001:0002dac0       sf_debug_sm_terminate      000000018002eac0 f   sfc_debug:sfdb_animation.obj
 0001:0002dc70       sf_debug_reset_path_objects 000000018002ec70 f   sfc_debug:sfdb_animation.obj
 0001:0002dcf0       sf_debug_sm_reset_object_selection_status 000000018002ecf0 f   sfc_debug:sfdb_animation.obj
 0001:0002dd90       sf_debug_sm_reset_state_buffer 000000018002ed90 f   sfc_debug:sfdb_animation.obj
 0001:0002de60       sf_debug_sm_store_state_buffer 000000018002ee60 f   sfc_debug:sfdb_animation.obj
 0001:0002dee0       sf_debug_sm_restore_state_buffer1 000000018002eee0 f   sfc_debug:sfdb_animation.obj
 0001:0002df50       sf_debug_sm_restore_state_buffer2 000000018002ef50 f   sfc_debug:sfdb_animation.obj
 0001:0002dfc0       sf_debug_sm_chart_active   000000018002efc0 f   sfc_debug:sfdb_animation.obj
 0001:0002e010       sf_debug_sm_select_active_objects 000000018002f010 f   sfc_debug:sfdb_animation.obj
 0001:0002e4e0       sf_debug_sm_is_chart_active 000000018002f4e0 f   sfc_debug:sfdb_animation.obj
 0001:0002e520       sf_debug_sm_is_state_active 000000018002f520 f   sfc_debug:sfdb_animation.obj
 0001:0002e760       sf_debug_sm_get_active_states 000000018002f760 f   sfc_debug:sfdb_animation.obj
 0001:0002ed10       sf_debug_sm_initialize_instance 000000018002fd10 f   sfc_debug:sfdb_animation.obj
 0001:0002ef20       sf_debug_sm_change_object_selection_status 000000018002ff20 f   sfc_debug:sfdb_animation.obj
 0001:0002f1f0       cv_create_interface        00000001800301f0 f   sfc_debug:cv_sfinterface.obj
 0001:0002f500       cv_init_trans              0000000180030500 f   sfc_debug:cv_sfinterface.obj
 0001:0002f550       cv_init_saturation         0000000180030550 f   sfc_debug:cv_sfinterface.obj
 0001:0002f590       cv_init_testobjective      0000000180030590 f   sfc_debug:cv_sfinterface.obj
 0001:0002f5d0       cv_init_state              00000001800305d0 f   sfc_debug:cv_sfinterface.obj
 0001:0002f640       cv_init_chart              0000000180030640 f   sfc_debug:cv_sfinterface.obj
 0001:0002f690       cv_dec_update_call         0000000180030690 f   sfc_debug:cv_sfinterface.obj
 0001:0002f6d0       cv_cond_update_call        00000001800306d0 f   sfc_debug:cv_sfinterface.obj
 0001:0002f710       cv_saturation_update_call  0000000180030710 f   sfc_debug:cv_sfinterface.obj
 0001:0002f750       cv_saturation_update_accum 0000000180030750 f   sfc_debug:cv_sfinterface.obj
 0001:0002f790       cv_testobjective_update_call 0000000180030790 f   sfc_debug:cv_sfinterface.obj
 0001:0002f7d0       cv_sigrange_update         00000001800307d0 f   sfc_debug:cv_sfinterface.obj
 0001:0002f810       cvsf_eml_eval              0000000180030810 f   sfc_debug:cv_sfinterface.obj
 0001:0002f8f0       cvsf_eml_init_script       00000001800308f0 f   sfc_debug:cv_sfinterface.obj
 0001:0002f980       cvsf_eml_init_fcn          0000000180030980 f   sfc_debug:cv_sfinterface.obj
 0001:0002f9e0       cvsf_eml_init_testobjective 00000001800309e0 f   sfc_debug:cv_sfinterface.obj
 0001:0002fa40       cvsf_eml_init_saturation   0000000180030a40 f   sfc_debug:cv_sfinterface.obj
 0001:0002fa90       cvsf_eml_init_if           0000000180030a90 f   sfc_debug:cv_sfinterface.obj
 0001:0002faf0       cvsf_eml_init_for          0000000180030af0 f   sfc_debug:cv_sfinterface.obj
 0001:0002fb40       cvsf_eml_init_while        0000000180030b40 f   sfc_debug:cv_sfinterface.obj
 0001:0002fb90       cvsf_eml_init_mcdc         0000000180030b90 f   sfc_debug:cv_sfinterface.obj
 0001:0002fc20       cvsf_eml_init_switch       0000000180030c20 f   sfc_debug:cv_sfinterface.obj
 0001:0002fc90       cvsf_script_eval           0000000180030c90 f   sfc_debug:cv_sfinterface.obj
 0001:0002fd70       cvsf_script_init_script    0000000180030d70 f   sfc_debug:cv_sfinterface.obj
 0001:0002fe00       cvsf_script_init_fcn       0000000180030e00 f   sfc_debug:cv_sfinterface.obj
 0001:0002fe60       cvsf_script_init_testobjective 0000000180030e60 f   sfc_debug:cv_sfinterface.obj
 0001:0002fec0       cvsf_script_init_saturation 0000000180030ec0 f   sfc_debug:cv_sfinterface.obj
 0001:0002ff10       cvsf_script_init_if        0000000180030f10 f   sfc_debug:cv_sfinterface.obj
 0001:0002ff70       cvsf_script_init_for       0000000180030f70 f   sfc_debug:cv_sfinterface.obj
 0001:0002ffc0       cvsf_script_init_while     0000000180030fc0 f   sfc_debug:cv_sfinterface.obj
 0001:00030010       cvsf_script_init_mcdc      0000000180031010 f   sfc_debug:cv_sfinterface.obj
 0001:000300a0       cvsf_script_init_switch    00000001800310a0 f   sfc_debug:cv_sfinterface.obj
 0001:00030110       cv_destroy_interface       0000000180031110 f   sfc_debug:cv_sfinterface.obj
 0001:00030130       cv_create_instance_objects 0000000180031130 f   sfc_debug:cv_sfinterface.obj
 0001:000305a0       cv_is_enabled              00000001800315a0 f   sfc_debug:cv_sfinterface.obj
 0001:000305b0       sf_debug_cv_initialize_script 00000001800315b0 f   sfc_debug:cv_sfinterface.obj
 0001:00030740       sf_debug_cv_initialize_instance 0000000180031740 f   sfc_debug:cv_sfinterface.obj
 0001:00030ad0       sf_debug_cv_terminate_chart 0000000180031ad0 f   sfc_debug:cv_sfinterface.obj
 0001:00030bf0       cv_call_trans_test         0000000180031bf0 f   sfc_debug:cv_sfinterface.obj
 0001:00030c00       cv_call_sub_cond_test      0000000180031c00 f   sfc_debug:cv_sfinterface.obj
 0001:00030c40       sf_debug_st_initialize_machine 0000000180031c40 f   sfc_debug:sfdb_data_browse.obj
 0001:00030cf0       sf_debug_st_initialize_instance 0000000180031cf0 f   sfc_debug:sfdb_data_browse.obj
 0001:00030f00       sf_debug_st_terminate      0000000180031f00 f   sfc_debug:sfdb_data_browse.obj
 0001:000312a0       sf_debug_st_set_data_value_ptr_in_machine 00000001800322a0 f   sfc_debug:sfdb_data_browse.obj
 0001:00031330       sf_debug_st_set_data_value_ptr_in_instance 0000000180032330 f   sfc_debug:sfdb_data_browse.obj
 0001:00031410       sf_debug_st_unset_data_value_ptr_in_machine 0000000180032410 f   sfc_debug:sfdb_data_browse.obj
 0001:00031480       sf_debug_st_unset_data_value_ptr_in_instance 0000000180032480 f   sfc_debug:sfdb_data_browse.obj
 0001:00031740       sf_debug_mx_value          0000000180032740 f   sfc_debug:sfdb_data_browse.obj
 0001:000317a0       sf_debug_mx_packed_vector  00000001800327a0 f   sfc_debug:sfdb_data_browse.obj
 0001:00031880       sf_debug_mx_uint_vector    0000000180032880 f   sfc_debug:sfdb_data_browse.obj
 0001:00031930       sf_debug_st_get_double_value_from_void_ptr_vector 0000000180032930 f   sfc_debug:sfdb_data_browse.obj
 0001:00032410       sf_debug_st_browse_data    0000000180033410 f   sfc_debug:sfdb_data_browse.obj
 0001:00032c50       sf_debug_hm_initialize_instance 0000000180033c50 f   sfc_debug:sfdb_handle_management.obj
 0001:00033130       sf_debug_hm_get_object_id  0000000180034130 f   sfc_debug:sfdb_handle_management.obj
 0001:00033ce0       sf_debug_hm_update_chart_visibility 0000000180034ce0 f   sfc_debug:sfdb_handle_management.obj
 0001:00034ed0       sf_debug_object_is_eml_function 0000000180035ed0 f   sfc_debug:sfdb_handle_management.obj
 0001:00034f40       sf_debug_hm_initialize_ids_in_machine 0000000180035f40 f   sfc_debug:sfdb_handle_management.obj
 0001:000350b0       sf_debug_hm_initialize_ids_in_chart 00000001800360b0 f   sfc_debug:sfdb_handle_management.obj
 0001:000351b0       sf_debug_hm_initialize_chart 00000001800361b0 f   sfc_debug:sfdb_handle_management.obj
 0001:000358b0       sf_debug_hm_terminate      00000001800368b0 f   sfc_debug:sfdb_handle_management.obj
 0001:00035910       sf_debug_hm_initialize_machine 0000000180036910 f   sfc_debug:sfdb_handle_management.obj
 0001:00036030       sf_debug_ss_initialize     0000000180037030 f   sfc_debug:sfdb_symbol_scope.obj
 0001:00036050       sf_debug_ss_terminate      0000000180037050 f   sfc_debug:sfdb_symbol_scope.obj
 0001:000360e0       sf_debug_ss_push_symbol_scope 00000001800370e0 f   sfc_debug:sfdb_symbol_scope.obj
 0001:000361e0       sf_debug_ss_push_symbol_scope_eml 00000001800371e0 f   sfc_debug:sfdb_symbol_scope.obj
 0001:00036240       sf_debug_ss_pop_symbol_scope 0000000180037240 f   sfc_debug:sfdb_symbol_scope.obj
 0001:000362f0       sf_debug_ss_add_symbol     00000001800372f0 f   sfc_debug:sfdb_symbol_scope.obj
 0001:00036460       sf_debug_ss_add_symbol_eml 0000000180037460 f   sfc_debug:sfdb_symbol_scope.obj
 0001:00037360       sf_debug_ss_set_data_value 0000000180038360 f   sfc_debug:sfdb_symbol_scope.obj
 0001:000377b0       getInstanceNumber          00000001800387b0 f   sfc_debug:sfdb_symbol_scope.obj
 0001:00037880       sf_debug_ss_watch_data     0000000180038880 f   sfc_debug:sfdb_symbol_scope.obj
 0001:00037a70       sf_debug_ss_assign_data    0000000180038a70 f   sfc_debug:sfdb_symbol_scope.obj
 0001:00038480       get_data_entry_name        0000000180039480 f   sfc_debug:sfdb_symbol_scope.obj
 0001:000384d0       sf_debug_ss_whos           00000001800394d0 f   sfc_debug:sfdb_symbol_scope.obj
 0001:00038b20       sf_debug_cc_initialize_chart 0000000180039b20 f   sfc_debug:sfdb_coverage.obj
 0001:00039510       sf_debug_cc_initialize_instance 000000018003a510 f   sfc_debug:sfdb_coverage.obj
 0001:0003a250       sf_debug_cc_terminate      000000018003b250 f   sfc_debug:sfdb_coverage.obj
 0001:0003a340       sf_debug_cc_set_transition_maps 000000018003b340 f   sfc_debug:sfdb_coverage.obj
 0001:0003a470       sf_debug_cc_set_state_maps 000000018003b470 f   sfc_debug:sfdb_coverage.obj
 0001:0003a550       sf_debug_cc_set_transition_weights 000000018003b550 f   sfc_debug:sfdb_coverage.obj
 0001:0003a810       sf_debug_cc_set_state_weights 000000018003b810 f   sfc_debug:sfdb_coverage.obj
 0001:0003aae0       sf_debug_cc_mark_transition_guard 000000018003bae0 f   sfc_debug:sfdb_coverage.obj
 0001:0003ab70       sf_debug_cc_mark_transition_trigger 000000018003bb70 f   sfc_debug:sfdb_coverage.obj
 0001:0003ac00       sf_debug_cc_mark_transition_decision 000000018003bc00 f   sfc_debug:sfdb_coverage.obj
 0001:0003ac70       sf_debug_cc_mark_transition_condition_action 000000018003bc70 f   sfc_debug:sfdb_coverage.obj
 0001:0003acc0       sf_debug_cc_mark_transition_transition_action 000000018003bcc0 f   sfc_debug:sfdb_coverage.obj
 0001:0003ad10       sf_debug_cc_mark_state_entry 000000018003bd10 f   sfc_debug:sfdb_coverage.obj
 0001:0003ad60       sf_debug_cc_mark_state_during 000000018003bd60 f   sfc_debug:sfdb_coverage.obj
 0001:0003adb0       sf_debug_cc_mark_state_exit 000000018003bdb0 f   sfc_debug:sfdb_coverage.obj
 0001:0003ae00       sf_debug_bm_clear_script_breakpoints 000000018003be00 f   sfc_debug:sfdb_breakpoints.obj
 0001:0003ae30       sf_debug_bm_set_script_breakpoint 000000018003be30 f   sfc_debug:sfdb_breakpoints.obj
 0001:0003aeb0       sf_debug_bm_clear_single_script_breakpoint 000000018003beb0 f   sfc_debug:sfdb_breakpoints.obj
 0001:0003af30       sf_debug_bm_query_script_breakpoint 000000018003bf30 f   sfc_debug:sfdb_breakpoints.obj
 0001:0003af80       sf_debug_bm_initialize_scripts 000000018003bf80 f   sfc_debug:sfdb_breakpoints.obj
 0001:0003b610       sf_debug_bm_terminate      000000018003c610 f   sfc_debug:sfdb_breakpoints.obj
 0001:0003b8f0       sf_debug_bm_remove_all_breakpoints_in_machine 000000018003c8f0 f   sfc_debug:sfdb_breakpoints.obj
 0001:0003b950       sf_debug_bm_remove_all_breakpoints_in_chart 000000018003c950 f   sfc_debug:sfdb_breakpoints.obj
 0001:0003baa0       sf_debug_bm_initialize_global_breakpoints 000000018003caa0 f   sfc_debug:sfdb_breakpoints.obj
 0001:0003bc20       sf_debug_bm_set_breakpoint 000000018003cc20 f   sfc_debug:sfdb_breakpoints.obj
 0001:0003c1e0       sf_debug_bm_set_eml_breakpoint 000000018003d1e0 f   sfc_debug:sfdb_breakpoints.obj
 0001:0003c270       sf_debug_bm_initialize_machine_breakpoint_map 000000018003d270 f   sfc_debug:sfdb_breakpoints.obj
 0001:0003c690       sf_debug_bm_is_a_breakpoint 000000018003d690 f   sfc_debug:sfdb_breakpoints.obj
 0001:0003cbb0       sf_debug_bm_get_all_breakpoints_in_machine 000000018003dbb0 f   sfc_debug:sfdb_breakpoints.obj
 0001:0003ceb0       sf_debug_bm_get_all_breakpoints_in_chart 000000018003deb0 f   sfc_debug:sfdb_breakpoints.obj
 0001:0003da40       sf_debug_bm_initialize_machine 000000018003ea40 f   sfc_debug:sfdb_breakpoints.obj
 0001:0003db10       sf_debug_bm_initialize_chart 000000018003eb10 f   sfc_debug:sfdb_breakpoints.obj
 0001:0003df00       sf_debug_sc_terminate      000000018003ef00 f   sfc_debug:sfdb_state_consistency.obj
 0001:0003e220       sf_debug_sc_is_chart_consistent 000000018003f220 f   sfc_debug:sfdb_state_consistency.obj
 0001:0003e4d0       sf_debug_sc_get_consistency_error_info 000000018003f4d0 f   sfc_debug:sfdb_state_consistency.obj
 0001:0003e8e0       sf_debug_tm_terminate      000000018003f8e0 f   sfc_debug:sfdb_call_stack.obj
 0001:0003e990       sf_debug_tm_push_chart_instance 000000018003f990 f   sfc_debug:sfdb_call_stack.obj
 0001:0003ead0       sf_debug_tm_pop_chart_instance 000000018003fad0 f   sfc_debug:sfdb_call_stack.obj
 0001:0003eb30       sf_debug_tm_push_trace_node 000000018003fb30 f   sfc_debug:sfdb_call_stack.obj
 0001:0003ecb0       sf_debug_tm_pop_trace_node 000000018003fcb0 f   sfc_debug:sfdb_call_stack.obj
 0001:0003ed30       sf_debug_tm_get_current_global_trace_index 000000018003fd30 f   sfc_debug:sfdb_call_stack.obj
 0001:0003ed40       sf_debug_tm_get_current_local_trace_index 000000018003fd40 f   sfc_debug:sfdb_call_stack.obj
 0001:0003ed70       sf_debug_tm_set_cycle_detected_flag 000000018003fd70 f   sfc_debug:sfdb_call_stack.obj
 0001:0003edb0       sf_debug_tm_set_cycle_started_flag 000000018003fdb0 f   sfc_debug:sfdb_call_stack.obj
 0001:0003edf0       sf_debug_tm_get_chart_number_from_stack 000000018003fdf0 f   sfc_debug:sfdb_call_stack.obj
 0001:0003eff0       sf_debug_tm_browse_trace   000000018003fff0 f   sfc_debug:sfdb_call_stack.obj
 0001:0003f300       sf_debug_cd_initialize_instance 0000000180040300 f   sfc_debug:sfdb_cycle_detection.obj
 0001:0003f5b0       sf_debug_cd_mark_processed_transition_in_instance 00000001800405b0 f   sfc_debug:sfdb_cycle_detection.obj
 0001:0003f650       sf_debug_cd_checksum_push  0000000180040650 f   sfc_debug:sfdb_cycle_detection.obj
 0001:0003f900       sf_debug_cd_checksum_pop   0000000180040900 f   sfc_debug:sfdb_cycle_detection.obj
 0001:0003f970       sf_debug_cd_turn_off_cycle_detection 0000000180040970 f   sfc_debug:sfdb_cycle_detection.obj
 0001:0003f9c0       sf_debug_cd_terminate      00000001800409c0 f   sfc_debug:sfdb_cycle_detection.obj
 0001:0003fbf0       md5_initialize_state       0000000180040bf0 f   sfc_debug:ckmd5.obj
 0001:00040680       md5_update_state           0000000180041680 f   sfc_debug:ckmd5.obj
 0001:000406a0       md5_get_hash               00000001800416a0 f   sfc_debug:ckmd5.obj
 0001:000406d0       md5_get_hash_for_a_single_string 00000001800416d0 f   sfc_debug:ckmd5.obj
 0001:00040730       mxGetPr                    0000000180041730 f   libmx:libmx.dll
 0001:00040736       mxCreateDoubleScalar       0000000180041736 f   libmx:libmx.dll
 0001:0004073c       mxCreateDoubleMatrix_730   000000018004173c f   libmx:libmx.dll
 0001:00040742       mxSetField_730             0000000180041742 f   libmx:libmx.dll
 0001:00040748       mxCreateString             0000000180041748 f   libmx:libmx.dll
 0001:0004074e       mxCreateStructMatrix_730   000000018004174e f   libmx:libmx.dll
 0001:00040754       mxCreateCellMatrix_730     0000000180041754 f   libmx:libmx.dll
 0001:0004075a       mxDestroyArray             000000018004175a f   libmx:libmx.dll
 0001:00040760       mxDuplicateArray           0000000180041760 f   libmx:libmx.dll
 0001:00040766       mxIsEmpty                  0000000180041766 f   libmx:libmx.dll
 0001:0004076c       mxGetString_730            000000018004176c f   libmx:libmx.dll
 0001:00040772       mxIsChar                   0000000180041772 f   libmx:libmx.dll
 0001:00040778       mxGetClassID               0000000180041778 f   libmx:libmx.dll
 0001:0004077e       mxIsNumeric                000000018004177e f   libmx:libmx.dll
 0001:00040784       mxIsComplex                0000000180041784 f   libmx:libmx.dll
 0001:0004078a       mxGetN                     000000018004178a f   libmx:libmx.dll
 0001:00040790       mxGetM                     0000000180041790 f   libmx:libmx.dll
 0001:00040796       mxCalloc                   0000000180041796 f   libmx:libmx.dll
 0001:0004079c       mxGetScalar                000000018004179c f   libmx:libmx.dll
 0001:000407a2       mxIsLogical                00000001800417a2 f   libmx:libmx.dll
 0001:000407a8       mxCreateDoubleMatrix_700   00000001800417a8 f   libmx:libmx.dll
 0001:000407ae       mxFree                     00000001800417ae f   libmx:libmx.dll
 0001:000407b4       mxArrayToString            00000001800417b4 f   libmx:libmx.dll
 0001:000407ba       mxCreateCellMatrix_700     00000001800417ba f   libmx:libmx.dll
 0001:000407c0       mxSetCell_700              00000001800417c0 f   libmx:libmx.dll
 0001:000407c6       mxGetCell_700              00000001800417c6 f   libmx:libmx.dll
 0001:000407cc       mxGetClassName             00000001800417cc f   libmx:libmx.dll
 0001:000407d2       mxSetField_700             00000001800417d2 f   libmx:libmx.dll
 0001:000407d8       mxAddField                 00000001800417d8 f   libmx:libmx.dll
 0001:000407de       mxGetField_700             00000001800417de f   libmx:libmx.dll
 0001:000407e4       mxGetNumberOfElements      00000001800417e4 f   libmx:libmx.dll
 0001:000407ea       mxIsStruct                 00000001800417ea f   libmx:libmx.dll
 0001:000407f0       mxIsA                      00000001800417f0 f   libmx:libmx.dll
 0001:000407f6       mxIsClass                  00000001800417f6 f   libmx:libmx.dll
 0001:000407fc       mxGetLogicals              00000001800417fc f   libmx:libmx.dll
 0001:00040802       mxIsSparse                 0000000180041802 f   libmx:libmx.dll
 0001:00040808       mxSetFieldByNumber_700     0000000180041808 f   libmx:libmx.dll
 0001:0004080e       mxGetFieldByNumber_700     000000018004180e f   libmx:libmx.dll
 0001:00040814       mxGetFieldNameByNumber     0000000180041814 f   libmx:libmx.dll
 0001:0004081a       mxGetNumberOfFields        000000018004181a f   libmx:libmx.dll
 0001:00040820       mxCreateStructMatrix_700   0000000180041820 f   libmx:libmx.dll
 0001:00040826       mxGetFieldNumber           0000000180041826 f   libmx:libmx.dll
 0001:0004082c       mxIsNaN                    000000018004182c f   libmx:libmx.dll
 0001:00040832       mxGetData                  0000000180041832 f   libmx:libmx.dll
 0001:00040838       mxGetImagData              0000000180041838 f   libmx:libmx.dll
 0001:0004083e       mxArrayClassIDName         000000018004183e f   libmx:libmx.dll
 0001:00040844       mxCreateNumericMatrix_700  0000000180041844 f   libmx:libmx.dll
 0001:0004084a       mxCreateStructArray_700    000000018004184a f   libmx:libmx.dll
 0001:00040850       mxCalcSingleSubscript_700  0000000180041850 f   libmx:libmx.dll
 0001:00040856       mxGetDimensions_700        0000000180041856 f   libmx:libmx.dll
 0001:0004085c       mxGetNumberOfDimensions_700 000000018004185c f   libmx:libmx.dll
 0001:00040862       mxCreateNumericArray_700   0000000180041862 f   libmx:libmx.dll
 0001:00040868       mxGetElementSize           0000000180041868 f   libmx:libmx.dll
 0001:0004086e       mxCreateStringFromNChars_700 000000018004186e f   libmx:libmx.dll
 0001:00040874       mxGetString_700            0000000180041874 f   libmx:libmx.dll
 0001:0004087a       mxIsLogicalScalarTrue      000000018004187a f   libmx:libmx.dll
 0001:00040880       mxCreateLogicalScalar      0000000180041880 f   libmx:libmx.dll
 0001:00040886       mexUnlock                  0000000180041886 f   libmex:libmex.dll
 0001:0004088c       mexIsLocked                000000018004188c f   libmex:libmex.dll
 0001:00040892       mexWarnMsgTxt              0000000180041892 f   libmex:libmex.dll
 0001:00040898       mexCallMATLAB              0000000180041898 f   libmex:libmex.dll
 0001:0004089e       mexErrMsgTxt               000000018004189e f   libmex:libmex.dll
 0001:000408a4       mexMakeArrayPersistent     00000001800418a4 f   libmex:libmex.dll
 0001:000408aa       mexSetTrapFlag             00000001800418aa f   libmex:libmex.dll
 0001:000408b0       mexPutVariable             00000001800418b0 f   libmex:libmex.dll
 0001:000408b6       mexGetVariable             00000001800418b6 f   libmex:libmex.dll
 0001:000408bc       mexLock                    00000001800418bc f   libmex:libmex.dll
 0001:000408c2       mexMakeMemoryPersistent    00000001800418c2 f   libmex:libmex.dll
 0001:000408c8       mexFunctionName            00000001800418c8 f   libmex:libmex.dll
 0001:000408ce       ssRegisterDataTypeFxpFSlopeFixExpBias 00000001800418ce f   libfixedpoint:libfixedpoint.dll
 0001:000408d4       ssRegisterDataTypeFxpScaledDouble 00000001800418d4 f   libfixedpoint:libfixedpoint.dll
 0001:000408da       utMalloc                   00000001800418da f   libut:libut.dll
 0001:000408e0       utFree                     00000001800418e0 f   libut:libut.dll
 0001:000408e6       utVSNprintf                00000001800418e6 f   libut:libut.dll
 0001:000408ec       utCPUtime                  00000001800418ec f   libut:libut.dll
 0001:000408f2       utCalloc                   00000001800418f2 f   libut:libut.dll
 0001:000408f8       utRealloc                  00000001800418f8 f   libut:libut.dll
 0001:000408fe       muDoubleScalarSqrt         00000001800418fe f   libmwmathutil:libmwmathutil.dll
 0001:00040904       muDoubleScalarAbs          0000000180041904 f   libmwmathutil:libmwmathutil.dll
 0001:0004090a       emlrtCreateRootTLS         000000018004190a f   libemlrt:libemlrt.dll
 0001:00040910       emlrtDestroyRootTLS        0000000180041910 f   libemlrt:libemlrt.dll
 0001:00040916       emlrtCheckBuiltInR2012b    0000000180041916 f   libemlrt:libemlrt.dll
 0001:0004091c       emlrtCheckVsBuiltInR2012b  000000018004191c f   libemlrt:libemlrt.dll
 0001:00040922       emlrtCheckEnumR2012b       0000000180041922 f   libemlrt:libemlrt.dll
 0001:00040928       emlrtCreateEnumR2012b      0000000180041928 f   libemlrt:libemlrt.dll
 0001:0004092e       emlrtGetEnumElementR2009a  000000018004192e f   libemlrt:libemlrt.dll
 0001:00040934       emlrtCreateReference       0000000180041934 f   libemlrt:libemlrt.dll
 0001:0004093a       emlrtImportVsFiArrayR2009b 000000018004193a f   libemlrt:libemlrt.dll
 0001:00040940       emlrtNameCapturePostProcessR2012a 0000000180041940 f   libemlrt:libemlrt.dll
 0001:00040946       emlrtExtractMessageId      0000000180041946 f   libemlrt:libemlrt.dll
 0001:0004094c       emlrtTranslateMessageIDtoLCPstring 000000018004194c f   libemlrt:libemlrt.dll
 0001:00040952       emlrtForLoopVectorIsValidR2011b 0000000180041952 f   libemlrt:libemlrt.dll
 0001:00040958       emlrtTranslateUTF16MessagetoLCPstring 0000000180041958 f   libemlrt:libemlrt.dll
 0001:0004095e       emlrtGetEnumUnderlyingArrayR2009a 000000018004195e f   libemlrt:libemlrt.dll
 0001:00040964       emlrtIsEnumR2009a          0000000180041964 f   libemlrt:libemlrt.dll
 0001:0004096a       dgemm                      000000018004196a f   libmwblas:libmwblas.dll
 0001:00040970       __GSHandlerCheckCommon     0000000180041970 f   MSVCRT:gshandler.obj
 0001:000409d4       __GSHandlerCheck           00000001800419d4 f   MSVCRT:gshandler.obj
 0001:000409f2       strlen                     00000001800419f2 f   MSVCRT:MSVCR100.dll
 0001:00040a10       __security_check_cookie    0000000180041a10 f   MSVCRT:amdsecgs.obj
 0001:00040a40       __chkstk                   0000000180041a40 f   MSVCRT:chkstk.obj
 0001:00040a40       _alloca_probe              0000000180041a40     MSVCRT:chkstk.obj
 0001:00040a8e       memset                     0000000180041a8e f   MSVCRT:MSVCR100.dll
 0001:00040a94       strcmp                     0000000180041a94 f   MSVCRT:MSVCR100.dll
 0001:00040a9a       free                       0000000180041a9a f   MSVCRT:MSVCR100.dll
 0001:00040aa0       sprintf                    0000000180041aa0 f   MSVCRT:MSVCR100.dll
 0001:00040aa6       malloc                     0000000180041aa6 f   MSVCRT:MSVCR100.dll
 0001:00040aac       strcat                     0000000180041aac f   MSVCRT:MSVCR100.dll
 0001:00040ab2       memcpy                     0000000180041ab2 f   MSVCRT:MSVCR100.dll
 0001:00040ab8       NtCurrentTeb               0000000180041ab8 f i MSVCRT:crtdll.obj
 0001:00040b24       _CRT_INIT                  0000000180041b24 f   MSVCRT:crtdll.obj
 0001:00040ebc       _DllMainCRTStartup         0000000180041ebc f   MSVCRT:crtdll.obj
 0001:00040efa       strncpy                    0000000180041efa f   MSVCRT:MSVCR100.dll
 0001:00040f00       longjmp                    0000000180041f00 f   MSVCRT:MSVCR100.dll
 0001:00040f06       strncmp                    0000000180041f06 f   MSVCRT:MSVCR100.dll
 0001:00040f0c       ceil                       0000000180041f0c f   MSVCRT:MSVCR100.dll
 0001:00040f12       strrchr                    0000000180041f12 f   MSVCRT:MSVCR100.dll
 0001:00040f18       _setjmp                    0000000180041f18 f   MSVCRT:MSVCR100.dll
 0001:00040f1e       ldexp                      0000000180041f1e f   MSVCRT:MSVCR100.dll
 0001:00040f24       __report_gsfailure         0000000180041f24 f   MSVCRT:gs_report.obj
 0001:00041070       __clean_type_info_names    0000000180042070 f   MSVCRT:tncleanup.obj
 0001:0004107c       _onexit                    000000018004207c f   MSVCRT:atonexit.obj
 0001:0004112c       atexit                     000000018004212c f   MSVCRT:atonexit.obj
 0001:00041144       _RTC_Initialize            0000000180042144 f   MSVCRT:_initsect_.obj
 0001:0004117c       _RTC_Terminate             000000018004217c f   MSVCRT:_initsect_.obj
 0001:000411b4       _malloc_crt                00000001800421b4 f   MSVCRT:MSVCR100.dll
 0001:000411c0       _ValidateImageBase         00000001800421c0 f   MSVCRT:pesect.obj
 0001:000411f0       _FindPESection             00000001800421f0 f   MSVCRT:pesect.obj
 0001:00041240       _IsNonwritableInCurrentImage 0000000180042240 f   MSVCRT:pesect.obj
 0001:00041282       _initterm                  0000000180042282 f   MSVCRT:MSVCR100.dll
 0001:00041288       _initterm_e                0000000180042288 f   MSVCRT:MSVCR100.dll
 0001:0004128e       _encoded_null              000000018004228e f   MSVCRT:MSVCR100.dll
 0001:00041294       _amsg_exit                 0000000180042294 f   MSVCRT:MSVCR100.dll
 0001:0004129a       __C_specific_handler       000000018004229a f   MSVCRT:MSVCR100.dll
 0001:000412a0       __CppXcptFilter            00000001800422a0 f   MSVCRT:MSVCR100.dll
 0001:000412a8       DllMain                    00000001800422a8 f   MSVCRT:dllmain.obj
 0001:000412cc       __security_init_cookie     00000001800422cc f   MSVCRT:gs_support.obj
 0001:00041380       __crt_debugger_hook        0000000180042380 f   MSVCRT:MSVCR100.dll
 0001:00041386       __clean_type_info_names_internal 0000000180042386 f   MSVCRT:MSVCR100.dll
 0001:0004138c       _unlock                    000000018004238c f   MSVCRT:MSVCR100.dll
 0001:00041392       __dllonexit                0000000180042392 f   MSVCRT:MSVCR100.dll
 0001:00041398       _lock                      0000000180042398 f   MSVCRT:MSVCR100.dll
 0001:0004139e       EncodePointer              000000018004239e f   kernel32:KERNEL32.dll
 0001:000413a4       DecodePointer              00000001800423a4 f   kernel32:KERNEL32.dll
 0001:000413aa       Sleep                      00000001800423aa f   kernel32:KERNEL32.dll
 0001:000413b0       TerminateProcess           00000001800423b0 f   kernel32:KERNEL32.dll
 0001:000413b6       GetCurrentProcess          00000001800423b6 f   kernel32:KERNEL32.dll
 0001:000413bc       UnhandledExceptionFilter   00000001800423bc f   kernel32:KERNEL32.dll
 0001:000413c2       SetUnhandledExceptionFilter 00000001800423c2 f   kernel32:KERNEL32.dll
 0001:000413c8       IsDebuggerPresent          00000001800423c8 f   kernel32:KERNEL32.dll
 0001:000413ce       RtlVirtualUnwind           00000001800423ce f   kernel32:KERNEL32.dll
 0001:000413d4       RtlLookupFunctionEntry     00000001800423d4 f   kernel32:KERNEL32.dll
 0001:000413da       RtlCaptureContext          00000001800423da f   kernel32:KERNEL32.dll
 0001:000413e0       DisableThreadLibraryCalls  00000001800423e0 f   kernel32:KERNEL32.dll
 0001:000413e6       QueryPerformanceCounter    00000001800423e6 f   kernel32:KERNEL32.dll
 0001:000413ec       GetTickCount               00000001800423ec f   kernel32:KERNEL32.dll
 0001:000413f2       GetCurrentThreadId         00000001800423f2 f   kernel32:KERNEL32.dll
 0001:000413f8       GetCurrentProcessId        00000001800423f8 f   kernel32:KERNEL32.dll
 0001:000413fe       GetSystemTimeAsFileTime    00000001800423fe f   kernel32:KERNEL32.dll
 0002:00000000       __imp_RtlLookupFunctionEntry 0000000180043000     kernel32:KERNEL32.dll
 0002:00000008       __imp_RtlVirtualUnwind     0000000180043008     kernel32:KERNEL32.dll
 0002:00000010       __imp_IsDebuggerPresent    0000000180043010     kernel32:KERNEL32.dll
 0002:00000018       __imp_SetUnhandledExceptionFilter 0000000180043018     kernel32:KERNEL32.dll
 0002:00000020       __imp_UnhandledExceptionFilter 0000000180043020     kernel32:KERNEL32.dll
 0002:00000028       __imp_GetCurrentProcess    0000000180043028     kernel32:KERNEL32.dll
 0002:00000030       __imp_TerminateProcess     0000000180043030     kernel32:KERNEL32.dll
 0002:00000038       __imp_Sleep                0000000180043038     kernel32:KERNEL32.dll
 0002:00000040       __imp_DecodePointer        0000000180043040     kernel32:KERNEL32.dll
 0002:00000048       __imp_EncodePointer        0000000180043048     kernel32:KERNEL32.dll
 0002:00000050       __imp_DisableThreadLibraryCalls 0000000180043050     kernel32:KERNEL32.dll
 0002:00000058       __imp_QueryPerformanceCounter 0000000180043058     kernel32:KERNEL32.dll
 0002:00000060       __imp_GetTickCount         0000000180043060     kernel32:KERNEL32.dll
 0002:00000068       __imp_GetCurrentThreadId   0000000180043068     kernel32:KERNEL32.dll
 0002:00000070       __imp_GetCurrentProcessId  0000000180043070     kernel32:KERNEL32.dll
 0002:00000078       __imp_GetSystemTimeAsFileTime 0000000180043078     kernel32:KERNEL32.dll
 0002:00000080       __imp_RtlCaptureContext    0000000180043080     kernel32:KERNEL32.dll
 0002:00000088       \177KERNEL32_NULL_THUNK_DATA 0000000180043088     kernel32:KERNEL32.dll
 0002:00000090       __imp__onexit              0000000180043090     MSVCRT:MSVCR100.dll
 0002:00000098       __imp__lock                0000000180043098     MSVCRT:MSVCR100.dll
 0002:000000a0       __imp___dllonexit          00000001800430a0     MSVCRT:MSVCR100.dll
 0002:000000a8       __imp__unlock              00000001800430a8     MSVCRT:MSVCR100.dll
 0002:000000b0       __imp___clean_type_info_names_internal 00000001800430b0     MSVCRT:MSVCR100.dll
 0002:000000b8       __imp___crt_debugger_hook  00000001800430b8     MSVCRT:MSVCR100.dll
 0002:000000c0       __imp___CppXcptFilter      00000001800430c0     MSVCRT:MSVCR100.dll
 0002:000000c8       __imp___C_specific_handler 00000001800430c8     MSVCRT:MSVCR100.dll
 0002:000000d0       __imp__amsg_exit           00000001800430d0     MSVCRT:MSVCR100.dll
 0002:000000d8       __imp__encoded_null        00000001800430d8     MSVCRT:MSVCR100.dll
 0002:000000e0       __imp__initterm_e          00000001800430e0     MSVCRT:MSVCR100.dll
 0002:000000e8       __imp__initterm            00000001800430e8     MSVCRT:MSVCR100.dll
 0002:000000f0       __imp__malloc_crt          00000001800430f0     MSVCRT:MSVCR100.dll
 0002:000000f8       __imp_ldexp                00000001800430f8     MSVCRT:MSVCR100.dll
 0002:00000100       __imp__setjmp              0000000180043100     MSVCRT:MSVCR100.dll
 0002:00000108       __imp_strrchr              0000000180043108     MSVCRT:MSVCR100.dll
 0002:00000110       __imp_ceil                 0000000180043110     MSVCRT:MSVCR100.dll
 0002:00000118       __imp_strncmp              0000000180043118     MSVCRT:MSVCR100.dll
 0002:00000120       __imp_longjmp              0000000180043120     MSVCRT:MSVCR100.dll
 0002:00000128       __imp_strncpy              0000000180043128     MSVCRT:MSVCR100.dll
 0002:00000130       __imp_memcpy               0000000180043130     MSVCRT:MSVCR100.dll
 0002:00000138       __imp_strcat               0000000180043138     MSVCRT:MSVCR100.dll
 0002:00000140       __imp_malloc               0000000180043140     MSVCRT:MSVCR100.dll
 0002:00000148       __imp_sprintf              0000000180043148     MSVCRT:MSVCR100.dll
 0002:00000150       __imp_free                 0000000180043150     MSVCRT:MSVCR100.dll
 0002:00000158       __imp_strcmp               0000000180043158     MSVCRT:MSVCR100.dll
 0002:00000160       __imp_memset               0000000180043160     MSVCRT:MSVCR100.dll
 0002:00000168       __imp_strlen               0000000180043168     MSVCRT:MSVCR100.dll
 0002:00000170       \177MSVCR100_NULL_THUNK_DATA 0000000180043170     MSVCRT:MSVCR100.dll
 0002:00000178       __imp_emlrtIsEnumR2009a    0000000180043178     libemlrt:libemlrt.dll
 0002:00000180       __imp_emlrtGetEnumUnderlyingArrayR2009a 0000000180043180     libemlrt:libemlrt.dll
 0002:00000188       __imp_emlrtTranslateUTF16MessagetoLCPstring 0000000180043188     libemlrt:libemlrt.dll
 0002:00000190       __imp_emlrtForLoopVectorIsValidR2011b 0000000180043190     libemlrt:libemlrt.dll
 0002:00000198       __imp_emlrtTranslateMessageIDtoLCPstring 0000000180043198     libemlrt:libemlrt.dll
 0002:000001a0       __imp_emlrtExtractMessageId 00000001800431a0     libemlrt:libemlrt.dll
 0002:000001a8       __imp_emlrtNameCapturePostProcessR2012a 00000001800431a8     libemlrt:libemlrt.dll
 0002:000001b0       __imp_emlrtImportVsFiArrayR2009b 00000001800431b0     libemlrt:libemlrt.dll
 0002:000001b8       __imp_emlrtCreateReference 00000001800431b8     libemlrt:libemlrt.dll
 0002:000001c0       __imp_emlrtGetEnumElementR2009a 00000001800431c0     libemlrt:libemlrt.dll
 0002:000001c8       __imp_emlrtCreateEnumR2012b 00000001800431c8     libemlrt:libemlrt.dll
 0002:000001d0       __imp_emlrtCheckEnumR2012b 00000001800431d0     libemlrt:libemlrt.dll
 0002:000001d8       __imp_emlrtCheckVsBuiltInR2012b 00000001800431d8     libemlrt:libemlrt.dll
 0002:000001e0       __imp_emlrtCheckBuiltInR2012b 00000001800431e0     libemlrt:libemlrt.dll
 0002:000001e8       __imp_emlrtDestroyRootTLS  00000001800431e8     libemlrt:libemlrt.dll
 0002:000001f0       __imp_emlrtCreateRootTLS   00000001800431f0     libemlrt:libemlrt.dll
 0002:000001f8       \177libemlrt_NULL_THUNK_DATA 00000001800431f8     libemlrt:libemlrt.dll
 0002:00000200       __imp_ssRegisterDataTypeFxpFSlopeFixExpBias 0000000180043200     libfixedpoint:libfixedpoint.dll
 0002:00000208       __imp_ssRegisterDataTypeFxpScaledDouble 0000000180043208     libfixedpoint:libfixedpoint.dll
 0002:00000210       \177libfixedpoint_NULL_THUNK_DATA 0000000180043210     libfixedpoint:libfixedpoint.dll
 0002:00000218       __imp_mexLock              0000000180043218     libmex:libmex.dll
 0002:00000220       __imp_mexMakeMemoryPersistent 0000000180043220     libmex:libmex.dll
 0002:00000228       __imp_mexFunctionName      0000000180043228     libmex:libmex.dll
 0002:00000230       __imp_mexUnlock            0000000180043230     libmex:libmex.dll
[...]
 0001:000170c0       sf_mex_check_complex       00000001800180c0 f   sfc_mex:sfc_mex.obj
 0001:00017150       sf_mex_check_sparse        0000000180018150 f   sfc_mex:sfc_mex.obj
 0001:000171b0       sf_mex_check_numerictype   00000001800181b0 f   sfc_mex:sfc_mex.obj
 0001:00017340       sf_mex_check_fimath        0000000180018340 f   sfc_mex:sfc_mex.obj
 0001:00017ea0       size_mismatch_error        0000000180018ea0 f   sfc_mex:sfc_mex.obj
 0001:00018910       check_array_dimensions     0000000180019910 f   sfc_mex:sfc_mex.obj
 0001:00018980       check_input_mxarray        0000000180019980 f   sfc_mex:sfc_mex.obj
 0001:000190c0       sf_numeric_value_to_double 000000018001a0c0 f   sfc_mex:sfc_mex.obj
 0001:00019110       ml_generic_out_of_bounds_check 000000018001a110 f   sfc_mex:sfc_mex.obj
 0001:000192d0       ml_get_element_value_from_array 000000018001a2d0 f   sfc_mex:sfc_mex.obj
 0001:00019670       _ml_generic_castability_check 000000018001a670 f   sfc_mex:sfc_mex.obj
 0001:00019dc0       ml_generic_castability_check 000000018001adc0 f   sfc_mex:sfc_mex.obj
 0001:00019e60       ml_check_mx_array_for_single_castability 000000018001ae60 f   sfc_mex:sfc_mex.obj
 0001:00019f00       ml_check_mx_array_for_logical_castability 000000018001af00 f   sfc_mex:sfc_mex.obj
 0001:00019fa0       ml_check_mx_array_for_int8_castability 000000018001afa0 f   sfc_mex:sfc_mex.obj
 0001:0001a050       ml_check_mx_array_for_uint8_castability 000000018001b050 f   sfc_mex:sfc_mex.obj
 0001:0001a0b0       ml_check_mx_array_for_int16_castability 000000018001b0b0 f   sfc_mex:sfc_mex.obj
 0001:0001a110       ml_check_mx_array_for_uint16_castability 000000018001b110 f   sfc_mex:sfc_mex.obj
 0001:0001a170       ml_check_mx_array_for_int32_castability 000000018001b170 f   sfc_mex:sfc_mex.obj
 0001:0001a1d0       ml_check_mx_array_for_uint32_castability 000000018001b1d0 f   sfc_mex:sfc_mex.obj
 0001:0001a230       ml_check_mx_array_for_castability 000000018001b230 f   sfc_mex:sfc_mex.obj
 0001:0001aa50       set_data_value             000000018001ba50 f   sfc_mex:sfc_mex.obj
 0001:0001adc0       get_data_value             000000018001bdc0 f   sfc_mex:sfc_mex.obj
 0001:0001aed0       get_next_element_address   000000018001bed0 f   sfc_mex:sfc_mex.obj
 0001:0001afa0       sf_normalize_index         000000018001bfa0 f   sfc_mex:sfc_mex.obj
 0001:0001b350       ml_array_index_bound_check 000000018001c350 f   sfc_mex:sfc_mex.obj
 0001:0001bed0       mx_value                   000000018001ced0 f   sfc_mex:sfc_mex.obj
 0001:0001bf20       sf_create_numeric_array    000000018001cf20 f   sfc_mex:sfc_mex.obj
 0001:0001bfc0       sf_mex_assign_to_mx_array  000000018001cfc0 f   sfc_mex:sfc_mex.obj
 0001:0001c330       assign_from_mx_array       000000018001d330 f   sfc_mex:sfc_mex.obj
 0001:0001ca90       sf_mex_import_v            000000018001da90 f   sfc_mex:sfc_mex.obj
 0001:0001d1a0       get_machine_and_chart_file_number 000000018001e1a0 f   sfc_mex:sfc_sf.obj
 0001:0001d290       get_sfun_block_specialization 000000018001e290 f   sfc_mex:sfc_sf.obj
 0001:0001d340       call_sf_machine_global_method_dispatcher 000000018001e340 f   sfc_mex:sfc_sf.obj
 0001:0001d590       mdl_zeroCrossings_processing 000000018001e590 f   sfc_mex:sfc_sf.obj
 0001:0001d670       mdl_derivatives_processing 000000018001e670 f   sfc_mex:sfc_sf.obj
 0001:0001d950       mdl_outputs_continuous_legacy 000000018001e950 f   sfc_mex:sfc_sf.obj
 0001:0001d9d0       mdl_outputs_processing     000000018001e9d0 f   sfc_mex:sfc_sf.obj
 0001:0001dc40       mdl_enable_processing      000000018001ec40 f   sfc_mex:sfc_sf.obj
 0001:0001dd20       mdl_disable_processing     000000018001ed20 f   sfc_mex:sfc_sf.obj
 0001:0001ebb0       sf_call_output_fcn_enable_disable 000000018001fbb0 f   sfc_mex:sfc_sf.obj
 0001:0001ee30       set_dwork_information_from_mx_array 000000018001fe30 f   sfc_mex:sfc_sf.obj
 0001:0001f720       ptr2mxStruct               0000000180020720 f   sfc_mex:sfc_sf.obj
 0001:0001fa30       SNPRINTF_WRAPPER           0000000180020a30 f   sfc_debug:sfcdebug.obj
 0001:0001fa60       sf_debug_chart_instance_initialized 0000000180020a60 f   sfc_debug:sfcdebug.obj
 0001:0001fc00       sfrtAddSize                0000000180020c00 f   sfc_debug:sfcdebug.obj
 0001:0001fcc0       sfrtGenSizeString          0000000180020cc0 f   sfc_debug:sfcdebug.obj
 0001:00020410       fill_single_message_info   0000000180021410 f   sfc_debug:sfcdebug.obj
 0001:00020690       sf_debug_sim_status_listener 0000000180021690 f   sfc_debug:sfcdebug.obj
 0001:00020c20       sf_debug_form_mask_bits    0000000180021c20 f   sfc_debug:sfcdebug.obj
 0001:00020c40       sf_debug_form_sf_data_type_offsets 0000000180021c40 f   sfc_debug:sfcdebug.obj
 0001:00020d00       sf_debug_free_all          0000000180021d00 f   sfc_debug:sfcdebug.obj
 0001:00020e90       sf_debug_append_debugger_context 0000000180021e90 f   sfc_debug:sfcdebug.obj
 0001:00021200       local_strdup               0000000180022200 f   sfc_debug:sfcdebug.obj
 0001:00022180       sf_debug_em_terminate      0000000180023180 f   sfc_debug:sfcdebug.obj
 0001:000221c0       sf_debug_push_eml_function 00000001800231c0 f   sfc_debug:sfcdebug.obj
 0001:00022260       sf_debug_pop_eml_function  0000000180023260 f   sfc_debug:sfcdebug.obj
 0001:00022f00       sf_debug_get_machine_number_from_id_or_name 0000000180023f00 f   sfc_debug:sfcdebug.obj
 0001:00023050       sf_debug_get_chart_number_from_id 0000000180024050 f   sfc_debug:sfcdebug.obj
 0001:00023e30       sf_debug_transfer_control_to_debugger_GUI 0000000180024e30 f   sfc_debug:sfcdebug.obj
 0001:00024da0       sf_debug_scripts_rehash    0000000180025da0 f   sfc_debug:sfcdebug.obj
 0001:00024fb0       sf_debug_get_script_line_count 0000000180025fb0 f   sfc_debug:sfcdebug.obj
 0001:00025a00       cv_eml_state_cvId          0000000180026a00 f   sfc_debug:sfcdebug.obj
 0001:00025a70       cv_eml_trans_cvId          0000000180026a70 f   sfc_debug:sfcdebug.obj
 0001:00026ef0       sf_debug_data_array_bounds_error 0000000180027ef0 f   sfc_debug:sfcdebug.obj
 0001:000272a0       eml_debug_runtime_error_doclink 00000001800282a0 f   sfc_debug:sfcdebug.obj
 0001:00027410       sf_debug_runtime_error     0000000180028410 f   sfc_debug:sfcdebug.obj
 0001:00027480       sf_debug_matlab_error      0000000180028480 f   sfc_debug:sfcdebug.obj
 0001:00027df0       sf_debug_data_value_error  0000000180028df0 f   sfc_debug:sfcdebug.obj
 0001:000286c0       sf_debug_data_loss_error   00000001800296c0 f   sfc_debug:sfcdebug.obj
 0001:000295e0       call_cv_range_check        000000018002a5e0 f   sfc_debug:sfcdebug.obj
 0001:00029e40       sf_debug_invoke_cycle_detection_code 000000018002ae40 f   sfc_debug:sfcdebug.obj
 0001:0002a9b0       sf_reset_debug_info_struct 000000018002b9b0 f   sfc_debug:sfcdebug.obj
 0001:0002b1a0       cv_script_cvId             000000018002c1a0 f   sfc_debug:sfcdebug.obj
 0001:0002c360       sfc_api_chart_visible      000000018002d360 f   sfc_debug:sfc_api.obj
 0001:0002c3f0       sfc_api_active_instance    000000018002d3f0 f   sfc_debug:sfc_api.obj
 0001:0002c480       sfc_api_machine_load       000000018002d480 f   sfc_debug:sfc_api.obj
 0001:0002c570       sfc_api_debugger_alive     000000018002d570 f   sfc_debug:sfc_api.obj
 0001:0002c580       sfc_api_go                 000000018002d580 f   sfc_debug:sfc_api.obj
 0001:0002c590       sfc_api_step_over          000000018002d590 f   sfc_debug:sfc_api.obj
 0001:0002c5a0       sfc_api_step_out           000000018002d5a0 f   sfc_debug:sfc_api.obj
 0001:0002c5b0       sfc_api_resume             000000018002d5b0 f   sfc_debug:sfc_api.obj
 0001:0002c5c0       sfc_api_break              000000018002d5c0 f   sfc_debug:sfc_api.obj
 0001:0002c5d0       sfc_api_stop_debugging     000000018002d5d0 f   sfc_debug:sfc_api.obj
 0001:0002c630       sfc_api_is_cycle_detected  000000018002d630 f   sfc_debug:sfc_api.obj
 0001:0002c690       sfc_api_is_array_bounds_detected 000000018002d690 f   sfc_debug:sfc_api.obj
 0001:0002c6f0       sfc_api_set_disable_all_breakpoints 000000018002d6f0 f   sfc_debug:sfc_api.obj
 0001:0002c770       sfc_api_disable_all_breakpoints_and_go 000000018002d770 f   sfc_debug:sfc_api.obj
 0001:0002c780       sfc_api_close              000000018002d780 f   sfc_debug:sfc_api.obj
 0001:0002c790       sfc_api_browse_data        000000018002d790 f   sfc_debug:sfc_api.obj
 0001:0002c810       sfc_api_watch_data         000000018002d810 f   sfc_debug:sfc_api.obj
 0001:0002c920       sfc_api_extract_message_post_receive_info 000000018002d920 f   sfc_debug:sfc_api.obj
 0001:0002c940       sfc_api_assign_data        000000018002d940 f   sfc_debug:sfc_api.obj
 0001:0002c9f0       sfc_api_whos               000000018002d9f0 f   sfc_debug:sfc_api.obj
 0001:0002ca80       sfc_api_get_consistency_info 000000018002da80 f   sfc_debug:sfc_api.obj
 0001:0002ca90       sfc_api_browse_trace       000000018002da90 f   sfc_debug:sfc_api.obj
 0001:0002caa0       sfc_api_break_on_chart_entry 000000018002daa0 f   sfc_debug:sfc_api.obj
 0001:0002cad0       sfc_api_break_on_event_broadcast 000000018002dad0 f   sfc_debug:sfc_api.obj
 0001:0002cb00       sfc_api_break_on_state_entry 000000018002db00 f   sfc_debug:sfc_api.obj
 0001:0002cb30       sfc_api_set_watch          000000018002db30 f   sfc_debug:sfc_api.obj
 0001:0002cbe0       sfc_api_set_breakpoints    000000018002dbe0 f   sfc_debug:sfc_api.obj
 0001:0002cca0       sfc_api_set_eml_breakpoints 000000018002dca0 f   sfc_debug:sfc_api.obj
 0001:0002cd40       sfc_api_set_script_breakpoints 000000018002dd40 f   sfc_debug:sfc_api.obj
 0001:0002cda0       sfc_api_add_script_breakpoints 000000018002dda0 f   sfc_debug:sfc_api.obj
 0001:0002ce00       sfc_api_clear_script_breakpoints 000000018002de00 f   sfc_debug:sfc_api.obj
 0001:0002ce60       sfc_api_query_script_breakpoints 000000018002de60 f   sfc_debug:sfc_api.obj
 0001:0002ced0       sfc_api_get_script_id      000000018002ded0 f   sfc_debug:sfc_api.obj
 0001:0002cf90       sfc_api_get_active_states  000000018002df90 f   sfc_debug:sfc_api.obj
 0001:0002d020       sfc_api_break_between_times 000000018002e020 f   sfc_debug:sfc_api.obj
 0001:0002d090       sfc_api_get_instance_handle 000000018002e090 f   sfc_debug:sfc_api.obj
 0001:0002d160       sfc_api_set_animation      000000018002e160 f   sfc_debug:sfc_api.obj
 0001:0002d1b0       sfc_api_select_chart       000000018002e1b0 f   sfc_debug:sfc_api.obj
 0001:0002d220       sfc_api_select_charts      000000018002e220 f   sfc_debug:sfc_api.obj
 0001:0002d250       sfc_api_cycle_detection_check 000000018002e250 f   sfc_debug:sfc_api.obj
 0001:0002d2a0       sfc_api_data_range_check   000000018002e2a0 f   sfc_debug:sfc_api.obj
 0001:0002d2f0       sfc_api_transition_conflict_check 000000018002e2f0 f   sfc_debug:sfc_api.obj
 0001:0002d340       sfc_api_state_consistency_check 000000018002e340 f   sfc_debug:sfc_api.obj
 0001:0002d390       sfc_api_set_instance_cv_ids 000000018002e390 f   sfc_debug:sfc_api.obj
 0001:0002d4c0       sfc_api_set_script_cv_ids  000000018002e4c0 f   sfc_debug:sfc_api.obj
 0001:0002d590       sfc_api_get_current_machine_id 000000018002e590 f   sfc_debug:sfc_api.obj
 0001:0002d5c0       sfc_api_get_current_machine_number 000000018002e5c0 f   sfc_debug:sfc_api.obj
 0001:0002d5f0       sfc_api_get_current_chart_number 000000018002e5f0 f   sfc_debug:sfc_api.obj
 0001:0002d620       sfc_api_get_current_instance_number 000000018002e620 f   sfc_debug:sfc_api.obj
 0001:0002d650       sfc_api_get_current_instance_handle 000000018002e650 f   sfc_debug:sfc_api.obj
 0001:0002d670       sfc_api_get_current_is_minor_time_step 000000018002e670 f   sfc_debug:sfc_api.obj
 0001:0002d6a0       sfc_api_get_current_machine_name 000000018002e6a0 f   sfc_debug:sfc_api.obj
 0001:0002d6c0       sfc_api_get_current_chart_id 000000018002e6c0 f   sfc_debug:sfc_api.obj
 0001:0002d6f0       sfc_api_get_current_object_type 000000018002e6f0 f   sfc_debug:sfc_api.obj
 0001:0002d720       sfc_api_get_current_event_type 000000018002e720 f   sfc_debug:sfc_api.obj
 0001:0002d750       sfc_api_get_current_object_id 000000018002e750 f   sfc_debug:sfc_api.obj
 0001:0002d780       sfc_get_current_active_event_type 000000018002e780 f   sfc_debug:sfc_api.obj
 0001:0002d7b0       sfc_api_get_current_active_event_id 000000018002e7b0 f   sfc_debug:sfc_api.obj
 0001:0002d7e0       sfc_api_get_current_simulation_time 000000018002e7e0 f   sfc_debug:sfc_api.obj
 0001:0002d800       sfc_get_current_tag_type   000000018002e800 f   sfc_debug:sfc_api.obj
 0001:0002d830       sfc_get_current_coverage_percentage 000000018002e830 f   sfc_debug:sfc_api.obj
 0001:0002d850       sfc_get_current_statement_context 000000018002e850 f   sfc_debug:sfc_api.obj
 0001:0002d870       sfc_get_current_optional_integer 000000018002e870 f   sfc_debug:sfc_api.obj
 0001:0002d8a0       sfc_get_current_statement_info 000000018002e8a0 f   sfc_debug:sfc_api.obj
 0001:0002d940       sfc_api_get                000000018002e940 f   sfc_debug:sfc_api.obj
 0001:0002e5a0       sf_debug_sm_fill_state_activity_data 000000018002f5a0 f   sfc_debug:sfdb_animation.obj
 0001:00030de0       void_ptr_stack_vector_free_total 0000000180031de0 f   sfc_debug:sfdb_data_browse.obj
 0001:00030e60       sf_debug_st_terminate_machine 0000000180031e60 f   sfc_debug:sfdb_data_browse.obj
 0001:00030ea0       sf_debug_st_terminate_instance 0000000180031ea0 f   sfc_debug:sfdb_data_browse.obj
 0001:00031250       push_on_to_void_ptr_stack  0000000180032250 f   sfc_debug:sfdb_data_browse.obj
 0001:000313e0       pop_from_void_ptr_stack    00000001800323e0 f   sfc_debug:sfdb_data_browse.obj
 0001:00031510       sf_debug_st_get_data_value 0000000180032510 f   sfc_debug:sfdb_data_browse.obj
 0001:00031a40       mx_value                   0000000180032a40 f   sfc_debug:sfdb_data_browse.obj
 0001:00031a80       sf_debug_st_fill_data_struct 0000000180032a80 f   sfc_debug:sfdb_data_browse.obj
 0001:00031dc0       data_type_format_strings   0000000180032dc0 f   sfc_debug:sfdb_data_browse.obj
 0001:00031e70       sf_debug_st_fill_data      0000000180032e70 f   sfc_debug:sfdb_data_browse.obj
 0001:00032b60       sf_debug_hm_get_simulink_handle 0000000180033b60 f   sfc_debug:sfdb_handle_management.obj
 0001:00033610       sf_debug_hm_initialize_globals 0000000180034610 f   sfc_debug:sfdb_handle_management.obj
 0001:00033710       sf_debug_hm_get_machine_debug_flag 0000000180034710 f   sfc_debug:sfdb_handle_management.obj
 0001:00033880       sf_debug_hm_get_machine_id 0000000180034880 f   sfc_debug:sfdb_handle_management.obj
 0001:000339a0       sf_debug_hm_get_chart_id   00000001800349a0 f   sfc_debug:sfdb_handle_management.obj
 0001:00033b40       sf_debug_hm_register_executing_SFunction 0000000180034b40 f   sfc_debug:sfdb_handle_management.obj
 0001:00033ed0       sf_debug_hm_form_object_boolean_properties 0000000180034ed0 f   sfc_debug:sfdb_handle_management.obj
 0001:000341a0       sf_debug_hm_form_object_properties 00000001800351a0 f   sfc_debug:sfdb_handle_management.obj
 0001:000343e0       sf_debug_hm_terminate_charts 00000001800353e0 f   sfc_debug:sfdb_handle_management.obj
 0001:00034ac0       sf_debug_hm_terminate_machines 0000000180035ac0 f   sfc_debug:sfdb_handle_management.obj
 0001:00036530       sf_debug_ss_copy_dimension 0000000180037530 f   sfc_debug:sfdb_symbol_scope.obj
 0001:000365f0       sf_debug_ss_get_number_elements 00000001800375f0 f   sfc_debug:sfdb_symbol_scope.obj
 0001:00036610       sf_debug_ss_fill_data_struct 0000000180037610 f   sfc_debug:sfdb_symbol_scope.obj
 0001:00036960       sf_debug_ss_reset_data_info 0000000180037960 f   sfc_debug:sfdb_symbol_scope.obj
 0001:000369c0       sf_debug_fill_data_info_by_symbol_scope_entry 00000001800379c0 f   sfc_debug:sfdb_symbol_scope.obj
 0001:00036a80       sf_debug_fill_data_info_by_data_vector 0000000180037a80 f   sfc_debug:sfdb_symbol_scope.obj
 0001:00036cd0       get_data_info_helper       0000000180037cd0 f   sfc_debug:sfdb_symbol_scope.obj
 0001:00036fc0       sf_debug_ss_get_data_info  0000000180037fc0 f   sfc_debug:sfdb_symbol_scope.obj
 0001:000371e0       sf_debug_select_mex_function 00000001800381e0 f   sfc_debug:sfdb_symbol_scope.obj
 0001:00037210       sf_debug_is_dyn_matrix_initialized 0000000180038210 f   sfc_debug:sfdb_symbol_scope.obj
 0001:00037230       sf_debug_ss_set_data_value_try 0000000180038230 f   sfc_debug:sfdb_symbol_scope.obj
 0001:00037420       sf_debug_ss_get_data_value 0000000180038420 f   sfc_debug:sfdb_symbol_scope.obj
 0001:00037b80       sf_debug_ss_data_bytes_string 0000000180038b80 f   sfc_debug:sfdb_symbol_scope.obj
 0001:00037c10       sf_debug_ss_data_class_string 0000000180038c10 f   sfc_debug:sfdb_symbol_scope.obj
 0001:00037f90       sf_debug_ss_data_size_string 0000000180038f90 f   sfc_debug:sfdb_symbol_scope.obj
 0001:00038070       sf_debug_ss_data_create_data_info_struct 0000000180039070 f   sfc_debug:sfdb_symbol_scope.obj
 0001:00038320       sf_debug_ss_data_create_name_value_pair 0000000180039320 f   sfc_debug:sfdb_symbol_scope.obj
 0001:000383c0       sf_debug_ss_data_get_whos_info 00000001800393c0 f   sfc_debug:sfdb_symbol_scope.obj
 0001:000383d0       same_named_data_in_data_array 00000001800393d0 f   sfc_debug:sfdb_symbol_scope.obj
 0001:00039b60       sf_debug_cc_terminate_chart 000000018003ab60 f   sfc_debug:sfdb_coverage.obj
 0001:00039e70       sf_debug_cc_terminate_instance 000000018003ae70 f   sfc_debug:sfdb_coverage.obj
 0001:0003aa40       sf_debug_cc_mark_object_if_needed 000000018003ba40 f   sfc_debug:sfdb_coverage.obj
 0001:0003b2c0       sf_debug_bm_initialize_eml 000000018003c2c0 f   sfc_debug:sfdb_breakpoints.obj
 0001:0003c380       sf_debug_bm_map_debug_tag_to_breakpoint_tag 000000018003d380 f   sfc_debug:sfdb_breakpoints.obj
 0001:0003c460       sf_debug_bm_is_a_eml_breakpoint_impl 000000018003d460 f   sfc_debug:sfdb_breakpoints.obj
 0001:0003dd90       sf_debug_sc_push_on_error_stack 000000018003ed90 f   sfc_debug:sfdb_state_consistency.obj
 0001:0003deb0       sf_debug_sc_reset_error_stack 000000018003eeb0 f   sfc_debug:sfdb_state_consistency.obj
 0001:0003e040       sf_debug_sc_is_state_inconsistent 000000018003f040 f   sfc_debug:sfdb_state_consistency.obj
 0001:0003e330       sf_debug_sc_fill_consistency_info 000000018003f330 f   sfc_debug:sfdb_state_consistency.obj
 0001:0003e8d0       void_assertion_fcn         000000018003f8d0 f   sfc_debug:sfdb_call_stack.obj
 0001:0003ee20       sf_debug_tm_fill_local_trace 000000018003fe20 f   sfc_debug:sfdb_call_stack.obj
 0001:0003f3c0       sf_debug_cd_terminate_instance 00000001800403c0 f   sfc_debug:sfdb_cycle_detection.obj
 0001:0003f420       sf_debug_cd_free_checksum_stack 0000000180040420 f   sfc_debug:sfdb_cycle_detection.obj
 0001:0003f470       sf_debug_cd_reset_pack_strings 0000000180040470 f   sfc_debug:sfdb_cycle_detection.obj
 0001:0003fb10       md5file_clear              0000000180040b10 f   sfc_debug:ckmd5.obj
 0001:0003fb40       Encode                     0000000180040b40 f   sfc_debug:ckmd5.obj
 0001:0003fb90       Decode                     0000000180040b90 f   sfc_debug:ckmd5.obj
 0001:0003fc30       MD5Transform               0000000180040c30 f   sfc_debug:ckmd5.obj
 0001:00040490       md5file_addn               0000000180041490 f   sfc_debug:ckmd5.obj
 0001:00040560       md5file_hash               0000000180041560 f   sfc_debug:ckmd5.obj
 0001:00040ac4       pre_c_init                 0000000180041ac4 f   MSVCRT:crtdll.obj
 0001:00040d80       __DllMainCRTStartup        0000000180041d80 f   MSVCRT:crtdll.obj
 0001:00041410       __DllMainCRTStartup$filt$0 0000000180042410 f   MSVCRT:crtdll.obj
 0001:00041440       __DllMainCRTStartup$fin$1  0000000180042440 f   MSVCRT:crtdll.obj
 0001:0004145a       _onexit$fin$0              000000018004245a f   MSVCRT:atonexit.obj
 0001:00041480       _IsNonwritableInCurrentImage$filt$0 0000000180042480 f   MSVCRT:pesect.obj
