 quadtestmodel_sfun

 Timestamp is 5193c056 (Wed May 15 18:05:26 2013)

 Preferred load address is 0000000180000000

 Start         Length     Name                   Class
 0001:00000000 00041344H .text                   CODE
 0001:00041350 00000092H .text$x                 CODE
 0002:00000000 000004b0H .idata$5                DATA
 0002:000004b0 00000008H .CRT$XCA                DATA
 0002:000004b8 00000008H .CRT$XCZ                DATA
 0002:000004c0 00000008H .CRT$XIA                DATA
 0002:000004c8 00000008H .CRT$XIAA               DATA
 0002:000004d0 00000008H .CRT$XIZ                DATA
 0002:000004e0 00004b2cH .rdata                  DATA
 0002:00005010 00000008H .rtc$IAA                DATA
 0002:00005018 00000008H .rtc$IZZ                DATA
 0002:00005020 00000008H .rtc$TAA                DATA
 0002:00005028 00000008H .rtc$TZZ                DATA
 0002:00005030 00004414H .xdata                  DATA
 0002:00009444 000000b4H .idata$2                DATA
 0002:000094f8 00000014H .idata$3                DATA
 0002:00009510 000004b0H .idata$4                DATA
 0002:000099c0 00000af0H .idata$6                DATA
 0002:0000a4b0 00000058H .edata                  DATA
 0003:00000000 00003fa8H .data                   DATA
 0003:00003fc0 00002438H .bss                    DATA
 0004:00000000 0000336cH .pdata                  DATA

  Address         Publics by Value              Rva+Base               Lib:Object

 0000:00000000       ___safe_se_handler_table   0000000000000000     <absolute>
 0000:00000000       ___safe_se_handler_count   0000000000000000     <absolute>
 0000:00000000       __ImageBase                0000000180000000     <linker-defined>
 0001:00000000       sf_c2_quadtestmodel_get_eml_resolved_functions_info 0000000180001000 f   c2_quadtestmodel.obj
 0001:000020b0       sf_c2_quadtestmodel_get_check_sum 00000001800030b0 f   c2_quadtestmodel.obj
 0001:00002130       sf_c2_quadtestmodel_get_autoinheritance_info 0000000180003130 f   c2_quadtestmodel.obj
 0001:00002a70       sf_c2_quadtestmodel_third_party_uses_info 0000000180003a70 f   c2_quadtestmodel.obj
 0001:00002aa0       sf_internal_get_sim_state_c2_quadtestmodel 0000000180003aa0 f   c2_quadtestmodel.obj
 0001:000033d0       sf_internal_set_sim_state_c2_quadtestmodel 00000001800043d0 f   c2_quadtestmodel.obj
 0001:00004200       c2_quadtestmodel_method_dispatcher 0000000180005200 f   c2_quadtestmodel.obj
 0001:0000f1d0       sf_process_check_sum_call  00000001800101d0 f   quadtestmodel_sfun_registry.obj
 0001:0000f220       sf_process_autoinheritance_call 0000000180010220 f   quadtestmodel_sfun_registry.obj
 0001:0000f3c0       sf_process_get_third_party_uses_info_call 00000001800103c0 f   quadtestmodel_sfun_registry.obj
 0001:0000f560       sf_process_get_eml_resolved_functions_info_call 0000000180010560 f   quadtestmodel_sfun_registry.obj
 0001:0000f6e0       sf_mex_unlock_call         00000001800106e0 f   quadtestmodel_sfun_registry.obj
 0001:0000f790       sf_machine_global_initializer_called 0000000180010790 f   quadtestmodel_sfun_registry.obj
 0001:0000f7c0       sf_machine_global_method_dispatcher 00000001800107c0 f   quadtestmodel_sfun_registry.obj
 0001:0000f820       sf_machine_global_terminator 0000000180010820 f   quadtestmodel_sfun_registry.obj
 0001:0000f870       sf_register_machine_exported_symbols 0000000180010870 f   quadtestmodel_sfun_registry.obj
 0001:0000f890       callCustomFcn              0000000180010890 f   quadtestmodel_sfun_registry.obj
 0001:0000f8a0       sf_machine_global_initializer 00000001800108a0 f   quadtestmodel_sfun_registry.obj
 0001:0000f920       _ssSetStateAbsTol          0000000180010920 f   quadtestmodel_sfun_registry.obj
 0001:0000fa00       _ssGetAbsTol               0000000180010a00 f   quadtestmodel_sfun_registry.obj
 0001:0000fa70       _ssSetInputPortMatrixDimensions 0000000180010a70 f   quadtestmodel_sfun_registry.obj
 0001:0000fb80       _ssSetOutputPortMatrixDimensions 0000000180010b80 f   quadtestmodel_sfun_registry.obj
 0001:0000fc90       _ssSetInputPortVectorDimension 0000000180010c90 f   quadtestmodel_sfun_registry.obj
 0001:0000fd60       _ssSetOutputPortVectorDimension 0000000180010d60 f   quadtestmodel_sfun_registry.obj
 0001:0000fe30       ssIsRunTimeParamTunable    0000000180010e30 f   quadtestmodel_sfun_registry.obj
 0001:0000fea0       ssGetSFuncBlockHandle      0000000180010ea0 f   quadtestmodel_sfun_registry.obj
 0001:0000ff10       _ssGetCurrentInputPortWidth 0000000180010f10 f   quadtestmodel_sfun_registry.obj
 0001:00010030       _ssGetCurrentOutputPortWidth 0000000180011030 f   quadtestmodel_sfun_registry.obj
 0001:00010150       _ssGetCallSystemNumFcnCallDestinations 0000000180011150 f   quadtestmodel_sfun_registry.obj
 0001:000101c0       ssWarning                  00000001800111c0 f   quadtestmodel_sfun_registry.obj
 0001:000102d0       ssGetIsZeroCrossControlDisabled 00000001800112d0 f   quadtestmodel_sfun_registry.obj
 0001:00010340       ssSetIsInputPortUsedForContZcSignal 0000000180011340 f   quadtestmodel_sfun_registry.obj
 0001:000103b0       ssSetZcSignalIsZcElementDisc 00000001800113b0 f   quadtestmodel_sfun_registry.obj
 0001:00010460       ssSetZcSignalName          0000000180011460 f   quadtestmodel_sfun_registry.obj
 0001:000104d0       ssSetZcSignalWidth         00000001800114d0 f   quadtestmodel_sfun_registry.obj
 0001:00010540       ssSetZcSignalZcEventType   0000000180011540 f   quadtestmodel_sfun_registry.obj
 0001:000105b0       ssSetZcSignalType          00000001800115b0 f   quadtestmodel_sfun_registry.obj
 0001:00010620       ssSetZcSignalZcTol         0000000180011620 f   quadtestmodel_sfun_registry.obj
 0001:00010690       ssSetZcSignalNeedsEventNotification 0000000180011690 f   quadtestmodel_sfun_registry.obj
 0001:00010700       ssCreateAndAddZcSignalInfo 0000000180011700 f   quadtestmodel_sfun_registry.obj
 0001:00010770       ssCloneAndAddZcSignalInfo  0000000180011770 f   quadtestmodel_sfun_registry.obj
 0001:000107e0       ssGetNumZcSignals          00000001800117e0 f   quadtestmodel_sfun_registry.obj
 0001:00010850       ssGetZcSignalVector        0000000180011850 f   quadtestmodel_sfun_registry.obj
 0001:000108c0       ssGetZcSignalZcEvents      00000001800118c0 f   quadtestmodel_sfun_registry.obj
 0001:00010930       ssGetZcSignalName          0000000180011930 f   quadtestmodel_sfun_registry.obj
 0001:000109a0       ssGetZcSignalWidth         00000001800119a0 f   quadtestmodel_sfun_registry.obj
 0001:00010a10       ssGetZcSignalZcEventType   0000000180011a10 f   quadtestmodel_sfun_registry.obj
 0001:00010a80       ssGetZcSignalType          0000000180011a80 f   quadtestmodel_sfun_registry.obj
 0001:00010af0       ssGetZcSignalZcTol         0000000180011af0 f   quadtestmodel_sfun_registry.obj
 0001:00010b70       ssGetZcSignalNeedsEventNotification 0000000180011b70 f   quadtestmodel_sfun_registry.obj
 0001:00010be0       ssGetZcSignalIsZcElementDisc 0000000180011be0 f   quadtestmodel_sfun_registry.obj
 0001:00010c80       ssGetIsInputPortElementContinuous 0000000180011c80 f   quadtestmodel_sfun_registry.obj
 0001:00010d20       _ssGetInputPortSignalPtrsFcn 0000000180011d20 f   quadtestmodel_sfun_registry.obj
 0001:00010fe0       _ssGetInputPortSignalFcn   0000000180011fe0 f   quadtestmodel_sfun_registry.obj
 0001:00011200       _ssSetInputPortDirectFeedThroughFcn 0000000180012200 f   quadtestmodel_sfun_registry.obj
 0001:00011360       _ssSetInputPortReusableFcn 0000000180012360 f   quadtestmodel_sfun_registry.obj
 0001:00011450       _ssSetOutputPortReusableFcn 0000000180012450 f   quadtestmodel_sfun_registry.obj
 0001:00011530       ssGetDTypeIdFromMxArray    0000000180012530 f   quadtestmodel_sfun_registry.obj
 0001:00011650       ssWriteRTWStr              0000000180012650 f   quadtestmodel_sfun_registry.obj
 0001:000116b0       ssWriteRTWMxVectParam      00000001800126b0 f   quadtestmodel_sfun_registry.obj
 0001:00011710       ssWriteRTWMx2dMatParam     0000000180012710 f   quadtestmodel_sfun_registry.obj
 0001:00011790       ssWriteRTWNameValuePair    0000000180012790 f   quadtestmodel_sfun_registry.obj
 0001:00011c80       ssWriteRTWParameters       0000000180012c80 f   quadtestmodel_sfun_registry.obj
 0001:00012280       ssWriteRTWParamSettings    0000000180013280 f   quadtestmodel_sfun_registry.obj
 0001:00012950       ssWriteRTWWorkVect         0000000180013950 f   quadtestmodel_sfun_registry.obj
 0001:00012e50       mexFunction                0000000180013e50 f   quadtestmodel_sfun_registry.obj
 0001:00014b80       ProcessMexSfunctionEveryCall 0000000180015b80 f   quadtestmodel_sfun_registry.obj
 0001:00014cf0       quadtestmodel_initializer  0000000180015cf0 f   quadtestmodel_sfun.obj
 0001:00014d00       quadtestmodel_terminator   0000000180015d00 f   quadtestmodel_sfun.obj
 0001:00014d10       sf_quadtestmodel_method_dispatcher 0000000180015d10 f   quadtestmodel_sfun.obj
 0001:00014d60       sf_quadtestmodel_process_check_sum_call 0000000180015d60 f   quadtestmodel_sfun.obj
 0001:00015170       sf_quadtestmodel_autoinheritance_info 0000000180016170 f   quadtestmodel_sfun.obj
 0001:000152e0       sf_quadtestmodel_get_eml_resolved_functions_info 00000001800162e0 f   quadtestmodel_sfun.obj
 0001:00015410       sf_quadtestmodel_third_party_uses_info 0000000180016410 f   quadtestmodel_sfun.obj
 0001:00015560       quadtestmodel_debug_initialize 0000000180016560 f   quadtestmodel_sfun.obj
 0001:000155e0       quadtestmodel_register_exported_symbols 00000001800165e0 f   quadtestmodel_sfun.obj
 0001:000155f0       load_quadtestmodel_optimization_info 00000001800165f0 f   quadtestmodel_sfun.obj
 0001:00015640       unload_quadtestmodel_optimization_info 0000000180016640 f   quadtestmodel_sfun.obj
 0001:00015760       sf_mex_mx_is_numeric       0000000180016760 f   sfc_mex:sfc_mex.obj
 0001:000157a0       strcmp_ignore_ws           00000001800167a0 f   sfc_mex:sfc_mex.obj
 0001:000158e0       sf_mex_duplicatearraysafe  00000001800168e0 f   sfc_mex:sfc_mex.obj
 0001:00015a40       sf_set_error_debugger_context_message_fcn 0000000180016a40 f   sfc_mex:sfc_mex.obj
 0001:00015a50       sf_set_debugger_matlab_error_fcn 0000000180016a50 f   sfc_mex:sfc_mex.obj
 0001:00015a90       sf_set_error_prefix_string 0000000180016a90 f   sfc_mex:sfc_mex.obj
 0001:00015ac0       sf_get_error_prefix_string 0000000180016ac0 f   sfc_mex:sfc_mex.obj
 0001:00015ad0       sf_mex_enter_parallel_region 0000000180016ad0 f   sfc_mex:sfc_mex.obj
 0001:00015ae0       sf_mex_exit_parallel_region 0000000180016ae0 f   sfc_mex:sfc_mex.obj
 0001:00015af0       sf_get_current_jmp_buf_ptr 0000000180016af0 f   sfc_mex:sfc_mex.obj
 0001:00015b00       sf_set_current_jmp_buf_ptr 0000000180016b00 f   sfc_mex:sfc_mex.obj
 0001:00015b10       sf_mex_set_halt_simulation 0000000180016b10 f   sfc_mex:sfc_mex.obj
 0001:00015b20       sf_mex_get_halt_simulation 0000000180016b20 f   sfc_mex:sfc_mex.obj
 0001:00015b30       sf_mex_clear_error_message 0000000180016b30 f   sfc_mex:sfc_mex.obj
 0001:00015b50       sf_mex_get_error_message_for_read 0000000180016b50 f   sfc_mex:sfc_mex.obj
 0001:00015b60       sf_mex_get_error_message_buffer_length 0000000180016b60 f   sfc_mex:sfc_mex.obj
 0001:00015c40       sf_mex_warning_message     0000000180016c40 f   sfc_mex:sfc_mex.obj
 0001:00015cb0       sf_mex_v_errbuf_createf    0000000180016cb0 f   sfc_mex:sfc_mex.obj
 0001:00015cc0       sf_mex_errbuf_createf      0000000180016cc0 f   sfc_mex:sfc_mex.obj
 0001:00015cf0       sf_mex_v_errbuf_catf       0000000180016cf0 f   sfc_mex:sfc_mex.obj
 0001:00015d30       sf_mex_errbuf_catf         0000000180016d30 f   sfc_mex:sfc_mex.obj
 0001:00015d80       sf_mex_errbuf_copy         0000000180016d80 f   sfc_mex:sfc_mex.obj
 0001:00015d90       sf_mex_errbuf_clear        0000000180016d90 f   sfc_mex:sfc_mex.obj
 0001:00015da0       sf_mex_errbuf_isempty      0000000180016da0 f   sfc_mex:sfc_mex.obj
 0001:00015ea0       sf_mex_set_error_status    0000000180016ea0 f   sfc_mex:sfc_mex.obj
 0001:00015ef0       sf_mex_error_direct_call   0000000180016ef0 f   sfc_mex:sfc_mex.obj
 0001:00015f10       sf_mex_error_message_no_long_jump 0000000180016f10 f   sfc_mex:sfc_mex.obj
 0001:00015f30       sf_mex_long_jump_on_error  0000000180016f30 f   sfc_mex:sfc_mex.obj
 0001:00015f60       sf_mex_call_matlab         0000000180016f60 f   sfc_mex:sfc_mex.obj
 0001:00016080       sf_mex_check_builtin       0000000180017080 f   sfc_mex:sfc_mex.obj
 0001:00016120       sf_mex_check_builtin_vs    0000000180017120 f   sfc_mex:sfc_mex.obj
 0001:000161e0       sf_mex_check_enum          00000001800171e0 f   sfc_mex:sfc_mex.obj
 0001:00016260       sf_mex_create_enum         0000000180017260 f   sfc_mex:sfc_mex.obj
 0001:000162d0       sf_mex_get_enum_element    00000001800172d0 f   sfc_mex:sfc_mex.obj
 0001:000162e0       sf_mex_createcellarray     00000001800172e0 f   sfc_mex:sfc_mex.obj
 0001:000162f0       sf_mex_setcell             00000001800172f0 f   sfc_mex:sfc_mex.obj
 0001:00016300       sf_mex_getcell             0000000180017300 f   sfc_mex:sfc_mex.obj
 0001:00016310       sf_mex_dup                 0000000180017310 f   sfc_mex:sfc_mex.obj
 0001:00016330       sf_mex_assign              0000000180017330 f   sfc_mex:sfc_mex.obj
 0001:000163b0       sf_mex_destroy             00000001800173b0 f   sfc_mex:sfc_mex.obj
 0001:000163e0       mx_array_has_fi_type       00000001800173e0 f   sfc_mex:sfc_mex.obj
 0001:00016410       sf_mex_convert_from_fi     0000000180017410 f   sfc_mex:sfc_mex.obj
 0001:00016540       sf_mex_convert_to_double   0000000180017540 f   sfc_mex:sfc_mex.obj
 0001:00016660       sf_mex_import_fi_vs        0000000180017660 f   sfc_mex:sfc_mex.obj
 0001:00016890       sf_matrix_matrix_index_ok  0000000180017890 f   sfc_mex:sfc_mex.obj
 0001:00016920       sf_vector_vector_index_ok  0000000180017920 f   sfc_mex:sfc_mex.obj
 0001:00016950       ssGetCurrentInputPortDimensions_wrapper 0000000180017950 f   sfc_mex:sfc_mex.obj
 0001:00016970       ssGetCurrentOutputPortDimensions_wrapper 0000000180017970 f   sfc_mex:sfc_mex.obj
 0001:00016990       sf_mex_emlrt_context_is_debug_mode 0000000180017990 f   sfc_mex:sfc_mex.obj
 0001:000169a0       sf_mex_emlrt_context_set_debug_mode 00000001800179a0 f   sfc_mex:sfc_mex.obj
 0001:000169b0       sf_mex_emlrtNameCapturePostProcessR2012a 00000001800179b0 f   sfc_mex:sfc_mex.obj
 0001:00016a20       sf_clear_error_manager_info 0000000180017a20 f   sfc_mex:sfc_mex.obj
 0001:00016a80       sf_mex_stop_simulation_abruptly_wo_error 0000000180017a80 f   sfc_mex:sfc_mex.obj
 0001:00016ac0       sf_mex_error_message       0000000180017ac0 f   sfc_mex:sfc_mex.obj
 0001:00016b30       sf_react_to_error_in_matlab_call 0000000180017b30 f   sfc_mex:sfc_mex.obj
 0001:00016b60       sf_mex_addfield            0000000180017b60 f   sfc_mex:sfc_mex.obj
 0001:00016c00       sf_mex_getfield            0000000180017c00 f   sfc_mex:sfc_mex.obj
 0001:00016f00       sf_mex_check_class         0000000180017f00 f   sfc_mex:sfc_mex.obj
 0001:00016fa0       sf_mex_is_real             0000000180017fa0 f   sfc_mex:sfc_mex.obj
 0001:00017410       sf_mex_decode_encoded_mx_struct_array 0000000180018410 f   sfc_mex:sfc_mex.obj
 0001:00017700       sf_mex_lw_bounds_check     0000000180018700 f   sfc_mex:sfc_mex.obj
 0001:00017730       sf_mex_lw_size_eq_check_1d 0000000180018730 f   sfc_mex:sfc_mex.obj
 0001:00017750       sf_mex_lw_size_eq_check_nd 0000000180018750 f   sfc_mex:sfc_mex.obj
 0001:00017930       sf_mex_lw_dim_size_eq_check 0000000180018930 f   sfc_mex:sfc_mex.obj
 0001:00017960       sf_mex_lw_dim_size_geq_check 0000000180018960 f   sfc_mex:sfc_mex.obj
 0001:00017990       sf_mex_lw_sub_assign_size_check_nd 0000000180018990 f   sfc_mex:sfc_mex.obj
 0001:00017b60       sf_mex_lw_runtime_error_msgid 0000000180018b60 f   sfc_mex:sfc_mex.obj
 0001:00017c50       sf_mex_lw_matrix_matrix_index_check 0000000180018c50 f   sfc_mex:sfc_mex.obj
 0001:00017c70       sf_mex_lw_vector_vector_index_check 0000000180018c70 f   sfc_mex:sfc_mex.obj
 0001:00017cb0       sf_mex_lw_for_loop_vector_check 0000000180018cb0 f   sfc_mex:sfc_mex.obj
 0001:00017d40       sf_mex_lw_non_negative_check 0000000180018d40 f   sfc_mex:sfc_mex.obj
 0001:00017d80       sf_mex_overflow_error      0000000180018d80 f   sfc_mex:sfc_mex.obj
 0001:00017d90       sf_mex_dividebyzero_error  0000000180018d90 f   sfc_mex:sfc_mex.obj
 0001:00017da0       sf_mex_unsafe_enum_error   0000000180018da0 f   sfc_mex:sfc_mex.obj
 0001:00017db0       sf_emlrtErrHandler         0000000180018db0 f   sfc_mex:sfc_mex.obj
 0001:00017e90       sf_mex_size_one_check      0000000180018e90 f   sfc_mex:sfc_mex.obj
 0001:00017eb0       sf_mex_printf              0000000180018eb0 f   sfc_mex:sfc_mex.obj
 0001:00018080       sf_mex_check_size          0000000180019080 f   sfc_mex:sfc_mex.obj
 0001:00018320       sf_mex_check_struct        0000000180019320 f   sfc_mex:sfc_mex.obj
 0001:00018580       sf_mex_check_struct_vs     0000000180019580 f   sfc_mex:sfc_mex.obj
 0001:00018610       sf_mex_check_fi            0000000180019610 f   sfc_mex:sfc_mex.obj
 0001:00018710       sf_mex_check_fi_vs         0000000180019710 f   sfc_mex:sfc_mex.obj
 0001:000187b0       sf_echo_expression         00000001800197b0 f   sfc_mex:sfc_mex.obj
 0001:00018810       sf_assertion_failed        0000000180019810 f   sfc_mex:sfc_mex.obj
 0001:00018af0       sf_mex_evalin              0000000180019af0 f   sfc_mex:sfc_mex.obj
 0001:00018d60       sf_mex_export              0000000180019d60 f   sfc_mex:sfc_mex.obj
 0001:00018e20       sf_mex_get_ml_var_no_error 0000000180019e20 f   sfc_mex:sfc_mex.obj
 0001:00018fc0       sf_mex_get_ml_var          0000000180019fc0 f   sfc_mex:sfc_mex.obj
 0001:00019450       ml_set_element_value_in_array 000000018001a450 f   sfc_mex:sfc_mex.obj
 0001:0001a510       sf_mex_call_impl           000000018001b510 f   sfc_mex:sfc_mex.obj
 0001:0001a930       sf_mex_call_debug          000000018001b930 f   sfc_mex:sfc_mex.obj
 0001:0001a960       sf_mex_call                000000018001b960 f   sfc_mex:sfc_mex.obj
 0001:0001afb0       sf_mex_createstruct        000000018001bfb0 f   sfc_mex:sfc_mex.obj
 0001:0001b0c0       sf_mex_createstructarray   000000018001c0c0 f   sfc_mex:sfc_mex.obj
 0001:0001b140       sf_mex_get_mx_datatype_from_sf_datatype 000000018001c140 f   sfc_mex:sfc_mex.obj
 0001:0001b450       sf_mex_ml_var_sub          000000018001c450 f   sfc_mex:sfc_mex.obj
 0001:0001b630       sf_mex_ml_var_subsasgn     000000018001c630 f   sfc_mex:sfc_mex.obj
 0001:0001ba30       sf_mex_sub                 000000018001ca30 f   sfc_mex:sfc_mex.obj
 0001:0001bc40       sf_mex_subsasgn            000000018001cc40 f   sfc_mex:sfc_mex.obj
 0001:0001c150       sf_mex_create              000000018001d150 f   sfc_mex:sfc_mex.obj
 0001:0001caf0       sf_mex_import_named        000000018001daf0 f   sfc_mex:sfc_mex.obj
 0001:0001cb50       sf_mex_import              000000018001db50 f   sfc_mex:sfc_mex.obj
 0001:0001cba0       sf_mex_import_vs           000000018001dba0 f   sfc_mex:sfc_mex.obj
 0001:0001ccb0       sf_mex_lower_fixpt_mx_array 000000018001dcb0 f   sfc_mex:sfc_mex.obj
 0001:0001cfb0       sf_send_message_wrapper    000000018001dfb0 f   sfc_mex:sfc_sf.obj
 0001:0001cfe0       sf_receive_message_wrapper 000000018001dfe0 f   sfc_mex:sfc_sf.obj
 0001:0001d020       sf_check_out_message_wrapper 000000018001e020 f   sfc_mex:sfc_sf.obj
 0001:0001d060       sf_check_in_message_wrapper 000000018001e060 f   sfc_mex:sfc_sf.obj
 0001:0001d0a0       sf_no_message_wrapper      000000018001e0a0 f   sfc_mex:sfc_sf.obj
 0001:0001d430       sim_mode_is_rtw_gen        000000018001e430 f   sfc_mex:sfc_sf.obj
 0001:0001d460       sim_mode_is_external       000000018001e460 f   sfc_mex:sfc_sf.obj
 0001:0001d470       sim_mode_is_modelref_sim   000000018001e470 f   sfc_mex:sfc_sf.obj
 0001:0001d490       mdlInitializeSizes         000000018001e490 f   sfc_mex:sfc_sf.obj
 0001:0001d4b0       mdlInitializeSampleTimes   000000018001e4b0 f   sfc_mex:sfc_sf.obj
 0001:0001d4f0       mdlZeroCrossings           000000018001e4f0 f   sfc_mex:sfc_sf.obj
 0001:0001d5e0       mdlDerivatives             000000018001e5e0 f   sfc_mex:sfc_sf.obj
 0001:0001d6a0       mdl_initialize_conditions_processing 000000018001e6a0 f   sfc_mex:sfc_sf.obj
 0001:0001d6d0       mdlInitializeConditions    000000018001e6d0 f   sfc_mex:sfc_sf.obj
 0001:0001d790       mdlGetSimState             000000018001e790 f   sfc_mex:sfc_sf.obj
 0001:0001d7a0       mdlSetSimState             000000018001e7a0 f   sfc_mex:sfc_sf.obj
 0001:0001d7b0       mdl_ext_mode_exec_processing 000000018001e7b0 f   sfc_mex:sfc_sf.obj
 0001:0001d7d0       mdlExtModeExec             000000018001e7d0 f   sfc_mex:sfc_sf.obj
 0001:0001d970       mdlTerminate               000000018001e970 f   sfc_mex:sfc_sf.obj
 0001:0001d9e0       mdlRTW                     000000018001e9e0 f   sfc_mex:sfc_sf.obj
 0001:0001da10       mdlSetWorkWidths           000000018001ea10 f   sfc_mex:sfc_sf.obj
 0001:0001da20       mdlProcessParameters       000000018001ea20 f   sfc_mex:sfc_sf.obj
 0001:0001da30       mdl_start_processing       000000018001ea30 f   sfc_mex:sfc_sf.obj
 0001:0001da90       mdlStart                   000000018001ea90 f   sfc_mex:sfc_sf.obj
 0001:0001dba0       mdlEnable                  000000018001eba0 f   sfc_mex:sfc_sf.obj
 0001:0001dc80       mdlDisable                 000000018001ec80 f   sfc_mex:sfc_sf.obj
 0001:0001dd40       sf_get_chart_instance_ptr  000000018001ed40 f   sfc_mex:sfc_sf.obj
 0001:0001dd60       sf_load_rtw_optimization_info 000000018001ed60 f   sfc_mex:sfc_sf.obj
 0001:0001de30       sf_update_buildInfo        000000018001ee30 f   sfc_mex:sfc_sf.obj
 0001:0001df30       sf_rtw_info_uint_prop      000000018001ef30 f   sfc_mex:sfc_sf.obj
 0001:0001e070       sf_is_chart_inlinable      000000018001f070 f   sfc_mex:sfc_sf.obj
 0001:0001e090       sf_mark_output_events_with_multiple_callers 000000018001f090 f   sfc_mex:sfc_sf.obj
 0001:0001e220       sf_mark_chart_reusable_outputs 000000018001f220 f   sfc_mex:sfc_sf.obj
 0001:0001e480       sf_mark_chart_expressionable_inputs 000000018001f480 f   sfc_mex:sfc_sf.obj
 0001:0001e6e0       sf_get_subchart_simstruct  000000018001f6e0 f   sfc_mex:sfc_sf.obj
 0001:0001e730       sf_get_fixpt_data_type_id  000000018001f730 f   sfc_mex:sfc_sf.obj
 0001:0001e770       sf_get_enum_data_type_id   000000018001f770 f   sfc_mex:sfc_sf.obj
 0001:0001e7b0       sf_get_param_data_type_id  000000018001f7b0 f   sfc_mex:sfc_sf.obj
 0001:0001e7e0       sf_mex_listen_for_ctrl_c_force 000000018001f7e0 f   sfc_mex:sfc_sf.obj
 0001:0001e8f0       sf_mex_draw_now            000000018001f8f0 f   sfc_mex:sfc_sf.obj
 0001:0001e930       sf_mex_set_debugger_sim_status_listener_fcn 000000018001f930 f   sfc_mex:sfc_sf.obj
 0001:0001e940       sf_mex_listen_for_ctrl_c   000000018001f940 f   sfc_mex:sfc_sf.obj
 0001:0001e9e0       sf_mex_get_sfun_param      000000018001f9e0 f   sfc_mex:sfc_sf.obj
 0001:0001ea30       sf_get_runtime_param_data  000000018001fa30 f   sfc_mex:sfc_sf.obj
 0001:0001ea70       sf_call_output_fcn_call    000000018001fa70 f   sfc_mex:sfc_sf.obj
 0001:0001ebb0       sf_call_output_fcn_enable  000000018001fbb0 f   sfc_mex:sfc_sf.obj
 0001:0001ec40       sf_call_output_fcn_disable 000000018001fc40 f   sfc_mex:sfc_sf.obj
 0001:0001ecd0       sf_clear_rtw_identifier    000000018001fcd0 f   sfc_mex:sfc_sf.obj
 0001:0001f4f0       sf_set_encoded_dwork_info  00000001800204f0 f   sfc_mex:sfc_sf.obj
 0001:0001f540       sf_get_dwork_info_from_mat_file 0000000180020540 f   sfc_mex:sfc_sf.obj
 0001:0001f700       sf_set_rtw_dwork_info      0000000180020700 f   sfc_mex:sfc_sf.obj
 0001:0001f870       mdlOutputs                 0000000180020870 f   sfc_mex:sfc_sf.obj
 0001:0001f990       sf_debug_chart_instance_initialized_quick 0000000180020990 f   sfc_debug:sfcdebug.obj
 0001:0001fa10       sf_debug_disp              0000000180020a10 f   sfc_debug:sfcdebug.obj
 0001:0001fce0       sf_debug_data_runtime_size_mismatch_error_check 0000000180020ce0 f   sfc_debug:sfcdebug.obj
 0001:0001fd90       sf_debug_try_loading_machine 0000000180020d90 f   sfc_debug:sfcdebug.obj
 0001:0001fe90       sf_debug_reset_current_state_configuration 0000000180020e90 f   sfc_debug:sfcdebug.obj
 0001:0001ff10       sf_debug_store_current_state_configuration 0000000180020f10 f   sfc_debug:sfcdebug.obj
 0001:0001ff90       sf_debug_restore_previous_state_configuration 0000000180020f90 f   sfc_debug:sfcdebug.obj
 0001:00020010       sf_debug_restore_previous_state_configuration2 0000000180021010 f   sfc_debug:sfcdebug.obj
 0001:00020090       sf_debug_get_event_scope   0000000180021090 f   sfc_debug:sfcdebug.obj
 0001:00020200       use_debugger_step_animation 0000000180021200 f   sfc_debug:sfcdebug.obj
 0001:00020220       sf_debug_get_script_id     0000000180021220 f   sfc_debug:sfcdebug.obj
 0001:000202b0       sf_debug_set_script_translation 00000001800212b0 f   sfc_debug:sfcdebug.obj
 0001:00020430       sf_debug_extract_message_post_receive_info 0000000180021430 f   sfc_debug:sfcdebug.obj
 0001:000205f0       sf_debug_get_current_machine_id 00000001800215f0 f   sfc_debug:sfcdebug.obj
 0001:00020610       sf_debug_get_current_optional_integer 0000000180021610 f   sfc_debug:sfcdebug.obj
 0001:00020620       sf_debug_get_current_machine_number 0000000180021620 f   sfc_debug:sfcdebug.obj
 0001:00020640       sf_debug_get_current_machine_name 0000000180021640 f   sfc_debug:sfcdebug.obj
 0001:00020660       sf_debug_get_current_chart_id 0000000180021660 f   sfc_debug:sfcdebug.obj
 0001:000206a0       sf_debug_get_current_chart_number 00000001800216a0 f   sfc_debug:sfcdebug.obj
 0001:000206b0       sf_debug_get_current_instance_number 00000001800216b0 f   sfc_debug:sfcdebug.obj
 0001:000206c0       sf_debug_get_current_is_minor_time_step 00000001800216c0 f   sfc_debug:sfcdebug.obj
 0001:00020740       sf_debug_get_current_object_type 0000000180021740 f   sfc_debug:sfcdebug.obj
 0001:00020750       sf_debug_get_current_instance_handle 0000000180021750 f   sfc_debug:sfcdebug.obj
 0001:000207b0       sf_debug_get_current_event_type 00000001800217b0 f   sfc_debug:sfcdebug.obj
 0001:000207c0       sf_debug_get_current_object_id 00000001800217c0 f   sfc_debug:sfcdebug.obj
 0001:00020800       sf_debug_get_current_active_event_type 0000000180021800 f   sfc_debug:sfcdebug.obj
 0001:00020810       sf_debug_get_current_active_event_id 0000000180021810 f   sfc_debug:sfcdebug.obj
 0001:00020850       sf_debug_get_current_tag_type 0000000180021850 f   sfc_debug:sfcdebug.obj
 0001:00020860       sf_debug_get_current_simulation_time 0000000180021860 f   sfc_debug:sfcdebug.obj
 0001:00020870       sf_debug_get_current_coverage_percentage 0000000180021870 f   sfc_debug:sfcdebug.obj
 0001:00020880       sf_debug_current_statement_context 0000000180021880 f   sfc_debug:sfcdebug.obj
 0001:00020900       sf_debug_get_current_statement_info 0000000180021900 f   sfc_debug:sfcdebug.obj
 0001:00020aa0       sf_debug_terminate_instance 0000000180021aa0 f   sfc_debug:sfcdebug.obj
 0001:00020dc0       sf_debug_assertion_failed  0000000180021dc0 f   sfc_debug:sfcdebug.obj
 0001:00020f90       sf_debug_create_debug_instance_struct 0000000180021f90 f   sfc_debug:sfcdebug.obj
 0001:00020fe0       sf_debug_set_number_of_data_with_change_event_for_machine 0000000180021fe0 f   sfc_debug:sfcdebug.obj
 0001:00021030       sf_debug_set_machine_event_thresholds 0000000180022030 f   sfc_debug:sfcdebug.obj
 0001:00021050       sf_debug_set_machine_event_scope 0000000180022050 f   sfc_debug:sfcdebug.obj
 0001:000210a0       sf_debug_set_machine_data_thresholds 00000001800220a0 f   sfc_debug:sfcdebug.obj
 0001:000210f0       sf_debug_set_machine_data_scope 00000001800220f0 f   sfc_debug:sfcdebug.obj
 0001:00021190       sf_debug_set_machine_data_name 0000000180022190 f   sfc_debug:sfcdebug.obj
 0001:00021240       sf_debug_set_machine_data_size 0000000180022240 f   sfc_debug:sfcdebug.obj
 0001:00021390       sf_debug_set_machine_data_type 0000000180022390 f   sfc_debug:sfcdebug.obj
 0001:00021500       sf_debug_get_chart_data_number 0000000180022500 f   sfc_debug:sfcdebug.obj
 0001:00021520       sf_debug_get_chart_event_number 0000000180022520 f   sfc_debug:sfcdebug.obj
 0001:00021540       sf_debug_set_chart_state_info 0000000180022540 f   sfc_debug:sfcdebug.obj
 0001:000215d0       sf_debug_set_chart_decomposition 00000001800225d0 f   sfc_debug:sfcdebug.obj
 0001:00021640       sf_debug_set_chart_substate_count 0000000180022640 f   sfc_debug:sfcdebug.obj
 0001:00021720       sf_debug_set_chart_substate_index 0000000180022720 f   sfc_debug:sfcdebug.obj
 0001:000217a0       sf_debug_set_chart_state_substate_count 00000001800227a0 f   sfc_debug:sfcdebug.obj
 0001:000218c0       sf_debug_set_chart_state_substate_index 00000001800228c0 f   sfc_debug:sfcdebug.obj
 0001:00021950       sf_debug_set_number_of_data_with_change_event_for_chart 0000000180022950 f   sfc_debug:sfcdebug.obj
 0001:000219e0       sf_debug_set_number_of_states_with_entry_event_for_chart 00000001800229e0 f   sfc_debug:sfcdebug.obj
 0001:00021a60       sf_debug_set_number_of_states_with_exit_event_for_chart 0000000180022a60 f   sfc_debug:sfcdebug.obj
 0001:00021ae0       sf_debug_set_chart_disable_implicit_casting 0000000180022ae0 f   sfc_debug:sfcdebug.obj
 0001:00021b50       sf_debug_set_chart_event_thresholds 0000000180022b50 f   sfc_debug:sfcdebug.obj
 0001:00021bd0       sf_debug_set_chart_data_compiled_props 0000000180022bd0 f   sfc_debug:sfcdebug.obj
 0001:00021f10       sf_debug_set_chart_data_props 0000000180022f10 f   sfc_debug:sfcdebug.obj
 0001:00022230       sf_debug_check_fi_license  0000000180023230 f   sfc_debug:sfcdebug.obj
 0001:000223f0       sf_debug_symbol_scope_push 00000001800233f0 f   sfc_debug:sfcdebug.obj
 0001:00022430       sf_debug_symbol_scope_push_eml 0000000180023430 f   sfc_debug:sfcdebug.obj
 0001:00022480       sf_debug_symbol_scope_pop  0000000180023480 f   sfc_debug:sfcdebug.obj
 0001:000224c0       sf_debug_symbol_scope_add_importable 00000001800234c0 f   sfc_debug:sfcdebug.obj
 0001:00022540       sf_debug_symbol_scope_add  0000000180023540 f   sfc_debug:sfcdebug.obj
 0001:000225c0       sf_debug_symbol_scope_add_dyn_importable 00000001800235c0 f   sfc_debug:sfcdebug.obj
 0001:00022680       sf_debug_symbol_scope_add_dyn 0000000180023680 f   sfc_debug:sfcdebug.obj
 0001:000226c0       sf_debug_symbol_scope_add_eml_importable 00000001800236c0 f   sfc_debug:sfcdebug.obj
 0001:00022700       sf_debug_symbol_scope_add_eml 0000000180023700 f   sfc_debug:sfcdebug.obj
 0001:00022740       sf_debug_symbol_scope_add_eml_dyn_importable 0000000180023740 f   sfc_debug:sfcdebug.obj
 0001:000227a0       sf_debug_symbol_scope_add_eml_dyn 00000001800237a0 f   sfc_debug:sfcdebug.obj
 0001:00022800       sf_debug_symbol_switch     0000000180023800 f   sfc_debug:sfcdebug.obj
 0001:00022820       sf_debug_symbol_scope_add_verbose 0000000180023820 f   sfc_debug:sfcdebug.obj
 0001:000228f0       sf_debug_set_machine_data_value_ptr 00000001800238f0 f   sfc_debug:sfcdebug.obj
 0001:00022930       sf_debug_set_instance_data_value_ptr 0000000180023930 f   sfc_debug:sfcdebug.obj
 0001:00022a00       sf_debug_unset_instance_data_value_ptr 0000000180023a00 f   sfc_debug:sfcdebug.obj
 0001:00022ab0       sf_debug_set_chart_event_scope 0000000180023ab0 f   sfc_debug:sfcdebug.obj
 0001:00022b30       sf_debug_set_chart_transition_coverage_maps 0000000180023b30 f   sfc_debug:sfcdebug.obj
 0001:00022c30       sf_debug_set_chart_state_coverage_maps 0000000180023c30 f   sfc_debug:sfcdebug.obj
 0001:00022d00       sf_debug_set_instance_transition_coverage_weights 0000000180023d00 f   sfc_debug:sfcdebug.obj
 0001:00022d90       sf_debug_set_instance_state_coverage_weights 0000000180023d90 f   sfc_debug:sfcdebug.obj
 0001:00022fe0       sf_debug_unload_machine    0000000180023fe0 f   sfc_debug:sfcdebug.obj
 0001:00023030       sf_debug_load_machine      0000000180024030 f   sfc_debug:sfcdebug.obj
 0001:00023140       sf_debug_set_active_instance_in_data_dictionary 0000000180024140 f   sfc_debug:sfcdebug.obj
 0001:00023320       sf_debug_set_active_instance 0000000180024320 f   sfc_debug:sfcdebug.obj
 0001:00023480       sf_debug_chart_visiblity_change 0000000180024480 f   sfc_debug:sfcdebug.obj
 0001:00023570       sf_debug_select_chart      0000000180024570 f   sfc_debug:sfcdebug.obj
 0001:000236d0       sf_debug_set_instance_cv_ids 00000001800246d0 f   sfc_debug:sfcdebug.obj
 0001:00023a00       sf_debug_select_charts     0000000180024a00 f   sfc_debug:sfcdebug.obj
 0001:00023bb0       sf_debug_initialized       0000000180024bb0 f   sfc_debug:sfcdebug.obj
 0001:00023bd0       sf_debug_is_uninterruptible 0000000180024bd0 f   sfc_debug:sfcdebug.obj
 0001:00023c00       sf_debug_initialize_debugger_gui 0000000180024c00 f   sfc_debug:sfcdebug.obj
 0001:00023fe0       sf_debug_resume            0000000180024fe0 f   sfc_debug:sfcdebug.obj
 0001:00024000       sf_debug_go                0000000180025000 f   sfc_debug:sfcdebug.obj
 0001:00024010       sf_debug_break             0000000180025010 f   sfc_debug:sfcdebug.obj
 0001:00024020       sf_debug_step_over         0000000180025020 f   sfc_debug:sfcdebug.obj
 0001:00024030       sf_debug_step_out          0000000180025030 f   sfc_debug:sfcdebug.obj
 0001:00024040       sf_debug_set_disable_all_breakpoints 0000000180025040 f   sfc_debug:sfcdebug.obj
 0001:00024050       sf_debug_disable_all_breakpoints_and_go 0000000180025050 f   sfc_debug:sfcdebug.obj
 0001:00024060       sf_debug_break_on_chart_entry 0000000180025060 f   sfc_debug:sfcdebug.obj
 0001:00024070       sf_debug_break_on_event_broadcast 0000000180025070 f   sfc_debug:sfcdebug.obj
 0001:00024080       sf_debug_break_on_state_entry 0000000180025080 f   sfc_debug:sfcdebug.obj
 0001:00024090       sf_debug_break_between_times 0000000180025090 f   sfc_debug:sfcdebug.obj
 0001:000240b0       sf_debug_browse_data       00000001800250b0 f   sfc_debug:sfcdebug.obj
 0001:000240c0       sf_debug_watch_data        00000001800250c0 f   sfc_debug:sfcdebug.obj
 0001:000240f0       sf_debug_assign_data       00000001800250f0 f   sfc_debug:sfcdebug.obj
 0001:00024100       sf_debug_whos              0000000180025100 f   sfc_debug:sfcdebug.obj
 0001:00024120       sf_debug_get_consistency_info 0000000180025120 f   sfc_debug:sfcdebug.obj
 0001:00024130       sf_debug_browse_trace      0000000180025130 f   sfc_debug:sfcdebug.obj
 0001:00024140       sf_debug_set_breakpoints   0000000180025140 f   sfc_debug:sfcdebug.obj
 0001:000242b0       sf_debug_set_eml_breakpoints 00000001800252b0 f   sfc_debug:sfcdebug.obj
 0001:00024410       sf_debug_set_script_breakpoints 0000000180025410 f   sfc_debug:sfcdebug.obj
 0001:00024490       sf_debug_add_script_breakpoints 0000000180025490 f   sfc_debug:sfcdebug.obj
 0001:00024500       sf_debug_clear_script_breakpoints 0000000180025500 f   sfc_debug:sfcdebug.obj
 0001:00024570       sf_debug_query_script_breakpoints 0000000180025570 f   sfc_debug:sfcdebug.obj
 0001:00024620       sf_debug_get_eml_script_id 0000000180025620 f   sfc_debug:sfcdebug.obj
 0001:00024670       sf_debug_set_watch         0000000180025670 f   sfc_debug:sfcdebug.obj
 0001:00024890       sf_debug_get_instance_handle 0000000180025890 f   sfc_debug:sfcdebug.obj
 0001:00024920       sf_debug_get_active_states 0000000180025920 f   sfc_debug:sfcdebug.obj
 0001:00024930       sf_debug_set_honor_breakpoints 0000000180025930 f   sfc_debug:sfcdebug.obj
 0001:00024940       sf_debug_get_animation     0000000180025940 f   sfc_debug:sfcdebug.obj
 0001:00024950       sf_debug_set_animation     0000000180025950 f   sfc_debug:sfcdebug.obj
 0001:00024960       sf_debug_animate           0000000180025960 f   sfc_debug:sfcdebug.obj
 0001:00024980       sf_debug_cycle_detection_check 0000000180025980 f   sfc_debug:sfcdebug.obj
 0001:00024990       sf_debug_data_range_check  0000000180025990 f   sfc_debug:sfcdebug.obj
 0001:000249a0       sf_debug_transition_conflict_check 00000001800259a0 f   sfc_debug:sfcdebug.obj
 0001:000249b0       sf_debug_state_consistency_check 00000001800259b0 f   sfc_debug:sfcdebug.obj
 0001:000249c0       sf_debug_data_range_check_enabled 00000001800259c0 f   sfc_debug:sfcdebug.obj
 0001:000249e0       sf_debug_transition_conflict_check_enabled 00000001800259e0 f   sfc_debug:sfcdebug.obj
 0001:00024a00       sf_debug_transition_conflict_check_begin 0000000180025a00 f   sfc_debug:sfcdebug.obj
 0001:00024a20       sf_debug_transition_conflict_check_end 0000000180025a20 f   sfc_debug:sfcdebug.obj
 0001:00024a40       sf_debug_stop_debugging    0000000180025a40 f   sfc_debug:sfcdebug.obj
 0001:00024a70       sf_debug_is_cycle_detected 0000000180025a70 f   sfc_debug:sfcdebug.obj
 0001:00024a80       sf_debug_is_array_bounds_detected 0000000180025a80 f   sfc_debug:sfcdebug.obj
 0001:00024a90       sf_debug_get_state_vectors_data_size 0000000180025a90 f   sfc_debug:sfcdebug.obj
 0001:00024ad0       sf_debug_get_state_vectors_data 0000000180025ad0 f   sfc_debug:sfcdebug.obj
 0001:00024be0       sf_debug_set_state_vectors_data 0000000180025be0 f   sfc_debug:sfcdebug.obj
 0001:00024e70       sf_debug_get_script_index  0000000180025e70 f   sfc_debug:sfcdebug.obj
 0001:00025000       sf_debug_add_script        0000000180026000 f   sfc_debug:sfcdebug.obj
 0001:00025190       cv_eval_point              0000000180026190 f   sfc_debug:sfcdebug.obj
 0001:00025300       cv_eval_testobjective      0000000180026300 f   sfc_debug:sfcdebug.obj
 0001:00025410       sf_debug_cv_init_state     0000000180026410 f   sfc_debug:sfcdebug.obj
 0001:00025540       sf_debug_cv_init_chart     0000000180026540 f   sfc_debug:sfcdebug.obj
 0001:00025630       sf_debug_cv_init_trans     0000000180026630 f   sfc_debug:sfcdebug.obj
 0001:00025740       sf_debug_cv_init_saturation 0000000180026740 f   sfc_debug:sfcdebug.obj
 0001:00025840       sf_debug_cv_init_testobjectives 0000000180026840 f   sfc_debug:sfcdebug.obj
 0001:00025a20       cv_eml_init_script         0000000180026a20 f   sfc_debug:sfcdebug.obj
 0001:00025b40       cv_eml_init_fcn            0000000180026b40 f   sfc_debug:sfcdebug.obj
 0001:00025c50       cv_eml_init_testobjective  0000000180026c50 f   sfc_debug:sfcdebug.obj
 0001:00025d30       cv_eml_init_saturation     0000000180026d30 f   sfc_debug:sfcdebug.obj
 0001:00025e00       cv_eml_init_if             0000000180026e00 f   sfc_debug:sfcdebug.obj
 0001:00025ee0       cv_eml_init_for            0000000180026ee0 f   sfc_debug:sfcdebug.obj
 0001:00025fb0       cv_eml_init_while          0000000180026fb0 f   sfc_debug:sfcdebug.obj
 0001:00026080       cv_eml_init_mcdc           0000000180027080 f   sfc_debug:sfcdebug.obj
 0001:000261a0       cv_eml_init_switch         00000001800271a0 f   sfc_debug:sfcdebug.obj
 0001:000262a0       cv_eml_eval                00000001800272a0 f   sfc_debug:sfcdebug.obj
 0001:00026390       sf_debug_bm_is_a_eml_breakpoint 0000000180027390 f   sfc_debug:sfcdebug.obj
 0001:000264e0       sf_debug_temporal_threshold 00000001800274e0 f   sfc_debug:sfcdebug.obj
 0001:00026850       sf_debug_transition_conflict_error 0000000180027850 f   sfc_debug:sfcdebug.obj
 0001:00026bb0       sf_debug_state_inconsistency_error 0000000180027bb0 f   sfc_debug:sfcdebug.obj
 0001:00026cd0       sf_debug_check_for_state_inconsistency 0000000180027cd0 f   sfc_debug:sfcdebug.obj
 0001:00026d10       sf_debug_cycle_detecton_error 0000000180027d10 f   sfc_debug:sfcdebug.obj
 0001:00027460       sf_debug_size_eq_check_1d  0000000180028460 f   sfc_debug:sfcdebug.obj
 0001:00027480       sf_debug_size_eq_check_nd  0000000180028480 f   sfc_debug:sfcdebug.obj
 0001:00027680       sf_debug_dim_size_eq_check 0000000180028680 f   sfc_debug:sfcdebug.obj
 0001:000276b0       sf_debug_dim_size_geq_check 00000001800286b0 f   sfc_debug:sfcdebug.obj
 0001:000276e0       sf_debug_sub_assign_size_check_nd 00000001800286e0 f   sfc_debug:sfcdebug.obj
 0001:000278c0       sf_debug_matrix_matrix_index_check 00000001800288c0 f   sfc_debug:sfcdebug.obj
 0001:00027910       sf_debug_vector_vector_index_check 0000000180028910 f   sfc_debug:sfcdebug.obj
 0001:00027960       sf_debug_for_loop_vector_check 0000000180028960 f   sfc_debug:sfcdebug.obj
 0001:00027a00       sf_debug_runtime_error_msgid 0000000180028a00 f   sfc_debug:sfcdebug.obj
 0001:00027aa0       sf_debug_data_array_bounds_error_check 0000000180028aa0 f   sfc_debug:sfcdebug.obj
 0001:00027bb0       sf_debug_eml_data_array_bounds_error_check 0000000180028bb0 f   sfc_debug:sfcdebug.obj
 0001:00028070       sf_debug_integer_check     0000000180029070 f   sfc_debug:sfcdebug.obj
 0001:00028160       sf_debug_not_nan_check     0000000180029160 f   sfc_debug:sfcdebug.obj
 0001:00028230       sf_debug_non_negative_check 0000000180029230 f   sfc_debug:sfcdebug.obj
 0001:00028300       sf_debug_overflow_detection 0000000180029300 f   sfc_debug:sfcdebug.obj
 0001:00028960       sf_debug_cast_to_real32_T  0000000180029960 f   sfc_debug:sfcdebug.obj
 0001:00028a30       sf_debug_cast_to_int8_T    0000000180029a30 f   sfc_debug:sfcdebug.obj
 0001:00028b00       sf_debug_cast_to_uint8_T   0000000180029b00 f   sfc_debug:sfcdebug.obj
 0001:00028bd0       sf_debug_cast_to_int16_T   0000000180029bd0 f   sfc_debug:sfcdebug.obj
 0001:00028ca0       sf_debug_cast_to_uint16_T  0000000180029ca0 f   sfc_debug:sfcdebug.obj
 0001:00028d70       sf_debug_cast_to_int32_T   0000000180029d70 f   sfc_debug:sfcdebug.obj
 0001:00028e40       sf_debug_cast_to_uint32_T  0000000180029e40 f   sfc_debug:sfcdebug.obj
 0001:00028f10       sf_debug_data_range_error  0000000180029f10 f   sfc_debug:sfcdebug.obj
 0001:00029220       sf_debug_read_before_write_check 000000018002a220 f   sfc_debug:sfcdebug.obj
 0001:00029650       sf_debug_data_range_error_wrapper_min_max 000000018002a650 f   sfc_debug:sfcdebug.obj
 0001:00029770       sf_debug_data_range_error_wrapper_min 000000018002a770 f   sfc_debug:sfcdebug.obj
 0001:00029880       sf_debug_data_range_error_wrapper_max 000000018002a880 f   sfc_debug:sfcdebug.obj
 0001:00029990       sf_debug_data_range_wrapper 000000018002a990 f   sfc_debug:sfcdebug.obj
 0001:00029a50       sf_debug_set_current_status_info 000000018002aa50 f   sfc_debug:sfcdebug.obj
 0001:00029df0       sf_debug_register_message_post_receive_info 000000018002adf0 f   sfc_debug:sfcdebug.obj
 0001:0002a040       sf_debug_call              000000018002b040 f   sfc_debug:sfcdebug.obj
 0001:0002a9a0       sf_debug_initialize_machine 000000018002b9a0 f   sfc_debug:sfcdebug.obj
 0001:0002ac50       sf_debug_initialize_chart  000000018002bc50 f   sfc_debug:sfcdebug.obj
 0001:0002b0a0       sf_debug_ensure_script     000000018002c0a0 f   sfc_debug:sfcdebug.obj
 0001:0002b150       cv_eval_saturation         000000018002c150 f   sfc_debug:sfcdebug.obj
 0001:0002b2d0       cv_saturation_accum        000000018002c2d0 f   sfc_debug:sfcdebug.obj
 0001:0002b410       cv_script_init_script      000000018002c410 f   sfc_debug:sfcdebug.obj
 0001:0002b500       cv_script_init_fcn         000000018002c500 f   sfc_debug:sfcdebug.obj
 0001:0002b5c0       cv_script_init_testobjective 000000018002c5c0 f   sfc_debug:sfcdebug.obj
 0001:0002b680       cv_script_init_saturation  000000018002c680 f   sfc_debug:sfcdebug.obj
 0001:0002b730       cv_script_init_if          000000018002c730 f   sfc_debug:sfcdebug.obj
 0001:0002b7f0       cv_script_init_for         000000018002c7f0 f   sfc_debug:sfcdebug.obj
 0001:0002b8a0       cv_script_init_while       000000018002c8a0 f   sfc_debug:sfcdebug.obj
 0001:0002b950       cv_script_init_mcdc        000000018002c950 f   sfc_debug:sfcdebug.obj
 0001:0002ba50       cv_script_init_switch      000000018002ca50 f   sfc_debug:sfcdebug.obj
 0001:0002bb30       cv_script_eval             000000018002cb30 f   sfc_debug:sfcdebug.obj
 0001:0002bc00       eml_debug_line_call        000000018002cc00 f   sfc_debug:sfcdebug.obj
 0001:0002bdd0       sf_debug_terminate         000000018002cdd0 f   sfc_debug:sfcdebug.obj
 0001:0002bfe0       sf_debug_set_script_cv_ids 000000018002cfe0 f   sfc_debug:sfcdebug.obj
 0001:0002c110       sf_debug_api               000000018002d110 f   sfc_debug:sfc_api.obj
 0001:0002da00       sf_debug_sm_terminate      000000018002ea00 f   sfc_debug:sfdb_animation.obj
 0001:0002dbb0       sf_debug_reset_path_objects 000000018002ebb0 f   sfc_debug:sfdb_animation.obj
 0001:0002dc30       sf_debug_sm_reset_object_selection_status 000000018002ec30 f   sfc_debug:sfdb_animation.obj
 0001:0002dcd0       sf_debug_sm_reset_state_buffer 000000018002ecd0 f   sfc_debug:sfdb_animation.obj
 0001:0002dda0       sf_debug_sm_store_state_buffer 000000018002eda0 f   sfc_debug:sfdb_animation.obj
 0001:0002de20       sf_debug_sm_restore_state_buffer1 000000018002ee20 f   sfc_debug:sfdb_animation.obj
 0001:0002de90       sf_debug_sm_restore_state_buffer2 000000018002ee90 f   sfc_debug:sfdb_animation.obj
 0001:0002df00       sf_debug_sm_chart_active   000000018002ef00 f   sfc_debug:sfdb_animation.obj
 0001:0002df50       sf_debug_sm_select_active_objects 000000018002ef50 f   sfc_debug:sfdb_animation.obj
 0001:0002e420       sf_debug_sm_is_chart_active 000000018002f420 f   sfc_debug:sfdb_animation.obj
 0001:0002e460       sf_debug_sm_is_state_active 000000018002f460 f   sfc_debug:sfdb_animation.obj
 0001:0002e6a0       sf_debug_sm_get_active_states 000000018002f6a0 f   sfc_debug:sfdb_animation.obj
 0001:0002ec50       sf_debug_sm_initialize_instance 000000018002fc50 f   sfc_debug:sfdb_animation.obj
 0001:0002ee60       sf_debug_sm_change_object_selection_status 000000018002fe60 f   sfc_debug:sfdb_animation.obj
 0001:0002f130       cv_create_interface        0000000180030130 f   sfc_debug:cv_sfinterface.obj
 0001:0002f440       cv_init_trans              0000000180030440 f   sfc_debug:cv_sfinterface.obj
 0001:0002f490       cv_init_saturation         0000000180030490 f   sfc_debug:cv_sfinterface.obj
 0001:0002f4d0       cv_init_testobjective      00000001800304d0 f   sfc_debug:cv_sfinterface.obj
 0001:0002f510       cv_init_state              0000000180030510 f   sfc_debug:cv_sfinterface.obj
 0001:0002f580       cv_init_chart              0000000180030580 f   sfc_debug:cv_sfinterface.obj
 0001:0002f5d0       cv_dec_update_call         00000001800305d0 f   sfc_debug:cv_sfinterface.obj
 0001:0002f610       cv_cond_update_call        0000000180030610 f   sfc_debug:cv_sfinterface.obj
 0001:0002f650       cv_saturation_update_call  0000000180030650 f   sfc_debug:cv_sfinterface.obj
 0001:0002f690       cv_saturation_update_accum 0000000180030690 f   sfc_debug:cv_sfinterface.obj
 0001:0002f6d0       cv_testobjective_update_call 00000001800306d0 f   sfc_debug:cv_sfinterface.obj
 0001:0002f710       cv_sigrange_update         0000000180030710 f   sfc_debug:cv_sfinterface.obj
 0001:0002f750       cvsf_eml_eval              0000000180030750 f   sfc_debug:cv_sfinterface.obj
 0001:0002f830       cvsf_eml_init_script       0000000180030830 f   sfc_debug:cv_sfinterface.obj
 0001:0002f8c0       cvsf_eml_init_fcn          00000001800308c0 f   sfc_debug:cv_sfinterface.obj
 0001:0002f920       cvsf_eml_init_testobjective 0000000180030920 f   sfc_debug:cv_sfinterface.obj
 0001:0002f980       cvsf_eml_init_saturation   0000000180030980 f   sfc_debug:cv_sfinterface.obj
 0001:0002f9d0       cvsf_eml_init_if           00000001800309d0 f   sfc_debug:cv_sfinterface.obj
 0001:0002fa30       cvsf_eml_init_for          0000000180030a30 f   sfc_debug:cv_sfinterface.obj
 0001:0002fa80       cvsf_eml_init_while        0000000180030a80 f   sfc_debug:cv_sfinterface.obj
 0001:0002fad0       cvsf_eml_init_mcdc         0000000180030ad0 f   sfc_debug:cv_sfinterface.obj
 0001:0002fb60       cvsf_eml_init_switch       0000000180030b60 f   sfc_debug:cv_sfinterface.obj
 0001:0002fbd0       cvsf_script_eval           0000000180030bd0 f   sfc_debug:cv_sfinterface.obj
 0001:0002fcb0       cvsf_script_init_script    0000000180030cb0 f   sfc_debug:cv_sfinterface.obj
 0001:0002fd40       cvsf_script_init_fcn       0000000180030d40 f   sfc_debug:cv_sfinterface.obj
 0001:0002fda0       cvsf_script_init_testobjective 0000000180030da0 f   sfc_debug:cv_sfinterface.obj
 0001:0002fe00       cvsf_script_init_saturation 0000000180030e00 f   sfc_debug:cv_sfinterface.obj
 0001:0002fe50       cvsf_script_init_if        0000000180030e50 f   sfc_debug:cv_sfinterface.obj
 0001:0002feb0       cvsf_script_init_for       0000000180030eb0 f   sfc_debug:cv_sfinterface.obj
 0001:0002ff00       cvsf_script_init_while     0000000180030f00 f   sfc_debug:cv_sfinterface.obj
 0001:0002ff50       cvsf_script_init_mcdc      0000000180030f50 f   sfc_debug:cv_sfinterface.obj
 0001:0002ffe0       cvsf_script_init_switch    0000000180030fe0 f   sfc_debug:cv_sfinterface.obj
 0001:00030050       cv_destroy_interface       0000000180031050 f   sfc_debug:cv_sfinterface.obj
 0001:00030070       cv_create_instance_objects 0000000180031070 f   sfc_debug:cv_sfinterface.obj
 0001:000304e0       cv_is_enabled              00000001800314e0 f   sfc_debug:cv_sfinterface.obj
 0001:000304f0       sf_debug_cv_initialize_script 00000001800314f0 f   sfc_debug:cv_sfinterface.obj
 0001:00030680       sf_debug_cv_initialize_instance 0000000180031680 f   sfc_debug:cv_sfinterface.obj
 0001:00030a10       sf_debug_cv_terminate_chart 0000000180031a10 f   sfc_debug:cv_sfinterface.obj
 0001:00030b30       cv_call_trans_test         0000000180031b30 f   sfc_debug:cv_sfinterface.obj
 0001:00030b40       cv_call_sub_cond_test      0000000180031b40 f   sfc_debug:cv_sfinterface.obj
 0001:00030b80       sf_debug_st_initialize_machine 0000000180031b80 f   sfc_debug:sfdb_data_browse.obj
 0001:00030c30       sf_debug_st_initialize_instance 0000000180031c30 f   sfc_debug:sfdb_data_browse.obj
 0001:00030e40       sf_debug_st_terminate      0000000180031e40 f   sfc_debug:sfdb_data_browse.obj
 0001:000311e0       sf_debug_st_set_data_value_ptr_in_machine 00000001800321e0 f   sfc_debug:sfdb_data_browse.obj
 0001:00031270       sf_debug_st_set_data_value_ptr_in_instance 0000000180032270 f   sfc_debug:sfdb_data_browse.obj
 0001:00031350       sf_debug_st_unset_data_value_ptr_in_machine 0000000180032350 f   sfc_debug:sfdb_data_browse.obj
 0001:000313c0       sf_debug_st_unset_data_value_ptr_in_instance 00000001800323c0 f   sfc_debug:sfdb_data_browse.obj
 0001:00031680       sf_debug_mx_value          0000000180032680 f   sfc_debug:sfdb_data_browse.obj
 0001:000316e0       sf_debug_mx_packed_vector  00000001800326e0 f   sfc_debug:sfdb_data_browse.obj
 0001:000317c0       sf_debug_mx_uint_vector    00000001800327c0 f   sfc_debug:sfdb_data_browse.obj
 0001:00031870       sf_debug_st_get_double_value_from_void_ptr_vector 0000000180032870 f   sfc_debug:sfdb_data_browse.obj
 0001:00032350       sf_debug_st_browse_data    0000000180033350 f   sfc_debug:sfdb_data_browse.obj
 0001:00032b90       sf_debug_hm_initialize_instance 0000000180033b90 f   sfc_debug:sfdb_handle_management.obj
 0001:00033070       sf_debug_hm_get_object_id  0000000180034070 f   sfc_debug:sfdb_handle_management.obj
 0001:00033c20       sf_debug_hm_update_chart_visibility 0000000180034c20 f   sfc_debug:sfdb_handle_management.obj
 0001:00034e10       sf_debug_object_is_eml_function 0000000180035e10 f   sfc_debug:sfdb_handle_management.obj
 0001:00034e80       sf_debug_hm_initialize_ids_in_machine 0000000180035e80 f   sfc_debug:sfdb_handle_management.obj
 0001:00034ff0       sf_debug_hm_initialize_ids_in_chart 0000000180035ff0 f   sfc_debug:sfdb_handle_management.obj
 0001:000350f0       sf_debug_hm_initialize_chart 00000001800360f0 f   sfc_debug:sfdb_handle_management.obj
 0001:000357f0       sf_debug_hm_terminate      00000001800367f0 f   sfc_debug:sfdb_handle_management.obj
 0001:00035850       sf_debug_hm_initialize_machine 0000000180036850 f   sfc_debug:sfdb_handle_management.obj
 0001:00035f70       sf_debug_ss_initialize     0000000180036f70 f   sfc_debug:sfdb_symbol_scope.obj
 0001:00035f90       sf_debug_ss_terminate      0000000180036f90 f   sfc_debug:sfdb_symbol_scope.obj
 0001:00036020       sf_debug_ss_push_symbol_scope 0000000180037020 f   sfc_debug:sfdb_symbol_scope.obj
 0001:00036120       sf_debug_ss_push_symbol_scope_eml 0000000180037120 f   sfc_debug:sfdb_symbol_scope.obj
 0001:00036180       sf_debug_ss_pop_symbol_scope 0000000180037180 f   sfc_debug:sfdb_symbol_scope.obj
 0001:00036230       sf_debug_ss_add_symbol     0000000180037230 f   sfc_debug:sfdb_symbol_scope.obj
 0001:000363a0       sf_debug_ss_add_symbol_eml 00000001800373a0 f   sfc_debug:sfdb_symbol_scope.obj
 0001:000372a0       sf_debug_ss_set_data_value 00000001800382a0 f   sfc_debug:sfdb_symbol_scope.obj
 0001:000376f0       getInstanceNumber          00000001800386f0 f   sfc_debug:sfdb_symbol_scope.obj
 0001:000377c0       sf_debug_ss_watch_data     00000001800387c0 f   sfc_debug:sfdb_symbol_scope.obj
 0001:000379b0       sf_debug_ss_assign_data    00000001800389b0 f   sfc_debug:sfdb_symbol_scope.obj
 0001:000383c0       get_data_entry_name        00000001800393c0 f   sfc_debug:sfdb_symbol_scope.obj
 0001:00038410       sf_debug_ss_whos           0000000180039410 f   sfc_debug:sfdb_symbol_scope.obj
 0001:00038a60       sf_debug_cc_initialize_chart 0000000180039a60 f   sfc_debug:sfdb_coverage.obj
 0001:00039450       sf_debug_cc_initialize_instance 000000018003a450 f   sfc_debug:sfdb_coverage.obj
 0001:0003a190       sf_debug_cc_terminate      000000018003b190 f   sfc_debug:sfdb_coverage.obj
 0001:0003a280       sf_debug_cc_set_transition_maps 000000018003b280 f   sfc_debug:sfdb_coverage.obj
 0001:0003a3b0       sf_debug_cc_set_state_maps 000000018003b3b0 f   sfc_debug:sfdb_coverage.obj
 0001:0003a490       sf_debug_cc_set_transition_weights 000000018003b490 f   sfc_debug:sfdb_coverage.obj
 0001:0003a750       sf_debug_cc_set_state_weights 000000018003b750 f   sfc_debug:sfdb_coverage.obj
 0001:0003aa20       sf_debug_cc_mark_transition_guard 000000018003ba20 f   sfc_debug:sfdb_coverage.obj
 0001:0003aab0       sf_debug_cc_mark_transition_trigger 000000018003bab0 f   sfc_debug:sfdb_coverage.obj
 0001:0003ab40       sf_debug_cc_mark_transition_decision 000000018003bb40 f   sfc_debug:sfdb_coverage.obj
 0001:0003abb0       sf_debug_cc_mark_transition_condition_action 000000018003bbb0 f   sfc_debug:sfdb_coverage.obj
 0001:0003ac00       sf_debug_cc_mark_transition_transition_action 000000018003bc00 f   sfc_debug:sfdb_coverage.obj
 0001:0003ac50       sf_debug_cc_mark_state_entry 000000018003bc50 f   sfc_debug:sfdb_coverage.obj
 0001:0003aca0       sf_debug_cc_mark_state_during 000000018003bca0 f   sfc_debug:sfdb_coverage.obj
 0001:0003acf0       sf_debug_cc_mark_state_exit 000000018003bcf0 f   sfc_debug:sfdb_coverage.obj
 0001:0003ad40       sf_debug_bm_clear_script_breakpoints 000000018003bd40 f   sfc_debug:sfdb_breakpoints.obj
 0001:0003ad70       sf_debug_bm_set_script_breakpoint 000000018003bd70 f   sfc_debug:sfdb_breakpoints.obj
 0001:0003adf0       sf_debug_bm_clear_single_script_breakpoint 000000018003bdf0 f   sfc_debug:sfdb_breakpoints.obj
 0001:0003ae70       sf_debug_bm_query_script_breakpoint 000000018003be70 f   sfc_debug:sfdb_breakpoints.obj
 0001:0003aec0       sf_debug_bm_initialize_scripts 000000018003bec0 f   sfc_debug:sfdb_breakpoints.obj
 0001:0003b550       sf_debug_bm_terminate      000000018003c550 f   sfc_debug:sfdb_breakpoints.obj
 0001:0003b830       sf_debug_bm_remove_all_breakpoints_in_machine 000000018003c830 f   sfc_debug:sfdb_breakpoints.obj
 0001:0003b890       sf_debug_bm_remove_all_breakpoints_in_chart 000000018003c890 f   sfc_debug:sfdb_breakpoints.obj
 0001:0003b9e0       sf_debug_bm_initialize_global_breakpoints 000000018003c9e0 f   sfc_debug:sfdb_breakpoints.obj
 0001:0003bb60       sf_debug_bm_set_breakpoint 000000018003cb60 f   sfc_debug:sfdb_breakpoints.obj
 0001:0003c120       sf_debug_bm_set_eml_breakpoint 000000018003d120 f   sfc_debug:sfdb_breakpoints.obj
 0001:0003c1b0       sf_debug_bm_initialize_machine_breakpoint_map 000000018003d1b0 f   sfc_debug:sfdb_breakpoints.obj
 0001:0003c5d0       sf_debug_bm_is_a_breakpoint 000000018003d5d0 f   sfc_debug:sfdb_breakpoints.obj
 0001:0003caf0       sf_debug_bm_get_all_breakpoints_in_machine 000000018003daf0 f   sfc_debug:sfdb_breakpoints.obj
 0001:0003cdf0       sf_debug_bm_get_all_breakpoints_in_chart 000000018003ddf0 f   sfc_debug:sfdb_breakpoints.obj
 0001:0003d980       sf_debug_bm_initialize_machine 000000018003e980 f   sfc_debug:sfdb_breakpoints.obj
 0001:0003da50       sf_debug_bm_initialize_chart 000000018003ea50 f   sfc_debug:sfdb_breakpoints.obj
 0001:0003de40       sf_debug_sc_terminate      000000018003ee40 f   sfc_debug:sfdb_state_consistency.obj
 0001:0003e160       sf_debug_sc_is_chart_consistent 000000018003f160 f   sfc_debug:sfdb_state_consistency.obj
 0001:0003e410       sf_debug_sc_get_consistency_error_info 000000018003f410 f   sfc_debug:sfdb_state_consistency.obj
 0001:0003e820       sf_debug_tm_terminate      000000018003f820 f   sfc_debug:sfdb_call_stack.obj
 0001:0003e8d0       sf_debug_tm_push_chart_instance 000000018003f8d0 f   sfc_debug:sfdb_call_stack.obj
 0001:0003ea10       sf_debug_tm_pop_chart_instance 000000018003fa10 f   sfc_debug:sfdb_call_stack.obj
 0001:0003ea70       sf_debug_tm_push_trace_node 000000018003fa70 f   sfc_debug:sfdb_call_stack.obj
 0001:0003ebf0       sf_debug_tm_pop_trace_node 000000018003fbf0 f   sfc_debug:sfdb_call_stack.obj
 0001:0003ec70       sf_debug_tm_get_current_global_trace_index 000000018003fc70 f   sfc_debug:sfdb_call_stack.obj
 0001:0003ec80       sf_debug_tm_get_current_local_trace_index 000000018003fc80 f   sfc_debug:sfdb_call_stack.obj
 0001:0003ecb0       sf_debug_tm_set_cycle_detected_flag 000000018003fcb0 f   sfc_debug:sfdb_call_stack.obj
 0001:0003ecf0       sf_debug_tm_set_cycle_started_flag 000000018003fcf0 f   sfc_debug:sfdb_call_stack.obj
 0001:0003ed30       sf_debug_tm_get_chart_number_from_stack 000000018003fd30 f   sfc_debug:sfdb_call_stack.obj
 0001:0003ef30       sf_debug_tm_browse_trace   000000018003ff30 f   sfc_debug:sfdb_call_stack.obj
 0001:0003f240       sf_debug_cd_initialize_instance 0000000180040240 f   sfc_debug:sfdb_cycle_detection.obj
 0001:0003f4f0       sf_debug_cd_mark_processed_transition_in_instance 00000001800404f0 f   sfc_debug:sfdb_cycle_detection.obj
 0001:0003f590       sf_debug_cd_checksum_push  0000000180040590 f   sfc_debug:sfdb_cycle_detection.obj
 0001:0003f840       sf_debug_cd_checksum_pop   0000000180040840 f   sfc_debug:sfdb_cycle_detection.obj
 0001:0003f8b0       sf_debug_cd_turn_off_cycle_detection 00000001800408b0 f   sfc_debug:sfdb_cycle_detection.obj
 0001:0003f900       sf_debug_cd_terminate      0000000180040900 f   sfc_debug:sfdb_cycle_detection.obj
 0001:0003fb30       md5_initialize_state       0000000180040b30 f   sfc_debug:ckmd5.obj
 0001:000405c0       md5_update_state           00000001800415c0 f   sfc_debug:ckmd5.obj
 0001:000405e0       md5_get_hash               00000001800415e0 f   sfc_debug:ckmd5.obj
 0001:00040610       md5_get_hash_for_a_single_string 0000000180041610 f   sfc_debug:ckmd5.obj
 0001:00040670       mxGetPr                    0000000180041670 f   libmx:libmx.dll
 0001:00040676       mxCreateDoubleScalar       0000000180041676 f   libmx:libmx.dll
 0001:0004067c       mxCreateDoubleMatrix_730   000000018004167c f   libmx:libmx.dll
 0001:00040682       mxSetField_730             0000000180041682 f   libmx:libmx.dll
 0001:00040688       mxCreateString             0000000180041688 f   libmx:libmx.dll
 0001:0004068e       mxCreateStructMatrix_730   000000018004168e f   libmx:libmx.dll
 0001:00040694       mxCreateCellMatrix_730     0000000180041694 f   libmx:libmx.dll
 0001:0004069a       mxDestroyArray             000000018004169a f   libmx:libmx.dll
 0001:000406a0       mxDuplicateArray           00000001800416a0 f   libmx:libmx.dll
 0001:000406a6       mxIsEmpty                  00000001800416a6 f   libmx:libmx.dll
 0001:000406ac       mxGetString_730            00000001800416ac f   libmx:libmx.dll
 0001:000406b2       mxIsChar                   00000001800416b2 f   libmx:libmx.dll
 0001:000406b8       mxGetClassID               00000001800416b8 f   libmx:libmx.dll
 0001:000406be       mxIsNumeric                00000001800416be f   libmx:libmx.dll
 0001:000406c4       mxIsComplex                00000001800416c4 f   libmx:libmx.dll
 0001:000406ca       mxGetN                     00000001800416ca f   libmx:libmx.dll
 0001:000406d0       mxGetM                     00000001800416d0 f   libmx:libmx.dll
 0001:000406d6       mxCalloc                   00000001800416d6 f   libmx:libmx.dll
 0001:000406dc       mxGetScalar                00000001800416dc f   libmx:libmx.dll
 0001:000406e2       mxIsLogical                00000001800416e2 f   libmx:libmx.dll
 0001:000406e8       mxCreateDoubleMatrix_700   00000001800416e8 f   libmx:libmx.dll
 0001:000406ee       mxFree                     00000001800416ee f   libmx:libmx.dll
 0001:000406f4       mxArrayToString            00000001800416f4 f   libmx:libmx.dll
 0001:000406fa       mxCreateCellMatrix_700     00000001800416fa f   libmx:libmx.dll
 0001:00040700       mxSetCell_700              0000000180041700 f   libmx:libmx.dll
 0001:00040706       mxGetCell_700              0000000180041706 f   libmx:libmx.dll
 0001:0004070c       mxGetClassName             000000018004170c f   libmx:libmx.dll
 0001:00040712       mxSetField_700             0000000180041712 f   libmx:libmx.dll
 0001:00040718       mxAddField                 0000000180041718 f   libmx:libmx.dll
 0001:0004071e       mxGetField_700             000000018004171e f   libmx:libmx.dll
 0001:00040724       mxGetNumberOfElements      0000000180041724 f   libmx:libmx.dll
 0001:0004072a       mxIsStruct                 000000018004172a f   libmx:libmx.dll
 0001:00040730       mxIsA                      0000000180041730 f   libmx:libmx.dll
 0001:00040736       mxIsClass                  0000000180041736 f   libmx:libmx.dll
 0001:0004073c       mxGetLogicals              000000018004173c f   libmx:libmx.dll
 0001:00040742       mxIsSparse                 0000000180041742 f   libmx:libmx.dll
 0001:00040748       mxSetFieldByNumber_700     0000000180041748 f   libmx:libmx.dll
 0001:0004074e       mxGetFieldByNumber_700     000000018004174e f   libmx:libmx.dll
 0001:00040754       mxGetFieldNameByNumber     0000000180041754 f   libmx:libmx.dll
 0001:0004075a       mxGetNumberOfFields        000000018004175a f   libmx:libmx.dll
 0001:00040760       mxCreateStructMatrix_700   0000000180041760 f   libmx:libmx.dll
 0001:00040766       mxGetFieldNumber           0000000180041766 f   libmx:libmx.dll
 0001:0004076c       mxIsNaN                    000000018004176c f   libmx:libmx.dll
 0001:00040772       mxGetData                  0000000180041772 f   libmx:libmx.dll
 0001:00040778       mxGetImagData              0000000180041778 f   libmx:libmx.dll
 0001:0004077e       mxArrayClassIDName         000000018004177e f   libmx:libmx.dll
 0001:00040784       mxCreateNumericMatrix_700  0000000180041784 f   libmx:libmx.dll
 0001:0004078a       mxCreateStructArray_700    000000018004178a f   libmx:libmx.dll
 0001:00040790       mxCalcSingleSubscript_700  0000000180041790 f   libmx:libmx.dll
 0001:00040796       mxGetDimensions_700        0000000180041796 f   libmx:libmx.dll
 0001:0004079c       mxGetNumberOfDimensions_700 000000018004179c f   libmx:libmx.dll
 0001:000407a2       mxCreateNumericArray_700   00000001800417a2 f   libmx:libmx.dll
 0001:000407a8       mxGetElementSize           00000001800417a8 f   libmx:libmx.dll
 0001:000407ae       mxCreateStringFromNChars_700 00000001800417ae f   libmx:libmx.dll
 0001:000407b4       mxGetString_700            00000001800417b4 f   libmx:libmx.dll
 0001:000407ba       mxIsLogicalScalarTrue      00000001800417ba f   libmx:libmx.dll
 0001:000407c0       mxCreateLogicalScalar      00000001800417c0 f   libmx:libmx.dll
 0001:000407c6       mexUnlock                  00000001800417c6 f   libmex:libmex.dll
 0001:000407cc       mexIsLocked                00000001800417cc f   libmex:libmex.dll
 0001:000407d2       mexWarnMsgTxt              00000001800417d2 f   libmex:libmex.dll
 0001:000407d8       mexCallMATLAB              00000001800417d8 f   libmex:libmex.dll
 0001:000407de       mexErrMsgTxt               00000001800417de f   libmex:libmex.dll
 0001:000407e4       mexMakeArrayPersistent     00000001800417e4 f   libmex:libmex.dll
 0001:000407ea       mexSetTrapFlag             00000001800417ea f   libmex:libmex.dll
 0001:000407f0       mexPutVariable             00000001800417f0 f   libmex:libmex.dll
 0001:000407f6       mexGetVariable             00000001800417f6 f   libmex:libmex.dll
 0001:000407fc       mexLock                    00000001800417fc f   libmex:libmex.dll
 0001:00040802       mexMakeMemoryPersistent    0000000180041802 f   libmex:libmex.dll
 0001:00040808       mexFunctionName            0000000180041808 f   libmex:libmex.dll
 0001:0004080e       ssRegisterDataTypeFxpFSlopeFixExpBias 000000018004180e f   libfixedpoint:libfixedpoint.dll
 0001:00040814       ssRegisterDataTypeFxpScaledDouble 0000000180041814 f   libfixedpoint:libfixedpoint.dll
 0001:0004081a       utMalloc                   000000018004181a f   libut:libut.dll
 0001:00040820       utFree                     0000000180041820 f   libut:libut.dll
 0001:00040826       utVSNprintf                0000000180041826 f   libut:libut.dll
 0001:0004082c       utCPUtime                  000000018004182c f   libut:libut.dll
 0001:00040832       utCalloc                   0000000180041832 f   libut:libut.dll
 0001:00040838       utRealloc                  0000000180041838 f   libut:libut.dll
 0001:0004083e       muDoubleScalarSqrt         000000018004183e f   libmwmathutil:libmwmathutil.dll
 0001:00040844       muDoubleScalarAbs          0000000180041844 f   libmwmathutil:libmwmathutil.dll
 0001:0004084a       emlrtCreateRootTLS         000000018004184a f   libemlrt:libemlrt.dll
 0001:00040850       emlrtDestroyRootTLS        0000000180041850 f   libemlrt:libemlrt.dll
 0001:00040856       emlrtCheckBuiltInR2012b    0000000180041856 f   libemlrt:libemlrt.dll
 0001:0004085c       emlrtCheckVsBuiltInR2012b  000000018004185c f   libemlrt:libemlrt.dll
 0001:00040862       emlrtCheckEnumR2012b       0000000180041862 f   libemlrt:libemlrt.dll
 0001:00040868       emlrtCreateEnumR2012b      0000000180041868 f   libemlrt:libemlrt.dll
 0001:0004086e       emlrtGetEnumElementR2009a  000000018004186e f   libemlrt:libemlrt.dll
 0001:00040874       emlrtCreateReference       0000000180041874 f   libemlrt:libemlrt.dll
 0001:0004087a       emlrtImportVsFiArrayR2009b 000000018004187a f   libemlrt:libemlrt.dll
 0001:00040880       emlrtNameCapturePostProcessR2012a 0000000180041880 f   libemlrt:libemlrt.dll
 0001:00040886       emlrtExtractMessageId      0000000180041886 f   libemlrt:libemlrt.dll
 0001:0004088c       emlrtTranslateMessageIDtoLCPstring 000000018004188c f   libemlrt:libemlrt.dll
 0001:00040892       emlrtForLoopVectorIsValidR2011b 0000000180041892 f   libemlrt:libemlrt.dll
 0001:00040898       emlrtTranslateUTF16MessagetoLCPstring 0000000180041898 f   libemlrt:libemlrt.dll
 0001:0004089e       emlrtGetEnumUnderlyingArrayR2009a 000000018004189e f   libemlrt:libemlrt.dll
 0001:000408a4       emlrtIsEnumR2009a          00000001800418a4 f   libemlrt:libemlrt.dll
 0001:000408aa       dgemm                      00000001800418aa f   libmwblas:libmwblas.dll
 0001:000408b0       __GSHandlerCheckCommon     00000001800418b0 f   MSVCRT:gshandler.obj
 0001:00040914       __GSHandlerCheck           0000000180041914 f   MSVCRT:gshandler.obj
 0001:00040932       strlen                     0000000180041932 f   MSVCRT:MSVCR100.dll
 0001:00040950       __security_check_cookie    0000000180041950 f   MSVCRT:amdsecgs.obj
 0001:00040980       __chkstk                   0000000180041980 f   MSVCRT:chkstk.obj
 0001:00040980       _alloca_probe              0000000180041980     MSVCRT:chkstk.obj
 0001:000409ce       memset                     00000001800419ce f   MSVCRT:MSVCR100.dll
 0001:000409d4       strcmp                     00000001800419d4 f   MSVCRT:MSVCR100.dll
 0001:000409da       free                       00000001800419da f   MSVCRT:MSVCR100.dll
 0001:000409e0       sprintf                    00000001800419e0 f   MSVCRT:MSVCR100.dll
 0001:000409e6       malloc                     00000001800419e6 f   MSVCRT:MSVCR100.dll
 0001:000409ec       strcat                     00000001800419ec f   MSVCRT:MSVCR100.dll
 0001:000409f2       memcpy                     00000001800419f2 f   MSVCRT:MSVCR100.dll
 0001:000409f8       NtCurrentTeb               00000001800419f8 f i MSVCRT:crtdll.obj
 0001:00040a64       _CRT_INIT                  0000000180041a64 f   MSVCRT:crtdll.obj
 0001:00040dfc       _DllMainCRTStartup         0000000180041dfc f   MSVCRT:crtdll.obj
 0001:00040e3a       strncpy                    0000000180041e3a f   MSVCRT:MSVCR100.dll
 0001:00040e40       longjmp                    0000000180041e40 f   MSVCRT:MSVCR100.dll
 0001:00040e46       strncmp                    0000000180041e46 f   MSVCRT:MSVCR100.dll
 0001:00040e4c       ceil                       0000000180041e4c f   MSVCRT:MSVCR100.dll
 0001:00040e52       strrchr                    0000000180041e52 f   MSVCRT:MSVCR100.dll
 0001:00040e58       _setjmp                    0000000180041e58 f   MSVCRT:MSVCR100.dll
 0001:00040e5e       ldexp                      0000000180041e5e f   MSVCRT:MSVCR100.dll
 0001:00040e64       __report_gsfailure         0000000180041e64 f   MSVCRT:gs_report.obj
 0001:00040fb0       __clean_type_info_names    0000000180041fb0 f   MSVCRT:tncleanup.obj
 0001:00040fbc       _onexit                    0000000180041fbc f   MSVCRT:atonexit.obj
 0001:0004106c       atexit                     000000018004206c f   MSVCRT:atonexit.obj
 0001:00041084       _RTC_Initialize            0000000180042084 f   MSVCRT:_initsect_.obj
 0001:000410bc       _RTC_Terminate             00000001800420bc f   MSVCRT:_initsect_.obj
 0001:000410f4       _malloc_crt                00000001800420f4 f   MSVCRT:MSVCR100.dll
 0001:00041100       _ValidateImageBase         0000000180042100 f   MSVCRT:pesect.obj
 0001:00041130       _FindPESection             0000000180042130 f   MSVCRT:pesect.obj
 0001:00041180       _IsNonwritableInCurrentImage 0000000180042180 f   MSVCRT:pesect.obj
 0001:000411c2       _initterm                  00000001800421c2 f   MSVCRT:MSVCR100.dll
 0001:000411c8       _initterm_e                00000001800421c8 f   MSVCRT:MSVCR100.dll
 0001:000411ce       _encoded_null              00000001800421ce f   MSVCRT:MSVCR100.dll
 0001:000411d4       _amsg_exit                 00000001800421d4 f   MSVCRT:MSVCR100.dll
 0001:000411da       __C_specific_handler       00000001800421da f   MSVCRT:MSVCR100.dll
 0001:000411e0       __CppXcptFilter            00000001800421e0 f   MSVCRT:MSVCR100.dll
 0001:000411e8       DllMain                    00000001800421e8 f   MSVCRT:dllmain.obj
 0001:0004120c       __security_init_cookie     000000018004220c f   MSVCRT:gs_support.obj
 0001:000412c0       __crt_debugger_hook        00000001800422c0 f   MSVCRT:MSVCR100.dll
 0001:000412c6       __clean_type_info_names_internal 00000001800422c6 f   MSVCRT:MSVCR100.dll
 0001:000412cc       _unlock                    00000001800422cc f   MSVCRT:MSVCR100.dll
 0001:000412d2       __dllonexit                00000001800422d2 f   MSVCRT:MSVCR100.dll
 0001:000412d8       _lock                      00000001800422d8 f   MSVCRT:MSVCR100.dll
 0001:000412de       EncodePointer              00000001800422de f   kernel32:KERNEL32.dll
 0001:000412e4       DecodePointer              00000001800422e4 f   kernel32:KERNEL32.dll
 0001:000412ea       Sleep                      00000001800422ea f   kernel32:KERNEL32.dll
 0001:000412f0       TerminateProcess           00000001800422f0 f   kernel32:KERNEL32.dll
 0001:000412f6       GetCurrentProcess          00000001800422f6 f   kernel32:KERNEL32.dll
 0001:000412fc       UnhandledExceptionFilter   00000001800422fc f   kernel32:KERNEL32.dll
 0001:00041302       SetUnhandledExceptionFilter 0000000180042302 f   kernel32:KERNEL32.dll
 0001:00041308       IsDebuggerPresent          0000000180042308 f   kernel32:KERNEL32.dll
 0001:0004130e       RtlVirtualUnwind           000000018004230e f   kernel32:KERNEL32.dll
 0001:00041314       RtlLookupFunctionEntry     0000000180042314 f   kernel32:KERNEL32.dll
 0001:0004131a       RtlCaptureContext          000000018004231a f   kernel32:KERNEL32.dll
 0001:00041320       DisableThreadLibraryCalls  0000000180042320 f   kernel32:KERNEL32.dll
 0001:00041326       QueryPerformanceCounter    0000000180042326 f   kernel32:KERNEL32.dll
 0001:0004132c       GetTickCount               000000018004232c f   kernel32:KERNEL32.dll
 0001:00041332       GetCurrentThreadId         0000000180042332 f   kernel32:KERNEL32.dll
 0001:00041338       GetCurrentProcessId        0000000180042338 f   kernel32:KERNEL32.dll
 0001:0004133e       GetSystemTimeAsFileTime    000000018004233e f   kernel32:KERNEL32.dll
 0002:00000000       __imp_RtlLookupFunctionEntry 0000000180043000     kernel32:KERNEL32.dll
 0002:00000008       __imp_RtlVirtualUnwind     0000000180043008     kernel32:KERNEL32.dll
 0002:00000010       __imp_IsDebuggerPresent    0000000180043010     kernel32:KERNEL32.dll
 0002:00000018       __imp_SetUnhandledExceptionFilter 0000000180043018     kernel32:KERNEL32.dll
 0002:00000020       __imp_UnhandledExceptionFilter 0000000180043020     kernel32:KERNEL32.dll
 0002:00000028       __imp_GetCurrentProcess    0000000180043028     kernel32:KERNEL32.dll
 0002:00000030       __imp_TerminateProcess     0000000180043030     kernel32:KERNEL32.dll
 0002:00000038       __imp_Sleep                0000000180043038     kernel32:KERNEL32.dll
 0002:00000040       __imp_DecodePointer        0000000180043040     kernel32:KERNEL32.dll
 0002:00000048       __imp_EncodePointer        0000000180043048     kernel32:KERNEL32.dll
 0002:00000050       __imp_DisableThreadLibraryCalls 0000000180043050     kernel32:KERNEL32.dll
 0002:00000058       __imp_QueryPerformanceCounter 0000000180043058     kernel32:KERNEL32.dll
 0002:00000060       __imp_GetTickCount         0000000180043060     kernel32:KERNEL32.dll
 0002:00000068       __imp_GetCurrentThreadId   0000000180043068     kernel32:KERNEL32.dll
 0002:00000070       __imp_GetCurrentProcessId  0000000180043070     kernel32:KERNEL32.dll
 0002:00000078       __imp_GetSystemTimeAsFileTime 0000000180043078     kernel32:KERNEL32.dll
 0002:00000080       __imp_RtlCaptureContext    0000000180043080     kernel32:KERNEL32.dll
 0002:00000088       \177KERNEL32_NULL_THUNK_DATA 0000000180043088     kernel32:KERNEL32.dll
 0002:00000090       __imp__onexit              0000000180043090     MSVCRT:MSVCR100.dll
 0002:00000098       __imp__lock                0000000180043098     MSVCRT:MSVCR100.dll
 0002:000000a0       __imp___dllonexit          00000001800430a0     MSVCRT:MSVCR100.dll
 0002:000000a8       __imp__unlock              00000001800430a8     MSVCRT:MSVCR100.dll
 0002:000000b0       __imp___clean_type_info_names_internal 00000001800430b0     MSVCRT:MSVCR100.dll
 0002:000000b8       __imp___crt_debugger_hook  00000001800430b8     MSVCRT:MSVCR100.dll
 0002:000000c0       __imp___CppXcptFilter      00000001800430c0     MSVCRT:MSVCR100.dll
 0002:000000c8       __imp___C_specific_handler 00000001800430c8     MSVCRT:MSVCR100.dll
 0002:000000d0       __imp__amsg_exit           00000001800430d0     MSVCRT:MSVCR100.dll
 0002:000000d8       __imp__encoded_null        00000001800430d8     MSVCRT:MSVCR100.dll
 0002:000000e0       __imp__initterm_e          00000001800430e0     MSVCRT:MSVCR100.dll
 0002:000000e8       __imp__initterm            00000001800430e8     MSVCRT:MSVCR100.dll
 0002:000000f0       __imp__malloc_crt          00000001800430f0     MSVCRT:MSVCR100.dll
 0002:000000f8       __imp_ldexp                00000001800430f8     MSVCRT:MSVCR100.dll
 0002:00000100       __imp__setjmp              0000000180043100     MSVCRT:MSVCR100.dll
 0002:00000108       __imp_strrchr              0000000180043108     MSVCRT:MSVCR100.dll
 0002:00000110       __imp_ceil                 0000000180043110     MSVCRT:MSVCR100.dll
 0002:00000118       __imp_strncmp              0000000180043118     MSVCRT:MSVCR100.dll
 0002:00000120       __imp_longjmp              0000000180043120     MSVCRT:MSVCR100.dll
 0002:00000128       __imp_strncpy              0000000180043128     MSVCRT:MSVCR100.dll
 0002:00000130       __imp_memcpy               0000000180043130     MSVCRT:MSVCR100.dll
 0002:00000138       __imp_strcat               0000000180043138     MSVCRT:MSVCR100.dll
 0002:00000140       __imp_malloc               0000000180043140     MSVCRT:MSVCR100.dll
 0002:00000148       __imp_sprintf              0000000180043148     MSVCRT:MSVCR100.dll
 0002:00000150       __imp_free                 0000000180043150     MSVCRT:MSVCR100.dll
 0002:00000158       __imp_strcmp               0000000180043158     MSVCRT:MSVCR100.dll
 0002:00000160       __imp_memset               0000000180043160     MSVCRT:MSVCR100.dll
 0002:00000168       __imp_strlen               0000000180043168     MSVCRT:MSVCR100.dll
 0002:00000170       \177MSVCR100_NULL_THUNK_DATA 0000000180043170     MSVCRT:MSVCR100.dll
 0002:00000178       __imp_emlrtIsEnumR2009a    0000000180043178     libemlrt:libemlrt.dll
 0002:00000180       __imp_emlrtGetEnumUnderlyingArrayR2009a 0000000180043180     libemlrt:libemlrt.dll
 0002:00000188       __imp_emlrtTranslateUTF16MessagetoLCPstring 0000000180043188     libemlrt:libemlrt.dll
 0002:00000190       __imp_emlrtForLoopVectorIsValidR2011b 0000000180043190     libemlrt:libemlrt.dll
 0002:00000198       __imp_emlrtTranslateMessageIDtoLCPstring 0000000180043198     libemlrt:libemlrt.dll
 0002:000001a0       __imp_emlrtExtractMessageId 00000001800431a0     libemlrt:libemlrt.dll
 0002:000001a8       __imp_emlrtNameCapturePostProcessR2012a 00000001800431a8     libemlrt:libemlrt.dll
 0002:000001b0       __imp_emlrtImportVsFiArrayR2009b 00000001800431b0     libemlrt:libemlrt.dll
 0002:000001b8       __imp_emlrtCreateReference 00000001800431b8     libemlrt:libemlrt.dll
 0002:000001c0       __imp_emlrtGetEnumElementR2009a 00000001800431c0     libemlrt:libemlrt.dll
 0002:000001c8       __imp_emlrtCreateEnumR2012b 00000001800431c8     libemlrt:libemlrt.dll
 0002:000001d0       __imp_emlrtCheckEnumR2012b 00000001800431d0     libemlrt:libemlrt.dll
 0002:000001d8       __imp_emlrtCheckVsBuiltInR2012b 00000001800431d8     libemlrt:libemlrt.dll
 0002:000001e0       __imp_emlrtCheckBuiltInR2012b 00000001800431e0     libemlrt:libemlrt.dll
 0002:000001e8       __imp_emlrtDestroyRootTLS  00000001800431e8     libemlrt:libemlrt.dll
 0002:000001f0       __imp_emlrtCreateRootTLS   00000001800431f0     libemlrt:libemlrt.dll
 0002:000001f8       \177libemlrt_NULL_THUNK_DATA 00000001800431f8     libemlrt:libemlrt.dll
 0002:00000200       __imp_ssRegisterDataTypeFxpFSlopeFixExpBias 0000000180043200     libfixedpoint:libfixedpoint.dll
 0002:00000208       __imp_ssRegisterDataTypeFxpScaledDouble 0000000180043208     libfixedpoint:libfixedpoint.dll
 0002:00000210       \177libfixedpoint_NULL_THUNK_DATA 0000000180043210     libfixedpoint:libfixedpoint.dll
 0002:00000218       __imp_mexLock              0000000180043218     libmex:libmex.dll
 0002:00000220       __imp_mexMakeMemoryPersistent 0000000180043220     libmex:libmex.dll
 0002:00000228       __imp_mexFunctionName      0000000180043228     libmex:libmex.dll
 0002:00000230       __imp_mexUnlock            0000000180043230     libmex:libmex.dll
[...]
 0001:00017000       sf_mex_check_complex       0000000180018000 f   sfc_mex:sfc_mex.obj
 0001:00017090       sf_mex_check_sparse        0000000180018090 f   sfc_mex:sfc_mex.obj
 0001:000170f0       sf_mex_check_numerictype   00000001800180f0 f   sfc_mex:sfc_mex.obj
 0001:00017280       sf_mex_check_fimath        0000000180018280 f   sfc_mex:sfc_mex.obj
 0001:00017de0       size_mismatch_error        0000000180018de0 f   sfc_mex:sfc_mex.obj
 0001:00018850       check_array_dimensions     0000000180019850 f   sfc_mex:sfc_mex.obj
 0001:000188c0       check_input_mxarray        00000001800198c0 f   sfc_mex:sfc_mex.obj
 0001:00019000       sf_numeric_value_to_double 000000018001a000 f   sfc_mex:sfc_mex.obj
 0001:00019050       ml_generic_out_of_bounds_check 000000018001a050 f   sfc_mex:sfc_mex.obj
 0001:00019210       ml_get_element_value_from_array 000000018001a210 f   sfc_mex:sfc_mex.obj
 0001:000195b0       _ml_generic_castability_check 000000018001a5b0 f   sfc_mex:sfc_mex.obj
 0001:00019d00       ml_generic_castability_check 000000018001ad00 f   sfc_mex:sfc_mex.obj
 0001:00019da0       ml_check_mx_array_for_single_castability 000000018001ada0 f   sfc_mex:sfc_mex.obj
 0001:00019e40       ml_check_mx_array_for_logical_castability 000000018001ae40 f   sfc_mex:sfc_mex.obj
 0001:00019ee0       ml_check_mx_array_for_int8_castability 000000018001aee0 f   sfc_mex:sfc_mex.obj
 0001:00019f90       ml_check_mx_array_for_uint8_castability 000000018001af90 f   sfc_mex:sfc_mex.obj
 0001:00019ff0       ml_check_mx_array_for_int16_castability 000000018001aff0 f   sfc_mex:sfc_mex.obj
 0001:0001a050       ml_check_mx_array_for_uint16_castability 000000018001b050 f   sfc_mex:sfc_mex.obj
 0001:0001a0b0       ml_check_mx_array_for_int32_castability 000000018001b0b0 f   sfc_mex:sfc_mex.obj
 0001:0001a110       ml_check_mx_array_for_uint32_castability 000000018001b110 f   sfc_mex:sfc_mex.obj
 0001:0001a170       ml_check_mx_array_for_castability 000000018001b170 f   sfc_mex:sfc_mex.obj
 0001:0001a990       set_data_value             000000018001b990 f   sfc_mex:sfc_mex.obj
 0001:0001ad00       get_data_value             000000018001bd00 f   sfc_mex:sfc_mex.obj
 0001:0001ae10       get_next_element_address   000000018001be10 f   sfc_mex:sfc_mex.obj
 0001:0001aee0       sf_normalize_index         000000018001bee0 f   sfc_mex:sfc_mex.obj
 0001:0001b290       ml_array_index_bound_check 000000018001c290 f   sfc_mex:sfc_mex.obj
 0001:0001be10       mx_value                   000000018001ce10 f   sfc_mex:sfc_mex.obj
 0001:0001be60       sf_create_numeric_array    000000018001ce60 f   sfc_mex:sfc_mex.obj
 0001:0001bf00       sf_mex_assign_to_mx_array  000000018001cf00 f   sfc_mex:sfc_mex.obj
 0001:0001c270       assign_from_mx_array       000000018001d270 f   sfc_mex:sfc_mex.obj
 0001:0001c9d0       sf_mex_import_v            000000018001d9d0 f   sfc_mex:sfc_mex.obj
 0001:0001d0e0       get_machine_and_chart_file_number 000000018001e0e0 f   sfc_mex:sfc_sf.obj
 0001:0001d1d0       get_sfun_block_specialization 000000018001e1d0 f   sfc_mex:sfc_sf.obj
 0001:0001d280       call_sf_machine_global_method_dispatcher 000000018001e280 f   sfc_mex:sfc_sf.obj
 0001:0001d4d0       mdl_zeroCrossings_processing 000000018001e4d0 f   sfc_mex:sfc_sf.obj
 0001:0001d5b0       mdl_derivatives_processing 000000018001e5b0 f   sfc_mex:sfc_sf.obj
 0001:0001d890       mdl_outputs_continuous_legacy 000000018001e890 f   sfc_mex:sfc_sf.obj
 0001:0001d910       mdl_outputs_processing     000000018001e910 f   sfc_mex:sfc_sf.obj
 0001:0001db80       mdl_enable_processing      000000018001eb80 f   sfc_mex:sfc_sf.obj
 0001:0001dc60       mdl_disable_processing     000000018001ec60 f   sfc_mex:sfc_sf.obj
 0001:0001eaf0       sf_call_output_fcn_enable_disable 000000018001faf0 f   sfc_mex:sfc_sf.obj
 0001:0001ed70       set_dwork_information_from_mx_array 000000018001fd70 f   sfc_mex:sfc_sf.obj
 0001:0001f660       ptr2mxStruct               0000000180020660 f   sfc_mex:sfc_sf.obj
 0001:0001f970       SNPRINTF_WRAPPER           0000000180020970 f   sfc_debug:sfcdebug.obj
 0001:0001f9a0       sf_debug_chart_instance_initialized 00000001800209a0 f   sfc_debug:sfcdebug.obj
 0001:0001fb40       sfrtAddSize                0000000180020b40 f   sfc_debug:sfcdebug.obj
 0001:0001fc00       sfrtGenSizeString          0000000180020c00 f   sfc_debug:sfcdebug.obj
 0001:00020350       fill_single_message_info   0000000180021350 f   sfc_debug:sfcdebug.obj
 0001:000205d0       sf_debug_sim_status_listener 00000001800215d0 f   sfc_debug:sfcdebug.obj
 0001:00020b60       sf_debug_form_mask_bits    0000000180021b60 f   sfc_debug:sfcdebug.obj
 0001:00020b80       sf_debug_form_sf_data_type_offsets 0000000180021b80 f   sfc_debug:sfcdebug.obj
 0001:00020c40       sf_debug_free_all          0000000180021c40 f   sfc_debug:sfcdebug.obj
 0001:00020dd0       sf_debug_append_debugger_context 0000000180021dd0 f   sfc_debug:sfcdebug.obj
 0001:00021140       local_strdup               0000000180022140 f   sfc_debug:sfcdebug.obj
 0001:000220c0       sf_debug_em_terminate      00000001800230c0 f   sfc_debug:sfcdebug.obj
 0001:00022100       sf_debug_push_eml_function 0000000180023100 f   sfc_debug:sfcdebug.obj
 0001:000221a0       sf_debug_pop_eml_function  00000001800231a0 f   sfc_debug:sfcdebug.obj
 0001:00022e40       sf_debug_get_machine_number_from_id_or_name 0000000180023e40 f   sfc_debug:sfcdebug.obj
 0001:00022f90       sf_debug_get_chart_number_from_id 0000000180023f90 f   sfc_debug:sfcdebug.obj
 0001:00023d70       sf_debug_transfer_control_to_debugger_GUI 0000000180024d70 f   sfc_debug:sfcdebug.obj
 0001:00024ce0       sf_debug_scripts_rehash    0000000180025ce0 f   sfc_debug:sfcdebug.obj
 0001:00024ef0       sf_debug_get_script_line_count 0000000180025ef0 f   sfc_debug:sfcdebug.obj
 0001:00025940       cv_eml_state_cvId          0000000180026940 f   sfc_debug:sfcdebug.obj
 0001:000259b0       cv_eml_trans_cvId          00000001800269b0 f   sfc_debug:sfcdebug.obj
 0001:00026e30       sf_debug_data_array_bounds_error 0000000180027e30 f   sfc_debug:sfcdebug.obj
 0001:000271e0       eml_debug_runtime_error_doclink 00000001800281e0 f   sfc_debug:sfcdebug.obj
 0001:00027350       sf_debug_runtime_error     0000000180028350 f   sfc_debug:sfcdebug.obj
 0001:000273c0       sf_debug_matlab_error      00000001800283c0 f   sfc_debug:sfcdebug.obj
 0001:00027d30       sf_debug_data_value_error  0000000180028d30 f   sfc_debug:sfcdebug.obj
 0001:00028600       sf_debug_data_loss_error   0000000180029600 f   sfc_debug:sfcdebug.obj
 0001:00029520       call_cv_range_check        000000018002a520 f   sfc_debug:sfcdebug.obj
 0001:00029d80       sf_debug_invoke_cycle_detection_code 000000018002ad80 f   sfc_debug:sfcdebug.obj
 0001:0002a8f0       sf_reset_debug_info_struct 000000018002b8f0 f   sfc_debug:sfcdebug.obj
 0001:0002b0e0       cv_script_cvId             000000018002c0e0 f   sfc_debug:sfcdebug.obj
 0001:0002c2a0       sfc_api_chart_visible      000000018002d2a0 f   sfc_debug:sfc_api.obj
 0001:0002c330       sfc_api_active_instance    000000018002d330 f   sfc_debug:sfc_api.obj
 0001:0002c3c0       sfc_api_machine_load       000000018002d3c0 f   sfc_debug:sfc_api.obj
 0001:0002c4b0       sfc_api_debugger_alive     000000018002d4b0 f   sfc_debug:sfc_api.obj
 0001:0002c4c0       sfc_api_go                 000000018002d4c0 f   sfc_debug:sfc_api.obj
 0001:0002c4d0       sfc_api_step_over          000000018002d4d0 f   sfc_debug:sfc_api.obj
 0001:0002c4e0       sfc_api_step_out           000000018002d4e0 f   sfc_debug:sfc_api.obj
 0001:0002c4f0       sfc_api_resume             000000018002d4f0 f   sfc_debug:sfc_api.obj
 0001:0002c500       sfc_api_break              000000018002d500 f   sfc_debug:sfc_api.obj
 0001:0002c510       sfc_api_stop_debugging     000000018002d510 f   sfc_debug:sfc_api.obj
 0001:0002c570       sfc_api_is_cycle_detected  000000018002d570 f   sfc_debug:sfc_api.obj
 0001:0002c5d0       sfc_api_is_array_bounds_detected 000000018002d5d0 f   sfc_debug:sfc_api.obj
 0001:0002c630       sfc_api_set_disable_all_breakpoints 000000018002d630 f   sfc_debug:sfc_api.obj
 0001:0002c6b0       sfc_api_disable_all_breakpoints_and_go 000000018002d6b0 f   sfc_debug:sfc_api.obj
 0001:0002c6c0       sfc_api_close              000000018002d6c0 f   sfc_debug:sfc_api.obj
 0001:0002c6d0       sfc_api_browse_data        000000018002d6d0 f   sfc_debug:sfc_api.obj
 0001:0002c750       sfc_api_watch_data         000000018002d750 f   sfc_debug:sfc_api.obj
 0001:0002c860       sfc_api_extract_message_post_receive_info 000000018002d860 f   sfc_debug:sfc_api.obj
 0001:0002c880       sfc_api_assign_data        000000018002d880 f   sfc_debug:sfc_api.obj
 0001:0002c930       sfc_api_whos               000000018002d930 f   sfc_debug:sfc_api.obj
 0001:0002c9c0       sfc_api_get_consistency_info 000000018002d9c0 f   sfc_debug:sfc_api.obj
 0001:0002c9d0       sfc_api_browse_trace       000000018002d9d0 f   sfc_debug:sfc_api.obj
 0001:0002c9e0       sfc_api_break_on_chart_entry 000000018002d9e0 f   sfc_debug:sfc_api.obj
 0001:0002ca10       sfc_api_break_on_event_broadcast 000000018002da10 f   sfc_debug:sfc_api.obj
 0001:0002ca40       sfc_api_break_on_state_entry 000000018002da40 f   sfc_debug:sfc_api.obj
 0001:0002ca70       sfc_api_set_watch          000000018002da70 f   sfc_debug:sfc_api.obj
 0001:0002cb20       sfc_api_set_breakpoints    000000018002db20 f   sfc_debug:sfc_api.obj
 0001:0002cbe0       sfc_api_set_eml_breakpoints 000000018002dbe0 f   sfc_debug:sfc_api.obj
 0001:0002cc80       sfc_api_set_script_breakpoints 000000018002dc80 f   sfc_debug:sfc_api.obj
 0001:0002cce0       sfc_api_add_script_breakpoints 000000018002dce0 f   sfc_debug:sfc_api.obj
 0001:0002cd40       sfc_api_clear_script_breakpoints 000000018002dd40 f   sfc_debug:sfc_api.obj
 0001:0002cda0       sfc_api_query_script_breakpoints 000000018002dda0 f   sfc_debug:sfc_api.obj
 0001:0002ce10       sfc_api_get_script_id      000000018002de10 f   sfc_debug:sfc_api.obj
 0001:0002ced0       sfc_api_get_active_states  000000018002ded0 f   sfc_debug:sfc_api.obj
 0001:0002cf60       sfc_api_break_between_times 000000018002df60 f   sfc_debug:sfc_api.obj
 0001:0002cfd0       sfc_api_get_instance_handle 000000018002dfd0 f   sfc_debug:sfc_api.obj
 0001:0002d0a0       sfc_api_set_animation      000000018002e0a0 f   sfc_debug:sfc_api.obj
 0001:0002d0f0       sfc_api_select_chart       000000018002e0f0 f   sfc_debug:sfc_api.obj
 0001:0002d160       sfc_api_select_charts      000000018002e160 f   sfc_debug:sfc_api.obj
 0001:0002d190       sfc_api_cycle_detection_check 000000018002e190 f   sfc_debug:sfc_api.obj
 0001:0002d1e0       sfc_api_data_range_check   000000018002e1e0 f   sfc_debug:sfc_api.obj
 0001:0002d230       sfc_api_transition_conflict_check 000000018002e230 f   sfc_debug:sfc_api.obj
 0001:0002d280       sfc_api_state_consistency_check 000000018002e280 f   sfc_debug:sfc_api.obj
 0001:0002d2d0       sfc_api_set_instance_cv_ids 000000018002e2d0 f   sfc_debug:sfc_api.obj
 0001:0002d400       sfc_api_set_script_cv_ids  000000018002e400 f   sfc_debug:sfc_api.obj
 0001:0002d4d0       sfc_api_get_current_machine_id 000000018002e4d0 f   sfc_debug:sfc_api.obj
 0001:0002d500       sfc_api_get_current_machine_number 000000018002e500 f   sfc_debug:sfc_api.obj
 0001:0002d530       sfc_api_get_current_chart_number 000000018002e530 f   sfc_debug:sfc_api.obj
 0001:0002d560       sfc_api_get_current_instance_number 000000018002e560 f   sfc_debug:sfc_api.obj
 0001:0002d590       sfc_api_get_current_instance_handle 000000018002e590 f   sfc_debug:sfc_api.obj
 0001:0002d5b0       sfc_api_get_current_is_minor_time_step 000000018002e5b0 f   sfc_debug:sfc_api.obj
 0001:0002d5e0       sfc_api_get_current_machine_name 000000018002e5e0 f   sfc_debug:sfc_api.obj
 0001:0002d600       sfc_api_get_current_chart_id 000000018002e600 f   sfc_debug:sfc_api.obj
 0001:0002d630       sfc_api_get_current_object_type 000000018002e630 f   sfc_debug:sfc_api.obj
 0001:0002d660       sfc_api_get_current_event_type 000000018002e660 f   sfc_debug:sfc_api.obj
 0001:0002d690       sfc_api_get_current_object_id 000000018002e690 f   sfc_debug:sfc_api.obj
 0001:0002d6c0       sfc_get_current_active_event_type 000000018002e6c0 f   sfc_debug:sfc_api.obj
 0001:0002d6f0       sfc_api_get_current_active_event_id 000000018002e6f0 f   sfc_debug:sfc_api.obj
 0001:0002d720       sfc_api_get_current_simulation_time 000000018002e720 f   sfc_debug:sfc_api.obj
 0001:0002d740       sfc_get_current_tag_type   000000018002e740 f   sfc_debug:sfc_api.obj
 0001:0002d770       sfc_get_current_coverage_percentage 000000018002e770 f   sfc_debug:sfc_api.obj
 0001:0002d790       sfc_get_current_statement_context 000000018002e790 f   sfc_debug:sfc_api.obj
 0001:0002d7b0       sfc_get_current_optional_integer 000000018002e7b0 f   sfc_debug:sfc_api.obj
 0001:0002d7e0       sfc_get_current_statement_info 000000018002e7e0 f   sfc_debug:sfc_api.obj
 0001:0002d880       sfc_api_get                000000018002e880 f   sfc_debug:sfc_api.obj
 0001:0002e4e0       sf_debug_sm_fill_state_activity_data 000000018002f4e0 f   sfc_debug:sfdb_animation.obj
 0001:00030d20       void_ptr_stack_vector_free_total 0000000180031d20 f   sfc_debug:sfdb_data_browse.obj
 0001:00030da0       sf_debug_st_terminate_machine 0000000180031da0 f   sfc_debug:sfdb_data_browse.obj
 0001:00030de0       sf_debug_st_terminate_instance 0000000180031de0 f   sfc_debug:sfdb_data_browse.obj
 0001:00031190       push_on_to_void_ptr_stack  0000000180032190 f   sfc_debug:sfdb_data_browse.obj
 0001:00031320       pop_from_void_ptr_stack    0000000180032320 f   sfc_debug:sfdb_data_browse.obj
 0001:00031450       sf_debug_st_get_data_value 0000000180032450 f   sfc_debug:sfdb_data_browse.obj
 0001:00031980       mx_value                   0000000180032980 f   sfc_debug:sfdb_data_browse.obj
 0001:000319c0       sf_debug_st_fill_data_struct 00000001800329c0 f   sfc_debug:sfdb_data_browse.obj
 0001:00031d00       data_type_format_strings   0000000180032d00 f   sfc_debug:sfdb_data_browse.obj
 0001:00031db0       sf_debug_st_fill_data      0000000180032db0 f   sfc_debug:sfdb_data_browse.obj
 0001:00032aa0       sf_debug_hm_get_simulink_handle 0000000180033aa0 f   sfc_debug:sfdb_handle_management.obj
 0001:00033550       sf_debug_hm_initialize_globals 0000000180034550 f   sfc_debug:sfdb_handle_management.obj
 0001:00033650       sf_debug_hm_get_machine_debug_flag 0000000180034650 f   sfc_debug:sfdb_handle_management.obj
 0001:000337c0       sf_debug_hm_get_machine_id 00000001800347c0 f   sfc_debug:sfdb_handle_management.obj
 0001:000338e0       sf_debug_hm_get_chart_id   00000001800348e0 f   sfc_debug:sfdb_handle_management.obj
 0001:00033a80       sf_debug_hm_register_executing_SFunction 0000000180034a80 f   sfc_debug:sfdb_handle_management.obj
 0001:00033e10       sf_debug_hm_form_object_boolean_properties 0000000180034e10 f   sfc_debug:sfdb_handle_management.obj
 0001:000340e0       sf_debug_hm_form_object_properties 00000001800350e0 f   sfc_debug:sfdb_handle_management.obj
 0001:00034320       sf_debug_hm_terminate_charts 0000000180035320 f   sfc_debug:sfdb_handle_management.obj
 0001:00034a00       sf_debug_hm_terminate_machines 0000000180035a00 f   sfc_debug:sfdb_handle_management.obj
 0001:00036470       sf_debug_ss_copy_dimension 0000000180037470 f   sfc_debug:sfdb_symbol_scope.obj
 0001:00036530       sf_debug_ss_get_number_elements 0000000180037530 f   sfc_debug:sfdb_symbol_scope.obj
 0001:00036550       sf_debug_ss_fill_data_struct 0000000180037550 f   sfc_debug:sfdb_symbol_scope.obj
 0001:000368a0       sf_debug_ss_reset_data_info 00000001800378a0 f   sfc_debug:sfdb_symbol_scope.obj
 0001:00036900       sf_debug_fill_data_info_by_symbol_scope_entry 0000000180037900 f   sfc_debug:sfdb_symbol_scope.obj
 0001:000369c0       sf_debug_fill_data_info_by_data_vector 00000001800379c0 f   sfc_debug:sfdb_symbol_scope.obj
 0001:00036c10       get_data_info_helper       0000000180037c10 f   sfc_debug:sfdb_symbol_scope.obj
 0001:00036f00       sf_debug_ss_get_data_info  0000000180037f00 f   sfc_debug:sfdb_symbol_scope.obj
 0001:00037120       sf_debug_select_mex_function 0000000180038120 f   sfc_debug:sfdb_symbol_scope.obj
 0001:00037150       sf_debug_is_dyn_matrix_initialized 0000000180038150 f   sfc_debug:sfdb_symbol_scope.obj
 0001:00037170       sf_debug_ss_set_data_value_try 0000000180038170 f   sfc_debug:sfdb_symbol_scope.obj
 0001:00037360       sf_debug_ss_get_data_value 0000000180038360 f   sfc_debug:sfdb_symbol_scope.obj
 0001:00037ac0       sf_debug_ss_data_bytes_string 0000000180038ac0 f   sfc_debug:sfdb_symbol_scope.obj
 0001:00037b50       sf_debug_ss_data_class_string 0000000180038b50 f   sfc_debug:sfdb_symbol_scope.obj
 0001:00037ed0       sf_debug_ss_data_size_string 0000000180038ed0 f   sfc_debug:sfdb_symbol_scope.obj
 0001:00037fb0       sf_debug_ss_data_create_data_info_struct 0000000180038fb0 f   sfc_debug:sfdb_symbol_scope.obj
 0001:00038260       sf_debug_ss_data_create_name_value_pair 0000000180039260 f   sfc_debug:sfdb_symbol_scope.obj
 0001:00038300       sf_debug_ss_data_get_whos_info 0000000180039300 f   sfc_debug:sfdb_symbol_scope.obj
 0001:00038310       same_named_data_in_data_array 0000000180039310 f   sfc_debug:sfdb_symbol_scope.obj
 0001:00039aa0       sf_debug_cc_terminate_chart 000000018003aaa0 f   sfc_debug:sfdb_coverage.obj
 0001:00039db0       sf_debug_cc_terminate_instance 000000018003adb0 f   sfc_debug:sfdb_coverage.obj
 0001:0003a980       sf_debug_cc_mark_object_if_needed 000000018003b980 f   sfc_debug:sfdb_coverage.obj
 0001:0003b200       sf_debug_bm_initialize_eml 000000018003c200 f   sfc_debug:sfdb_breakpoints.obj
 0001:0003c2c0       sf_debug_bm_map_debug_tag_to_breakpoint_tag 000000018003d2c0 f   sfc_debug:sfdb_breakpoints.obj
 0001:0003c3a0       sf_debug_bm_is_a_eml_breakpoint_impl 000000018003d3a0 f   sfc_debug:sfdb_breakpoints.obj
 0001:0003dcd0       sf_debug_sc_push_on_error_stack 000000018003ecd0 f   sfc_debug:sfdb_state_consistency.obj
 0001:0003ddf0       sf_debug_sc_reset_error_stack 000000018003edf0 f   sfc_debug:sfdb_state_consistency.obj
 0001:0003df80       sf_debug_sc_is_state_inconsistent 000000018003ef80 f   sfc_debug:sfdb_state_consistency.obj
 0001:0003e270       sf_debug_sc_fill_consistency_info 000000018003f270 f   sfc_debug:sfdb_state_consistency.obj
 0001:0003e810       void_assertion_fcn         000000018003f810 f   sfc_debug:sfdb_call_stack.obj
 0001:0003ed60       sf_debug_tm_fill_local_trace 000000018003fd60 f   sfc_debug:sfdb_call_stack.obj
 0001:0003f300       sf_debug_cd_terminate_instance 0000000180040300 f   sfc_debug:sfdb_cycle_detection.obj
 0001:0003f360       sf_debug_cd_free_checksum_stack 0000000180040360 f   sfc_debug:sfdb_cycle_detection.obj
 0001:0003f3b0       sf_debug_cd_reset_pack_strings 00000001800403b0 f   sfc_debug:sfdb_cycle_detection.obj
 0001:0003fa50       md5file_clear              0000000180040a50 f   sfc_debug:ckmd5.obj
 0001:0003fa80       Encode                     0000000180040a80 f   sfc_debug:ckmd5.obj
 0001:0003fad0       Decode                     0000000180040ad0 f   sfc_debug:ckmd5.obj
 0001:0003fb70       MD5Transform               0000000180040b70 f   sfc_debug:ckmd5.obj
 0001:000403d0       md5file_addn               00000001800413d0 f   sfc_debug:ckmd5.obj
 0001:000404a0       md5file_hash               00000001800414a0 f   sfc_debug:ckmd5.obj
 0001:00040a04       pre_c_init                 0000000180041a04 f   MSVCRT:crtdll.obj
 0001:00040cc0       __DllMainCRTStartup        0000000180041cc0 f   MSVCRT:crtdll.obj
 0001:00041350       __DllMainCRTStartup$filt$0 0000000180042350 f   MSVCRT:crtdll.obj
 0001:00041380       __DllMainCRTStartup$fin$1  0000000180042380 f   MSVCRT:crtdll.obj
 0001:0004139a       _onexit$fin$0              000000018004239a f   MSVCRT:atonexit.obj
 0001:000413c0       _IsNonwritableInCurrentImage$filt$0 00000001800423c0 f   MSVCRT:pesect.obj
